******************************************************************************
                  TI ARM Linker PC v16.9.4                     
******************************************************************************
>> Linked Fri Mar 23 11:22:37 2018

OUTPUT FILE NAME:   <USR wlan ap test 3.11 FINAL.out>
ENTRY POINT SYMBOL: "_c_int00"  address: 2000b47d


MEMORY CONFIGURATION

         name            origin    length      used     unused   attr    fill
----------------------  --------  ---------  --------  --------  ----  --------
  SRAM_CODE             20004000   00013000  0000859c  0000aa64  RW X
  SRAM_DATA             20017000   00019000  0000126b  00017d95  RW X


SEGMENT ALLOCATION MAP

run origin  load origin   length   init length attrs members
----------  ----------- ---------- ----------- ----- -------
20004000    20004000    000085a0   000085a0    r-x
  20004000    20004000    00000400   00000400    r-- .intvecs
  20004400    20004400    00007b5c   00007b5c    r-x .text
  2000bf5c    2000bf5c    000005e8   000005e8    r-- .const
  2000c548    2000c548    00000058   00000058    r-- .cinit
20017000    20017000    00000a6c   00000000    rw-
  20017000    20017000    00000800   00000000    rw- .sysmem
  20017800    20017800    000001d3   00000000    rw- .bss
  200179d4    200179d4    00000098   00000000    rw- .data
2002f800    2002f800    00000800   00000000    rw-
  2002f800    2002f800    00000800   00000000    rw- .stack


SECTION ALLOCATION MAP

 output                                  attributes/
section   page    origin      length       input sections
--------  ----  ----------  ----------   ----------------
.intvecs   0    20004000    00000400     
                  20004000    00000400     startup_ccs.obj (.intvecs)

.init_array 
*          0    20004000    00000000     UNINITIALIZED

.text      0    20004400    00007b5c     
                  20004400    00001122     rtsv7M4_T_le_eabi.lib : _printfi.obj (.text)
                  20005522    00000002     driverlib.a : interrupt.obj (.text:IntDefaultHandler)
                  20005524    00000c8c     main.obj (.text)
                  200061b0    00000590     simplelink.a : driver.obj (.text:_SlDrvMsgRead)
                  20006740    000003d0     rtsv7M4_T_le_eabi.lib : memory.obj (.text)
                  20006b10    00000280     uart_if.obj (.text)
                  20006d90    0000024c     simplelink.a : driver.obj (.text:_SlDrvRxHdrRead)
                  20006fdc    000001f4     rtsv7M4_T_le_eabi.lib : ull_div_t2.obj (.text)
                  200071d0    000001d0     simplelink.a : driver.obj (.text:_SlDrvReleasePoolObj)
                  200073a0    000001b6     rtsv7M4_T_le_eabi.lib : fd_add_t2.obj (.text)
                  20007556    00000002                           : mpu_init.obj (.text)
                  20007558    000001b4     simplelink.a : driver.obj (.text:_SlDrvDriverCBInit)
                  2000770c    0000019c                  : driver.obj (.text:_SlDrvMsgWrite)
                  200078a8    00000198     timer_if.obj (.text)
                  20007a40    00000190     simplelink.a : driver.obj (.text:_SlDrvWaitForPoolObj)
                  20007bd0    00000178     driverlib.a : prcm.obj (.text:PRCMCC3200MCUInit)
                  20007d48    00000170     simplelink.a : driver.obj (.text:_SlFindAndSetActiveObj)
                  20007eb8    00000148                  : cc_pal.obj (.text:spi_Open)
                  20008000    00000144                  : driver.obj (.text:_SlDrvMsgReadCmdCtx)
                  20008144    00000136     rtsv7M4_T_le_eabi.lib : fd_div_t2.obj (.text)
                  2000827a    00000002                           : startup.obj (.text)
                  2000827c    00000130     simplelink.a : driver.obj (.text:_SlDrvDriverCBDeinit)
                  200083ac    00000104                  : netapp.obj (.text:_SlDrvNetAppEventHandler)
                  200084b0    000000fc     rtsv7M4_T_le_eabi.lib : fd_mul_t2.obj (.text)
                  200085ac    000000f0     simplelink.a : device.obj (.text:sl_Stop)
                  2000869c    000000f0                  : cc_pal.obj (.text:spi_Read)
                  2000878c    000000f0     driverlib.a : udma.obj (.text:uDMAChannelTransferSet)
                  2000887c    000000ec     simplelink.a : device.obj (.text:sl_Start)
                  20008968    000000e8                  : driver.obj (.text:_SlAsyncEventGenericHandler)
                  20008a50    000000e8                  : driver.obj (.text:_SlDrvMsgReadSpawnCtx)
                  20008b38    000000e4     pin_mux_config.obj (.text)
                  20008c1c    000000e4     simplelink.a : netapp.obj (.text:sl_NetAppMDNSRegisterUnregisterService)
                  20008d00    000000dc                  : driver.obj (.text:_SlDrvClassifyRxMsg)
                  20008ddc    000000d8                  : netcfg.obj (.text:sl_NetCfgGet)
                  20008eb4    000000d4     utils_if.obj (.text)
                  20008f88    000000d0     rtsv7M4_T_le_eabi.lib : s_scalbn.obj (.text)
                  20009058    000000cc     simplelink.a : netapp.obj (.text:_sl_HandleAsync_DnsGetHostByService)
                  20009124    000000cc                  : device.obj (.text:sl_DevGet)
                  200091f0    000000cc                  : wlan.obj (.text:sl_WlanGet)
                  200092bc    000000c4                  : driver.obj (.text:_SlRemoveFromList)
                  20009380    000000c0                  : driver.obj (.text:_SlDrvCmdOp)
                  20009440    000000b0                  : nonos.obj (.text:_SlNonOsSemGet)
                  200094f0    000000a8     driverlib.a : interrupt.obj (.text:IntDisable)
                  20009598    000000a8                 : interrupt.obj (.text:IntEnable)
                  20009640    000000a4     simplelink.a : driver.obj (.text:_SlDriverHandleError)
                  200096e4    000000a0     driverlib.a : spi.obj (.text:SPIConfigSetExpClk)
                  20009784    0000009c     rtsv7M4_T_le_eabi.lib : memcpy_t2.obj (.text)
                  20009820    0000009a     simplelink.a : device.obj (.text:_SlDrvDeviceEventHandler)
                  200098ba    00000002     --HOLE-- [fill = 0]
                  200098bc    00000098                  : netcfg.obj (.text:sl_NetCfgSet)
                  20009954    00000098                  : wlan.obj (.text:sl_WlanSet)
                  200099ec    00000098                  : cc_pal.obj (.text:spi_Write)
                  20009a84    00000094     driverlib.a : prcm.obj (.text:PRCMPeripheralClockGet)
                  20009b18    00000092     rtsv7M4_T_le_eabi.lib : fs_div_t2.obj (.text)
                  20009baa    00000002     --HOLE-- [fill = 0]
                  20009bac    00000090     simplelink.a : netapp.obj (.text:_sl_HandleAsync_DnsGetHostByName)
                  20009c3c    00000090                  : netapp.obj (.text:_sl_HandleAsync_PingResponse)
                  20009ccc    00000090                  : wlan.obj (.text:sl_WlanPolicySet)
                  20009d5c    0000008c                  : cc_pal.obj (.text:SetupDMAReceive)
                  20009de8    0000008c                  : cc_pal.obj (.text:SetupDMASend)
                  20009e74    0000008c                  : driver.obj (.text:_SlDrvIsTimeoutExpired)
                  20009f00    0000008c                  : device.obj (.text:_sl_HandleAsync_InitComplete)
                  20009f8c    00000088     driverlib.a : prcm.obj (.text:PRCMHibernateIntervalSet)
                  2000a014    00000088                 : pin.obj (.text:PinConfigSet)
                  2000a09c    00000088     rtsv7M4_T_le_eabi.lib : vsnprintf.obj (.text)
                  2000a124    00000086                           : fd_cmp_t2.obj (.text:__aeabi_cdcmple)
                  2000a1aa    00000086                           : fd_cmp_t2.obj (.text:__aeabi_cdrcmple)
                  2000a230    00000084     simplelink.a : wlan.obj (.text:sl_WlanRxFilterSet)
                  2000a2b4    00000080                  : socket.obj (.text:_sl_HandleAsync_Connect)
                  2000a334    00000080                  : cc_pal.obj (.text:spi_Read_CPU)
                  2000a3b4    00000080                  : cc_pal.obj (.text:spi_Write_CPU)
                  2000a434    0000007a     rtsv7M4_T_le_eabi.lib : fs_mul_t2.obj (.text)
                  2000a4ae    0000007a                           : memset_t2.obj (.text)
                  2000a528    00000078     simplelink.a : cc_pal.obj (.text:spi_Close)
                  2000a5a0    00000076     driverlib.a : uart.obj (.text:UARTConfigSetExpClk)
                  2000a616    00000002     --HOLE-- [fill = 0]
                  2000a618    00000074     simplelink.a : nonos.obj (.text:_SlNonOsMainLoopTask)
                  2000a68c    00000070     driverlib.a : hwspinlock.obj (.text:HwSpinLockTryAcquire)
                  2000a6fc    00000070                 : timer.obj (.text:TimerIntRegister)
                  2000a76c    00000070     rtsv7M4_T_le_eabi.lib : autoinit.obj (.text)
                  2000a7dc    0000006e                           : fd_tos_t2.obj (.text)
                  2000a84a    00000002     --HOLE-- [fill = 0]
                  2000a84c    0000006c     simplelink.a : driver.obj (.text:_SlDrvCmdSend)
                  2000a8b8    0000006c                  : netapp.obj (.text:_sl_NetAppSendTokenValue)
                  2000a924    00000068     driverlib.a : timer.obj (.text:TimerIntUnregister)
                  2000a98c    00000068     rtsv7M4_T_le_eabi.lib : copy_decompress_lzss.obj (.text:decompress:lzss)
                  2000a9f4    00000064     simplelink.a : nonos.obj (.text:_SlNonOsSpawn)
                  2000aa58    00000064                  : socket.obj (.text:_sl_HandleAsync_Accept)
                  2000aabc    00000064                  : netapp.obj (.text:sl_NetAppMDNSUnRegisterService)
                  2000ab20    00000064     driverlib.a : udma.obj (.text:uDMAChannelAttributeDisable)
                  2000ab84    00000064                 : udma.obj (.text:uDMAChannelAttributeEnable)
                  2000abe8    00000060     simplelink.a : wlan.obj (.text:sl_WlanProfileDel)
                  2000ac48    00000060                  : wlan.obj (.text:sl_WlanSetMode)
                  2000aca8    0000005c     rtsv7M4_T_le_eabi.lib : s_frexp.obj (.text)
                  2000ad04    00000058     driverlib.a : interrupt.obj (.text:IntPendClear)
                  2000ad5c    00000058                 : prcm.obj (.text:PRCMPeripheralReset)
                  2000adb4    00000054                 : interrupt.obj (.text:IntPrioritySet)
                  2000ae08    00000054     simplelink.a : driver.obj (.text:_SlDrvRxIrqHandler)
                  2000ae5c    00000054                  : socket.obj (.text:_sl_HandleAsync_Select)
                  2000aeb0    00000054     rtsv7M4_T_le_eabi.lib : exit.obj (.text)
                  2000af04    00000054                           : ltoa.obj (.text)
                  2000af58    00000050     simplelink.a : device.obj (.text:_sl_HandleAsync_Stop)
                  2000afa8    00000050     rtsv7M4_T_le_eabi.lib : fs_toull_t2.obj (.text)
                  2000aff8    0000004c     driverlib.a : hwspinlock.obj (.text:HwSpinLockRelease)
                  2000b044    0000004c                 : spi.obj (.text:SPIIntEnable)
                  2000b090    0000004c                 : spi.obj (.text:SPIIntNumberGet)
                  2000b0dc    0000004c     simplelink.a : driver.obj (.text:_SlDrvProtectAsyncRespSetting)
                  2000b128    0000004c     rtsv7M4_T_le_eabi.lib : atoi.obj (.text)
                  2000b174    0000004c                           : cpy_tbl.obj (.text)
                  2000b1c0    0000004c     driverlib.a : udma.obj (.text:uDMAChannelAssign)
                  2000b20c    00000048                 : prcm.obj (.text:PRCMHibernateWakeupSourceEnable)
                  2000b254    00000048                 : spi.obj (.text:SPIIntClear)
                  2000b29c    00000048     simplelink.a : driver.obj (.text:_SlDrvBasicCmd)
                  2000b2e4    00000048     rtsv7M4_T_le_eabi.lib : fd_toi_t2.obj (.text)
                  2000b32c    00000044     driverlib.a : spi.obj (.text:SPIDmaMaskGet)
                  2000b370    00000044                 : timer.obj (.text:TimerConfigure)
                  2000b3b4    00000044     simplelink.a : driver.obj (.text:_SlDrvSyncObjWaitTimeout)
                  2000b3f8    00000044                  : cc_pal.obj (.text:cc_SetupTransfer)
                  2000b43c    00000040     driverlib.a : pin.obj (.text:PinModeSet)
                  2000b47c    00000040     rtsv7M4_T_le_eabi.lib : boot.obj (.text)
                  2000b4bc    0000003e     simplelink.a : cc_pal.obj (.text:NwpRegisterInterruptHandler)
                  2000b4fa    0000003c                  : netapp.obj (.text:CopyPingResultsToReport)
                  2000b536    00000002     --HOLE-- [fill = 0]
                  2000b538    0000003c     driverlib.a : prcm.obj (.text:PRCMPeripheralClkEnable)
                  2000b574    0000003c     simplelink.a : cc_pal.obj (.text:simplelink_timerA2_start)
                  2000b5b0    0000003c     driverlib.a : udma.obj (.text:uDMAChannelControlSet)
                  2000b5ec    00000038     simplelink.a : cc_pal.obj (.text:NwpPowerOff)
                  2000b624    00000038     rtsv7M4_T_le_eabi.lib : fs_tod_t2.obj (.text)
                  2000b65c    00000038     simplelink.a : wlan.obj (.text:sl_WlanDisconnect)
                  2000b694    00000036     driverlib.a : gpio.obj (.text:GPIODirModeSet)
                  2000b6ca    00000036                 : timer.obj (.text:TimerControlStall)
                  2000b700    00000034                 : prcm.obj (.text:PRCMPeripheralStatusGet)
                  2000b734    00000034                 : spi.obj (.text:SPIFIFOLevelSet)
                  2000b768    00000030                 : pin.obj (.text:PinTypeGPIO)
                  2000b798    00000030                 : uart.obj (.text:UARTDisable)
                  2000b7c8    0000002e     rtsv7M4_T_le_eabi.lib : i_tofd_t2.obj (.text)
                  2000b7f6    00000002     --HOLE-- [fill = 0]
                  2000b7f8    0000002c     simplelink.a : cc_pal.obj (.text:NwpPowerOn)
                  2000b824    0000002c     driverlib.a : prcm.obj (.text:PRCMSysResetCauseGet)
                  2000b850    0000002c     simplelink.a : driver.obj (.text:_SlDrvObjGlobalLockWaitForever)
                  2000b87c    0000002c                  : driver.obj (.text:_SlDrvProtectionObjLockWaitForever)
                  2000b8a8    0000002a     driverlib.a : timer.obj (.text:TimerLoadSet)
                  2000b8d2    0000002a                 : timer.obj (.text:TimerPrescaleSet)
                  2000b8fc    00000028                 : prcm.obj (.text:PRCMPeripheralClkDisable)
                  2000b924    00000028     simplelink.a : driver.obj (.text:_SlDrvGlobalObjUnLock)
                  2000b94c    00000028                  : driver.obj (.text:_SlDrvProtectionObjUnLock)
                  2000b974    00000028                  : driver.obj (.text:_SlDrvSyncObjWaitForever)
                  2000b99c    00000024                  : cc_pal.obj (.text:DmaSpiSwIntHandler)
                  2000b9c0    00000024     driverlib.a : interrupt.obj (.text:IntUnregister)
                  2000b9e4    00000024                 : uart.obj (.text:UARTEnable)
                  2000ba08    00000024     rtsv7M4_T_le_eabi.lib : memmov.obj (.text)
                  2000ba2c    00000022     driverlib.a : spi.obj (.text:SPIReset)
                  2000ba4e    00000022                 : spi.obj (.text:SPIWordCountSet)
                  2000ba70    00000020                 : interrupt.obj (.text:IntRegister)
                  2000ba90    00000020     simplelink.a : cc_pal.obj (.text:NwpPrePowerOffTimout0)
                  2000bab0    00000020     driverlib.a : spi.obj (.text:SPIDataGet)
                  2000bad0    00000020     simplelink.a : cc_pal.obj (.text:TimerGetCurrentTimestamp)
                  2000baf0    00000020                  : driver.obj (.text:_SlDrvSyncObjSignal)
                  2000bb10    00000020     rtsv7M4_T_le_eabi.lib : u_tofd_t2.obj (.text)
                  2000bb30    0000001e     driverlib.a : spi.obj (.text:SPIDataPut)
                  2000bb4e    0000001e                 : timer.obj (.text:TimerDisable)
                  2000bb6c    0000001e                 : timer.obj (.text:TimerEnable)
                  2000bb8a    0000001e                 : timer.obj (.text:TimerIntStatus)
                  2000bba8    0000001e                 : uart.obj (.text:UARTCharPut)
                  2000bbc6    0000001e     simplelink.a : cc_pal.obj (.text:cc_UDMAChannelSelect)
                  2000bbe4    0000001c     driverlib.a : timer.obj (.text:TimerValueGet)
                  2000bc00    0000001c                 : uart.obj (.text:UARTCharGetNonBlocking)
                  2000bc1c    0000001c     simplelink.a : driver.obj (.text:_SlDrvStartMeasureTimeout)
                  2000bc38    0000001c     rtsv7M4_T_le_eabi.lib : memccpy.obj (.text)
                  2000bc54    0000001c     driverlib.a : udma.obj (.text:uDMAChannelEnable)
                  2000bc70    0000001a                 : pin.obj (.text:PinTypeUART)
                  2000bc8a    0000001a                 : spi.obj (.text:SPIDmaDisable)
                  2000bca4    0000001a                 : spi.obj (.text:SPIDmaEnable)
                  2000bcbe    0000001a                 : spi.obj (.text:SPIFIFODisable)
                  2000bcd8    0000001a                 : spi.obj (.text:SPIFIFOEnable)
                  2000bcf2    0000001a                 : spi.obj (.text:SPIIntUnregister)
                  2000bd0c    00000018                 : gpio.obj (.text:GPIOPinRead)
                  2000bd24    00000018                 : spi.obj (.text:SPICSDisable)
                  2000bd3c    00000018                 : spi.obj (.text:SPICSEnable)
                  2000bd54    00000018                 : spi.obj (.text:SPIDisable)
                  2000bd6c    00000018                 : spi.obj (.text:SPIEnable)
                  2000bd84    00000018                 : timer.obj (.text:TimerIntDisable)
                  2000bd9c    00000018                 : timer.obj (.text:TimerIntEnable)
                  2000bdb4    00000018                 : uart.obj (.text:UARTCharsAvail)
                  2000bdcc    00000018     simplelink.a : nonos.obj (.text:_SlNonOsSemSet)
                  2000bde4    00000018                  : device.obj (.text:_sl_GetStartResponseConvert)
                  2000bdfc    00000018     rtsv7M4_T_le_eabi.lib : args_main.obj (.text)
                  2000be14    00000016     driverlib.a : prcm.obj (.text:PRCMHIBRegRead)
                  2000be2a    00000016                 : prcm.obj (.text:PRCMHIBRegWrite)
                  2000be40    00000016     simplelink.a : driver.obj (.text:_SlDrvMemZero)
                  2000be56    00000016     rtsv7M4_T_le_eabi.lib : strchr.obj (.text)
                  2000be6c    00000014     driverlib.a : cpu.obj (.text:CPUcpsie)
                  2000be80    00000014                 : interrupt.obj (.text:IntVTableBaseSet)
                  2000be94    00000014                 : prcm.obj (.text:PRCMHibernateEnter)
                  2000bea8    00000014     rtsv7M4_T_le_eabi.lib : _lock.obj (.text)
                  2000bebc    00000014                           : strlen.obj (.text)
                  2000bed0    00000012     driverlib.a : timer.obj (.text:TimerIntClear)
                  2000bee2    00000010     simplelink.a : driver.obj (.text:_SlDrvDispatchHttpServerEvents)
                  2000bef2    0000000e                  : driver.obj (.text:_SlDrvResetCmdExt)
                  2000bf00    0000000e     rtsv7M4_T_le_eabi.lib : copy_decompress_none.obj (.text:decompress:none)
                  2000bf0e    0000000e     startup_ccs.obj (.text)
                  2000bf1c    0000000c     simplelink.a : cc_pal.obj (.text:NwpMaskInterrupt)
                  2000bf28    0000000c                  : cc_pal.obj (.text:NwpUnMaskInterrupt)
                  2000bf34    0000000c     rtsv7M4_T_le_eabi.lib : copy_zero_init.obj (.text:decompress:ZI)
                  2000bf40    0000000a     driverlib.a : interrupt.obj (.text:IntMasterEnable)
                  2000bf4a    00000008     rtsv7M4_T_le_eabi.lib : s_copysign.obj (.text)
                  2000bf52    00000006     driverlib.a : utils.obj (.text:UtilsDelay)
                  2000bf58    00000004     rtsv7M4_T_le_eabi.lib : pre_init.obj (.text)

.const     0    2000bf5c    000005e8     
                  2000bf5c    00000101     rtsv7M4_T_le_eabi.lib : ctype.obj (.const:.string:_ctypes_)
                  2000c05d    00000003     --HOLE-- [fill = 0]
                  2000c060    00000100     driverlib.a : pin.obj (.const:g_ulPinToPadMap)
                  2000c160    000000d4                 : interrupt.obj (.const:g_pulRegs)
                  2000c234    000000a8                 : prcm.obj (.const:PRCM_PeriphRegsList)
                  2000c2dc    00000080                 : interrupt.obj (.const)
                  2000c35c    0000003c     simplelink.a : driver.obj (.const:OpcodeTranslateTable)
                  2000c398    00000038                  : driver.obj (.const:_SlActionLookupTable)
                  2000c3d0    0000002c     main.obj (.const:$P$T1$2)
                  2000c3fc    00000024     driverlib.a : spi.obj (.const:g_ppulSPIIntMap)
                  2000c420    00000022     main.obj (.const:.string:$P$T0$1)
                  2000c442    00000021     main.obj (.const:.string:$P$T4$5)
                  2000c463    00000001     --HOLE-- [fill = 0]
                  2000c464    00000020     simplelink.a : driver.obj (.const:RxMsgClassLUT)
                  2000c484    00000018     driverlib.a : spi.obj (.const)
                  2000c49c    00000014     simplelink.a : driver.obj (.const:$P$T0$1)
                  2000c4b0    00000014                  : nonos.obj (.const:$P$T0$1)
                  2000c4c4    00000014     main.obj (.const:$P$T2$3)
                  2000c4d8    00000010     main.obj (.const:$P$T5$6)
                  2000c4e8    0000000e     main.obj (.const:.string:$P$T3$4)
                  2000c4f6    00000008     simplelink.a : device.obj (.const:StartResponseLUT)
                  2000c4fe    00000002     --HOLE-- [fill = 0]
                  2000c500    00000008                  : driver.obj (.const:g_H2NCnysPattern)
                  2000c508    00000008                  : driver.obj (.const:g_H2NSyncPattern)
                  2000c510    00000004                  : device.obj (.const:_SlDeviceGetCmdCtrl)
                  2000c514    00000004                  : netapp.obj (.const:_SlNetAppSendTokenValueCmdCtrl)
                  2000c518    00000004                  : netcfg.obj (.const:_SlNetCfgGetCmdCtrl)
                  2000c51c    00000004                  : netcfg.obj (.const:_SlNetCfgSetCmdCtrl)
                  2000c520    00000004                  : wlan.obj (.const:_SlPolicySetCmdCtrl)
                  2000c524    00000004                  : wlan.obj (.const:_SlProfileDelCmdCtrl)
                  2000c528    00000004                  : netapp.obj (.const:_SlRegisterServiceCtrl)
                  2000c52c    00000004                  : wlan.obj (.const:_SlRxFilterSetCmdCtrl)
                  2000c530    00000004                  : device.obj (.const:_SlStopCmdCtrl)
                  2000c534    00000004                  : wlan.obj (.const:_SlWlanCfgGetCmdCtrl)
                  2000c538    00000004                  : wlan.obj (.const:_SlWlanCfgSetCmdCtrl)
                  2000c53c    00000004                  : wlan.obj (.const:_SlWlanSetModeCmdCtrl)
                  2000c540    00000004     driverlib.a : hwspinlock.obj (.const)

.cinit     0    2000c548    00000058     
                  2000c548    0000002d     (.cinit..data.load) [load image, compression = lzss]
                  2000c575    00000003     --HOLE-- [fill = 0]
                  2000c578    0000000c     (__TI_handler_table)
                  2000c584    00000004     --HOLE-- [fill = 0]
                  2000c588    00000008     (.cinit..bss.load) [load image, compression = zero_init]
                  2000c590    00000010     (__TI_cinit_table)

.sysmem    0    20017000    00000800     UNINITIALIZED
                  20017000    00000008     rtsv7M4_T_le_eabi.lib : memory.obj (.sysmem)
                  20017008    000007f8     --HOLE--

.bss       0    20017800    000001d3     UNINITIALIZED
                  20017800    00000168     simplelink.a : driver.obj (.bss:g_StatMem)
                  20017968    00000050     (.common:g_ucDinDout)
                  200179b8    00000004     uart_if.obj (.bss)
                  200179bc    00000004     (.common:k)
                  200179c0    00000004     (.common:l)
                  200179c4    00000004     (.common:ms)
                  200179c8    00000004     (.common:x)
                  200179cc    00000004     (.common:y)
                  200179d0    00000001     (.common:RxIrqCnt)
                  200179d1    00000001     (.common:g_bDeviceRestartIsRequired)
                  200179d2    00000001     (.common:g_cDummy)

.data      0    200179d4    00000098     UNINITIALIZED
                  200179d4    0000003c     simplelink.a : nonos.obj (.data:g__SlNonOsCB)
                  20017a10    00000018     main.obj (.data)
                  20017a28    0000000d     simplelink.a : driver.obj (.data)
                  20017a35    00000003     --HOLE--
                  20017a38    0000000c     rtsv7M4_T_le_eabi.lib : exit.obj (.data:$O1$$)
                  20017a44    0000000c                           : memory.obj (.data:$O1$$)
                  20017a50    00000009     simplelink.a : cc_pal.obj (.data)
                  20017a59    00000003     --HOLE--
                  20017a5c    00000008     rtsv7M4_T_le_eabi.lib : _lock.obj (.data:$O1$$)
                  20017a64    00000004                           : errno.obj (.data)
                  20017a68    00000004                           : stkdepth_vars.obj (.data)

.stack     0    2002f800    00000800     UNINITIALIZED
                  2002f800    00000800     --HOLE--

MODULE SUMMARY

       Module                     code    ro data   rw data
       ------                     ----    -------   -------
    .\
       main.obj                   3212    161       44     
       startup_ccs.obj            14      1024      0      
       uart_if.obj                640     0         4      
       timer_if.obj               408     0         0      
       pin_mux_config.obj         228     0         0      
       utils_if.obj               212     0         0      
    +--+--------------------------+-------+---------+---------+
       Total:                     4714    1185      48     
                                                           
    C:/ti/CC3200SDK_1.3.0/cc3200-sdk/driverlib/ccs/Release/driverlib.a
       prcm.obj                   1080    168       0      
       interrupt.obj              608     340       0      
       spi.obj                    860     60        0      
       timer.obj                  606     0         0      
       udma.obj                   604     0         0      
       pin.obj                    274     256       0      
       uart.obj                   284     0         0      
       hwspinlock.obj             188     4         0      
       gpio.obj                   78      0         0      
       cpu.obj                    20      0         0      
       utils.obj                  6       0         0      
    +--+--------------------------+-------+---------+---------+
       Total:                     4608    828       0      
                                                           
    C:/ti/CC3200SDK_1.3.0/cc3200-sdk/simplelink/ccs/NON_OS/simplelink.a
       driver.obj                 6824    184       375    
       cc_pal.obj                 1820    0         90     
       netapp.obj                 1248    8         0      
       device.obj                 1078    16        0      
       wlan.obj                   880     24        0      
       nonos.obj                  416     20        60     
       netcfg.obj                 368     8         0      
       socket.obj                 312     0         0      
    +--+--------------------------+-------+---------+---------+
       Total:                     12946   260       525    
                                                           
    C:\ti\ccsv7\tools\compiler\ti-cgt-arm_16.9.4.LTS\lib\rtsv7M4_T_le_eabi.lib
       _printfi.obj               4386    0         0      
       memory.obj                 976     0         12     
       ull_div_t2.obj             500     0         0      
       fd_add_t2.obj              438     0         0      
       fd_div_t2.obj              310     0         0      
       fd_cmp_t2.obj              268     0         0      
       ctype.obj                  0       257       0      
       fd_mul_t2.obj              252     0         0      
       s_scalbn.obj               208     0         0      
       memcpy_t2.obj              156     0         0      
       fs_div_t2.obj              146     0         0      
       vsnprintf.obj              136     0         0      
       fs_mul_t2.obj              122     0         0      
       memset_t2.obj              122     0         0      
       autoinit.obj               112     0         0      
       fd_tos_t2.obj              110     0         0      
       copy_decompress_lzss.obj   104     0         0      
       exit.obj                   84      0         12     
       s_frexp.obj                92      0         0      
       ltoa.obj                   84      0         0      
       fs_toull_t2.obj            80      0         0      
       atoi.obj                   76      0         0      
       cpy_tbl.obj                76      0         0      
       fd_toi_t2.obj              72      0         0      
       boot.obj                   64      0         0      
       fs_tod_t2.obj              56      0         0      
       i_tofd_t2.obj              46      0         0      
       memmov.obj                 36      0         0      
       u_tofd_t2.obj              32      0         0      
       _lock.obj                  20      0         8      
       memccpy.obj                28      0         0      
       args_main.obj              24      0         0      
       strchr.obj                 22      0         0      
       strlen.obj                 20      0         0      
       copy_decompress_none.obj   14      0         0      
       copy_zero_init.obj         12      0         0      
       s_copysign.obj             8       0         0      
       errno.obj                  0       0         4      
       pre_init.obj               4       0         0      
       stkdepth_vars.obj          0       0         4      
       mpu_init.obj               2       0         0      
       startup.obj                2       0         0      
    +--+--------------------------+-------+---------+---------+
       Total:                     9300    257       40     
                                                           
       Heap:                      0       0         2048   
       Stack:                     0       0         2048   
       Linker Generated:          0       81        0      
    +--+--------------------------+-------+---------+---------+
       Grand Total:               31568   2611      4709   


LINKER GENERATED COPY TABLES

__TI_cinit_table @ 2000c590 records: 2, size/record: 8, table size: 16
	.data: load addr=2000c548, load size=0000002d bytes, run addr=200179d4, run size=00000098 bytes, compression=lzss
	.bss: load addr=2000c588, load size=00000008 bytes, run addr=20017800, run size=000001d3 bytes, compression=zero_init


LINKER GENERATED HANDLER TABLE

__TI_handler_table @ 2000c578 records: 3, size/record: 4, table size: 12
	index: 0, handler: __TI_decompress_lzss
	index: 1, handler: __TI_decompress_none
	index: 2, handler: __TI_zero_init


GLOBAL SYMBOLS: SORTED ALPHABETICALLY BY Name 

address   name                                  
-------   ----                                  
2000aeb1  C$$EXIT                               
2000be6d  CPUcpsie                              
20006b51  ClearTerm                             
2000b99d  DmaSpiSwIntHandler                    
20005f61  EnterHIBernate                        
20006b5b  Error                                 
2000b695  GPIODirModeSet                        
2000bd0d  GPIOPinRead                           
20006b93  GetCmd                                
2000aff9  HwSpinLockRelease                     
2000a68d  HwSpinLockTryAcquire                  
20006b11  InitTerm                              
200094f1  IntDisable                            
20009599  IntEnable                             
2000bf41  IntMasterEnable                       
2000ad05  IntPendClear                          
2000adb5  IntPrioritySet                        
2000ba71  IntRegister                           
2000b9c1  IntUnregister                         
2000be81  IntVTableBaseSet                      
20006b2f  Message                               
2000bf1d  NwpMaskInterrupt                      
2000b5ed  NwpPowerOff                           
2000b7f9  NwpPowerOn                            
2000ba91  NwpPrePowerOffTimout0                 
2000b4bd  NwpRegisterInterruptHandler           
2000bf29  NwpUnMaskInterrupt                    
2000c35c  OpcodeTranslateTable                  
20007bd1  PRCMCC3200MCUInit                     
2000be15  PRCMHIBRegRead                        
2000be2b  PRCMHIBRegWrite                       
2000be95  PRCMHibernateEnter                    
20009f8d  PRCMHibernateIntervalSet              
2000b20d  PRCMHibernateWakeupSourceEnable       
2000b8fd  PRCMPeripheralClkDisable              
2000b539  PRCMPeripheralClkEnable               
20009a85  PRCMPeripheralClockGet                
2000ad5d  PRCMPeripheralReset                   
2000b701  PRCMPeripheralStatusGet               
2000b825  PRCMSysResetCauseGet                  
2000a015  PinConfigSet                          
2000b43d  PinModeSet                            
20008b39  PinMuxConfig                          
2000b769  PinTypeGPIO                           
2000bc71  PinTypeUART                           
20006cd1  Report                                
2000bf0f  ResetISR                              
200179d0  RxIrqCnt                              
UNDEFED   SHT$$INIT_ARRAY$$Base                 
UNDEFED   SHT$$INIT_ARRAY$$Limit                
2000bd25  SPICSDisable                          
2000bd3d  SPICSEnable                           
200096e5  SPIConfigSetExpClk                    
2000bab1  SPIDataGet                            
2000bb31  SPIDataPut                            
2000bd55  SPIDisable                            
2000bc8b  SPIDmaDisable                         
2000bca5  SPIDmaEnable                          
2000bd6d  SPIEnable                             
2000bcbf  SPIFIFODisable                        
2000bcd9  SPIFIFOEnable                         
2000b735  SPIFIFOLevelSet                       
2000b255  SPIIntClear                           
2000b045  SPIIntEnable                          
2000bcf3  SPIIntUnregister                      
2000ba2d  SPIReset                              
2000ba4f  SPIWordCountSet                       
20005709  SimpleLinkGeneralEventHandler         
200056f7  SimpleLinkHttpServerCallback          
200055cd  SimpleLinkNetAppEventHandler          
20005775  SimpleLinkPingReport                  
20005729  SimpleLinkSockEventHandler            
2000553d  SimpleLinkWlanEventHandler            
20017a12  TXP                                   
2000b371  TimerConfigure                        
2000b6cb  TimerControlStall                     
2000bb4f  TimerDisable                          
2000bb6d  TimerEnable                           
2000bad1  TimerGetCurrentTimestamp              
2000bed1  TimerIntClear                         
2000bd85  TimerIntDisable                       
2000bd9d  TimerIntEnable                        
2000a6fd  TimerIntRegister                      
2000bb8b  TimerIntStatus                        
2000a925  TimerIntUnregister                    
2000b8a9  TimerLoadSet                          
2000b8d3  TimerPrescaleSet                      
2000bbe5  TimerValueGet                         
200079ef  Timer_IF_DeInit                       
20007a21  Timer_IF_GetCount                     
20007929  Timer_IF_Init                         
2000795b  Timer_IF_IntSetup                     
200079a7  Timer_IF_InterruptClear               
20007a09  Timer_IF_ReLoad                       
200079bf  Timer_IF_Start                        
200079df  Timer_IF_Stop                         
20006c39  TrimSpace                             
2000bc01  UARTCharGetNonBlocking                
2000bba9  UARTCharPut                           
2000bdb5  UARTCharsAvail                        
2000a5a1  UARTConfigSetExpClk                   
2000b799  UARTDisable                           
2000b9e5  UARTEnable                            
2000bf53  UtilsDelay                            
20008eb5  Utils_SpiFlashDeepPowerDown           
20008f61  Utils_TriggerHibCycle                 
20005e2d  WlanAPMode                            
2000c398  _SlActionLookupTable                  
20009641  _SlDriverHandleError                  
2000b29d  _SlDrvBasicCmd                        
20009381  _SlDrvCmdOp                           
2000a84d  _SlDrvCmdSend                         
20009821  _SlDrvDeviceEventHandler              
2000bee3  _SlDrvDispatchHttpServerEvents        
2000827d  _SlDrvDriverCBDeinit                  
20007559  _SlDrvDriverCBInit                    
2000b925  _SlDrvGlobalObjUnLock                 
20009e75  _SlDrvIsTimeoutExpired                
2000be41  _SlDrvMemZero                         
20008a51  _SlDrvMsgReadSpawnCtx                 
200083ad  _SlDrvNetAppEventHandler              
2000b0dd  _SlDrvProtectAsyncRespSetting         
2000b87d  _SlDrvProtectionObjLockWaitForever    
2000b94d  _SlDrvProtectionObjUnLock             
200071d1  _SlDrvReleasePoolObj                  
2000bef3  _SlDrvResetCmdExt                     
2000ae09  _SlDrvRxIrqHandler                    
2000bc1d  _SlDrvStartMeasureTimeout             
2000baf1  _SlDrvSyncObjSignal                   
2000b975  _SlDrvSyncObjWaitForever              
2000b3b5  _SlDrvSyncObjWaitTimeout              
20007a41  _SlDrvWaitForPoolObj                  
2000c514  _SlNetAppSendTokenValueCmdCtrl        
2000a619  _SlNonOsMainLoopTask                  
20009441  _SlNonOsSemGet                        
2000bdcd  _SlNonOsSemSet                        
2000a9f5  _SlNonOsSpawn                         
20030000  __STACK_END                           
00000800  __STACK_SIZE                          
00000800  __SYSMEM_SIZE                         
2000c590  __TI_CINIT_Base                       
2000c5a0  __TI_CINIT_Limit                      
2000c578  __TI_Handler_Table_Base               
2000c584  __TI_Handler_Table_Limit              
2000a76d  __TI_auto_init                        
20017a38  __TI_cleanup_ptr                      
2000a98d  __TI_decompress_lzss                  
2000bf01  __TI_decompress_none                  
20017a3c  __TI_dtors_ptr                        
20017a40  __TI_enable_exit_profile_output       
ffffffff  __TI_pprof_out_hndl                   
20004c39  __TI_printfi                          
ffffffff  __TI_prof_data_size                   
ffffffff  __TI_prof_data_start                  
2000c548  __TI_static_base__                    
2000bf35  __TI_zero_init                        
2000a125  __aeabi_cdcmpeq                       
2000a125  __aeabi_cdcmple                       
2000a1ab  __aeabi_cdrcmple                      
2000a7dd  __aeabi_d2f                           
2000b2e5  __aeabi_d2iz                          
200073ab  __aeabi_dadd                          
20008145  __aeabi_ddiv                          
200084b1  __aeabi_dmul                          
200073a1  __aeabi_dsub                          
2000b625  __aeabi_f2d                           
2000afa9  __aeabi_f2ulz                         
20009b19  __aeabi_fdiv                          
2000a435  __aeabi_fmul                          
2000b7c9  __aeabi_i2d                           
2000a4af  __aeabi_memclr                        
2000a4af  __aeabi_memclr4                       
2000a4af  __aeabi_memclr8                       
20009785  __aeabi_memcpy                        
20009785  __aeabi_memcpy4                       
20009785  __aeabi_memcpy8                       
2000a4b1  __aeabi_memset                        
2000a4b1  __aeabi_memset4                       
2000a4b1  __aeabi_memset8                       
2000bb11  __aeabi_ui2d                          
20006fdd  __aeabi_uldivmod                      
ffffffff  __binit__                             
ffffffff  __c_args__                            
20007557  __mpu_init                            
2002f800  __stack                               
2000bdfd  _args_main                            
2000b47d  _c_int00                              
2000bf5c  _ctypes_                              
20017a5c  _lock                                 
2000beb7  _nop                                  
2000beaf  _register_lock                        
2000bea9  _register_unlock                      
2000aa59  _sl_HandleAsync_Accept                
2000a2b5  _sl_HandleAsync_Connect               
20009bad  _sl_HandleAsync_DnsGetHostByName      
20009059  _sl_HandleAsync_DnsGetHostByService   
20009f01  _sl_HandleAsync_InitComplete          
20009c3d  _sl_HandleAsync_PingResponse          
2000ae5d  _sl_HandleAsync_Select                
2000af59  _sl_HandleAsync_Stop                  
2000a8b9  _sl_NetAppSendTokenValue              
20017000  _sys_memory                           
2000827b  _system_post_cinit                    
2000bf59  _system_pre_init                      
20017a60  _unlock                               
2000aeb5  abort                                 
2000b129  atoi                                  
ffffffff  binit                                 
20006ae1  calloc                                
2000b175  copy_in                               
2000bf4b  copysign                              
2000bf4b  copysignl                             
20017a64  errno                                 
2000aebd  exit                                  
2000682b  free                                  
2000aca9  frexp                                 
2000aca9  frexpl                                
20017a28  g_SlDeviceStatus                      
20017a50  g_SpiFd                               
200179d4  g__SlNonOsCB                          
200179d1  g_bDeviceRestartIsRequired            
200179d2  g_cDummy                              
20017a2c  g_pCB                                 
20017a54  g_pHostIntHdl                         
20004000  g_pfnVectors                          
20017a58  g_ucDMAEnabled                        
20017968  g_ucDinDout                           
20017a1c  g_uiGatewayIP                         
20017a20  g_ulIpAddr                            
20017a18  g_ulPingPacketsRecv                   
20017a14  g_ulStaIp                             
20017a10  g_ulStatus                            
200179bc  k                                     
200179c0  l                                     
20008f89  ldexp                                 
20008f89  ldexpl                                
2000af05  ltoa                                  
20005f8d  main                                  
20017a68  main_func_sp                          
200067c1  malloc                                
200069f5  memalign                              
2000bc39  memccpy                               
20009785  memcpy                                
2000ba09  memmove                               
2000a4b7  memset                                
20006741  minit                                 
200179c4  ms                                    
20017a30  pPingCallBackFunc                     
200068ed  realloc                               
20008f89  scalbn                                
20008f89  scalbnl                               
2000b575  simplelink_timerA2_start              
20009125  sl_DevGet                             
20008c1d  sl_NetAppMDNSRegisterUnregisterService
2000aabd  sl_NetAppMDNSUnRegisterService        
20008ddd  sl_NetCfgGet                          
200098bd  sl_NetCfgSet                          
2000887d  sl_Start                              
200085ad  sl_Stop                               
2000b65d  sl_WlanDisconnect                     
200091f1  sl_WlanGet                            
20009ccd  sl_WlanPolicySet                      
2000abe9  sl_WlanProfileDel                     
2000a231  sl_WlanRxFilterSet                    
20009955  sl_WlanSet                            
2000ac49  sl_WlanSetMode                        
2000a529  spi_Close                             
20007eb9  spi_Open                              
2000869d  spi_Read                              
200099ed  spi_Write                             
2000be57  strchr                                
2000bebd  strlen                                
20017a24  taf                                   
20005f1f  tdif                                  
2000b1c1  uDMAChannelAssign                     
2000ab21  uDMAChannelAttributeDisable           
2000ab85  uDMAChannelAttributeEnable            
2000b5b1  uDMAChannelControlSet                 
2000bc55  uDMAChannelEnable                     
2000878d  uDMAChannelTransferSet                
2000a09d  vsnprintf                             
200179c8  x                                     
200179cc  y                                     


GLOBAL SYMBOLS: SORTED BY Symbol Address 

address   name                                  
-------   ----                                  
00000800  __STACK_SIZE                          
00000800  __SYSMEM_SIZE                         
20004000  g_pfnVectors                          
20004c39  __TI_printfi                          
2000553d  SimpleLinkWlanEventHandler            
200055cd  SimpleLinkNetAppEventHandler          
200056f7  SimpleLinkHttpServerCallback          
20005709  SimpleLinkGeneralEventHandler         
20005729  SimpleLinkSockEventHandler            
20005775  SimpleLinkPingReport                  
20005e2d  WlanAPMode                            
20005f1f  tdif                                  
20005f61  EnterHIBernate                        
20005f8d  main                                  
20006741  minit                                 
200067c1  malloc                                
2000682b  free                                  
200068ed  realloc                               
200069f5  memalign                              
20006ae1  calloc                                
20006b11  InitTerm                              
20006b2f  Message                               
20006b51  ClearTerm                             
20006b5b  Error                                 
20006b93  GetCmd                                
20006c39  TrimSpace                             
20006cd1  Report                                
20006fdd  __aeabi_uldivmod                      
200071d1  _SlDrvReleasePoolObj                  
200073a1  __aeabi_dsub                          
200073ab  __aeabi_dadd                          
20007557  __mpu_init                            
20007559  _SlDrvDriverCBInit                    
20007929  Timer_IF_Init                         
2000795b  Timer_IF_IntSetup                     
200079a7  Timer_IF_InterruptClear               
200079bf  Timer_IF_Start                        
200079df  Timer_IF_Stop                         
200079ef  Timer_IF_DeInit                       
20007a09  Timer_IF_ReLoad                       
20007a21  Timer_IF_GetCount                     
20007a41  _SlDrvWaitForPoolObj                  
20007bd1  PRCMCC3200MCUInit                     
20007eb9  spi_Open                              
20008145  __aeabi_ddiv                          
2000827b  _system_post_cinit                    
2000827d  _SlDrvDriverCBDeinit                  
200083ad  _SlDrvNetAppEventHandler              
200084b1  __aeabi_dmul                          
200085ad  sl_Stop                               
2000869d  spi_Read                              
2000878d  uDMAChannelTransferSet                
2000887d  sl_Start                              
20008a51  _SlDrvMsgReadSpawnCtx                 
20008b39  PinMuxConfig                          
20008c1d  sl_NetAppMDNSRegisterUnregisterService
20008ddd  sl_NetCfgGet                          
20008eb5  Utils_SpiFlashDeepPowerDown           
20008f61  Utils_TriggerHibCycle                 
20008f89  ldexp                                 
20008f89  ldexpl                                
20008f89  scalbn                                
20008f89  scalbnl                               
20009059  _sl_HandleAsync_DnsGetHostByService   
20009125  sl_DevGet                             
200091f1  sl_WlanGet                            
20009381  _SlDrvCmdOp                           
20009441  _SlNonOsSemGet                        
200094f1  IntDisable                            
20009599  IntEnable                             
20009641  _SlDriverHandleError                  
200096e5  SPIConfigSetExpClk                    
20009785  __aeabi_memcpy                        
20009785  __aeabi_memcpy4                       
20009785  __aeabi_memcpy8                       
20009785  memcpy                                
20009821  _SlDrvDeviceEventHandler              
200098bd  sl_NetCfgSet                          
20009955  sl_WlanSet                            
200099ed  spi_Write                             
20009a85  PRCMPeripheralClockGet                
20009b19  __aeabi_fdiv                          
20009bad  _sl_HandleAsync_DnsGetHostByName      
20009c3d  _sl_HandleAsync_PingResponse          
20009ccd  sl_WlanPolicySet                      
20009e75  _SlDrvIsTimeoutExpired                
20009f01  _sl_HandleAsync_InitComplete          
20009f8d  PRCMHibernateIntervalSet              
2000a015  PinConfigSet                          
2000a09d  vsnprintf                             
2000a125  __aeabi_cdcmpeq                       
2000a125  __aeabi_cdcmple                       
2000a1ab  __aeabi_cdrcmple                      
2000a231  sl_WlanRxFilterSet                    
2000a2b5  _sl_HandleAsync_Connect               
2000a435  __aeabi_fmul                          
2000a4af  __aeabi_memclr                        
2000a4af  __aeabi_memclr4                       
2000a4af  __aeabi_memclr8                       
2000a4b1  __aeabi_memset                        
2000a4b1  __aeabi_memset4                       
2000a4b1  __aeabi_memset8                       
2000a4b7  memset                                
2000a529  spi_Close                             
2000a5a1  UARTConfigSetExpClk                   
2000a619  _SlNonOsMainLoopTask                  
2000a68d  HwSpinLockTryAcquire                  
2000a6fd  TimerIntRegister                      
2000a76d  __TI_auto_init                        
2000a7dd  __aeabi_d2f                           
2000a84d  _SlDrvCmdSend                         
2000a8b9  _sl_NetAppSendTokenValue              
2000a925  TimerIntUnregister                    
2000a98d  __TI_decompress_lzss                  
2000a9f5  _SlNonOsSpawn                         
2000aa59  _sl_HandleAsync_Accept                
2000aabd  sl_NetAppMDNSUnRegisterService        
2000ab21  uDMAChannelAttributeDisable           
2000ab85  uDMAChannelAttributeEnable            
2000abe9  sl_WlanProfileDel                     
2000ac49  sl_WlanSetMode                        
2000aca9  frexp                                 
2000aca9  frexpl                                
2000ad05  IntPendClear                          
2000ad5d  PRCMPeripheralReset                   
2000adb5  IntPrioritySet                        
2000ae09  _SlDrvRxIrqHandler                    
2000ae5d  _sl_HandleAsync_Select                
2000aeb1  C$$EXIT                               
2000aeb5  abort                                 
2000aebd  exit                                  
2000af05  ltoa                                  
2000af59  _sl_HandleAsync_Stop                  
2000afa9  __aeabi_f2ulz                         
2000aff9  HwSpinLockRelease                     
2000b045  SPIIntEnable                          
2000b0dd  _SlDrvProtectAsyncRespSetting         
2000b129  atoi                                  
2000b175  copy_in                               
2000b1c1  uDMAChannelAssign                     
2000b20d  PRCMHibernateWakeupSourceEnable       
2000b255  SPIIntClear                           
2000b29d  _SlDrvBasicCmd                        
2000b2e5  __aeabi_d2iz                          
2000b371  TimerConfigure                        
2000b3b5  _SlDrvSyncObjWaitTimeout              
2000b43d  PinModeSet                            
2000b47d  _c_int00                              
2000b4bd  NwpRegisterInterruptHandler           
2000b539  PRCMPeripheralClkEnable               
2000b575  simplelink_timerA2_start              
2000b5b1  uDMAChannelControlSet                 
2000b5ed  NwpPowerOff                           
2000b625  __aeabi_f2d                           
2000b65d  sl_WlanDisconnect                     
2000b695  GPIODirModeSet                        
2000b6cb  TimerControlStall                     
2000b701  PRCMPeripheralStatusGet               
2000b735  SPIFIFOLevelSet                       
2000b769  PinTypeGPIO                           
2000b799  UARTDisable                           
2000b7c9  __aeabi_i2d                           
2000b7f9  NwpPowerOn                            
2000b825  PRCMSysResetCauseGet                  
2000b87d  _SlDrvProtectionObjLockWaitForever    
2000b8a9  TimerLoadSet                          
2000b8d3  TimerPrescaleSet                      
2000b8fd  PRCMPeripheralClkDisable              
2000b925  _SlDrvGlobalObjUnLock                 
2000b94d  _SlDrvProtectionObjUnLock             
2000b975  _SlDrvSyncObjWaitForever              
2000b99d  DmaSpiSwIntHandler                    
2000b9c1  IntUnregister                         
2000b9e5  UARTEnable                            
2000ba09  memmove                               
2000ba2d  SPIReset                              
2000ba4f  SPIWordCountSet                       
2000ba71  IntRegister                           
2000ba91  NwpPrePowerOffTimout0                 
2000bab1  SPIDataGet                            
2000bad1  TimerGetCurrentTimestamp              
2000baf1  _SlDrvSyncObjSignal                   
2000bb11  __aeabi_ui2d                          
2000bb31  SPIDataPut                            
2000bb4f  TimerDisable                          
2000bb6d  TimerEnable                           
2000bb8b  TimerIntStatus                        
2000bba9  UARTCharPut                           
2000bbe5  TimerValueGet                         
2000bc01  UARTCharGetNonBlocking                
2000bc1d  _SlDrvStartMeasureTimeout             
2000bc39  memccpy                               
2000bc55  uDMAChannelEnable                     
2000bc71  PinTypeUART                           
2000bc8b  SPIDmaDisable                         
2000bca5  SPIDmaEnable                          
2000bcbf  SPIFIFODisable                        
2000bcd9  SPIFIFOEnable                         
2000bcf3  SPIIntUnregister                      
2000bd0d  GPIOPinRead                           
2000bd25  SPICSDisable                          
2000bd3d  SPICSEnable                           
2000bd55  SPIDisable                            
2000bd6d  SPIEnable                             
2000bd85  TimerIntDisable                       
2000bd9d  TimerIntEnable                        
2000bdb5  UARTCharsAvail                        
2000bdcd  _SlNonOsSemSet                        
2000bdfd  _args_main                            
2000be15  PRCMHIBRegRead                        
2000be2b  PRCMHIBRegWrite                       
2000be41  _SlDrvMemZero                         
2000be57  strchr                                
2000be6d  CPUcpsie                              
2000be81  IntVTableBaseSet                      
2000be95  PRCMHibernateEnter                    
2000bea9  _register_unlock                      
2000beaf  _register_lock                        
2000beb7  _nop                                  
2000bebd  strlen                                
2000bed1  TimerIntClear                         
2000bee3  _SlDrvDispatchHttpServerEvents        
2000bef3  _SlDrvResetCmdExt                     
2000bf01  __TI_decompress_none                  
2000bf0f  ResetISR                              
2000bf1d  NwpMaskInterrupt                      
2000bf29  NwpUnMaskInterrupt                    
2000bf35  __TI_zero_init                        
2000bf41  IntMasterEnable                       
2000bf4b  copysign                              
2000bf4b  copysignl                             
2000bf53  UtilsDelay                            
2000bf59  _system_pre_init                      
2000bf5c  _ctypes_                              
2000c35c  OpcodeTranslateTable                  
2000c398  _SlActionLookupTable                  
2000c514  _SlNetAppSendTokenValueCmdCtrl        
2000c548  __TI_static_base__                    
2000c578  __TI_Handler_Table_Base               
2000c584  __TI_Handler_Table_Limit              
2000c590  __TI_CINIT_Base                       
2000c5a0  __TI_CINIT_Limit                      
20017000  _sys_memory                           
20017968  g_ucDinDout                           
200179bc  k                                     
200179c0  l                                     
200179c4  ms                                    
200179c8  x                                     
200179cc  y                                     
200179d0  RxIrqCnt                              
200179d1  g_bDeviceRestartIsRequired            
200179d2  g_cDummy                              
200179d4  g__SlNonOsCB                          
20017a10  g_ulStatus                            
20017a12  TXP                                   
20017a14  g_ulStaIp                             
20017a18  g_ulPingPacketsRecv                   
20017a1c  g_uiGatewayIP                         
20017a20  g_ulIpAddr                            
20017a24  taf                                   
20017a28  g_SlDeviceStatus                      
20017a2c  g_pCB                                 
20017a30  pPingCallBackFunc                     
20017a38  __TI_cleanup_ptr                      
20017a3c  __TI_dtors_ptr                        
20017a40  __TI_enable_exit_profile_output       
20017a50  g_SpiFd                               
20017a54  g_pHostIntHdl                         
20017a58  g_ucDMAEnabled                        
20017a5c  _lock                                 
20017a60  _unlock                               
20017a64  errno                                 
20017a68  main_func_sp                          
2002f800  __stack                               
20030000  __STACK_END                           
ffffffff  __TI_pprof_out_hndl                   
ffffffff  __TI_prof_data_size                   
ffffffff  __TI_prof_data_start                  
ffffffff  __binit__                             
ffffffff  __c_args__                            
ffffffff  binit                                 
UNDEFED   SHT$$INIT_ARRAY$$Base                 
UNDEFED   SHT$$INIT_ARRAY$$Limit                

[283 symbols]
