<?xml version="1.0"?>
<link_info>
   <banner>TI ARM Linker PC v16.9.4.LTS</banner>
   <copyright>Copyright (c) 1996-2017 Texas Instruments Incorporated</copyright>
   <link_time>0x5ab4c75d</link_time>
   <link_errors>0x0</link_errors>
   <output_file>USR wlan ap test 3.11 FINAL.out</output_file>
   <entry_point>
      <name>_c_int00</name>
      <address>0x2000b47d</address>
   </entry_point>
   <input_file_list>
      <input_file id="fl-2">
         <path>.\</path>
         <kind>object</kind>
         <file>main.obj</file>
         <name>main.obj</name>
      </input_file>
      <input_file id="fl-3">
         <path>.\</path>
         <kind>object</kind>
         <file>network_common.obj</file>
         <name>network_common.obj</name>
      </input_file>
      <input_file id="fl-4">
         <path>.\</path>
         <kind>object</kind>
         <file>pin_mux_config.obj</file>
         <name>pin_mux_config.obj</name>
      </input_file>
      <input_file id="fl-5">
         <path>.\</path>
         <kind>object</kind>
         <file>startup_ccs.obj</file>
         <name>startup_ccs.obj</name>
      </input_file>
      <input_file id="fl-6">
         <path>.\</path>
         <kind>object</kind>
         <file>timer_if.obj</file>
         <name>timer_if.obj</name>
      </input_file>
      <input_file id="fl-7">
         <path>.\</path>
         <kind>object</kind>
         <file>uart_if.obj</file>
         <name>uart_if.obj</name>
      </input_file>
      <input_file id="fl-8">
         <path>.\</path>
         <kind>object</kind>
         <file>udma_if.obj</file>
         <name>udma_if.obj</name>
      </input_file>
      <input_file id="fl-9">
         <path>.\</path>
         <kind>object</kind>
         <file>utils_if.obj</file>
         <name>utils_if.obj</name>
      </input_file>
      <input_file id="fl-f">
         <kind>object</kind>
         <file>&lt;internal&gt;</file>
         <name>&lt;internal&gt;</name>
      </input_file>
      <input_file id="fl-c5">
         <path>C:\ti\ccsv7\tools\compiler\ti-cgt-arm_16.9.4.LTS\lib\</path>
         <kind>archive</kind>
         <file>rtsv7M4_T_le_eabi.lib</file>
         <name>boot.obj</name>
      </input_file>
      <input_file id="fl-c6">
         <path>C:\ti\ccsv7\tools\compiler\ti-cgt-arm_16.9.4.LTS\lib\</path>
         <kind>archive</kind>
         <file>rtsv7M4_T_le_eabi.lib</file>
         <name>copy_decompress_lzss.obj</name>
      </input_file>
      <input_file id="fl-c7">
         <path>C:\ti\ccsv7\tools\compiler\ti-cgt-arm_16.9.4.LTS\lib\</path>
         <kind>archive</kind>
         <file>rtsv7M4_T_le_eabi.lib</file>
         <name>copy_decompress_none.obj</name>
      </input_file>
      <input_file id="fl-c8">
         <path>C:\ti\ccsv7\tools\compiler\ti-cgt-arm_16.9.4.LTS\lib\</path>
         <kind>archive</kind>
         <file>rtsv7M4_T_le_eabi.lib</file>
         <name>copy_zero_init.obj</name>
      </input_file>
      <input_file id="fl-c9">
         <path>C:\ti\ccsv7\tools\compiler\ti-cgt-arm_16.9.4.LTS\lib\</path>
         <kind>archive</kind>
         <file>rtsv7M4_T_le_eabi.lib</file>
         <name>exit.obj</name>
      </input_file>
      <input_file id="fl-ca">
         <path>C:\ti\ccsv7\tools\compiler\ti-cgt-arm_16.9.4.LTS\lib\</path>
         <kind>archive</kind>
         <file>rtsv7M4_T_le_eabi.lib</file>
         <name>fd_div_t2.obj</name>
      </input_file>
      <input_file id="fl-cb">
         <path>C:\ti\ccsv7\tools\compiler\ti-cgt-arm_16.9.4.LTS\lib\</path>
         <kind>archive</kind>
         <file>rtsv7M4_T_le_eabi.lib</file>
         <name>fd_mul_t2.obj</name>
      </input_file>
      <input_file id="fl-cc">
         <path>C:\ti\ccsv7\tools\compiler\ti-cgt-arm_16.9.4.LTS\lib\</path>
         <kind>archive</kind>
         <file>rtsv7M4_T_le_eabi.lib</file>
         <name>fd_tos_t2.obj</name>
      </input_file>
      <input_file id="fl-cd">
         <path>C:\ti\ccsv7\tools\compiler\ti-cgt-arm_16.9.4.LTS\lib\</path>
         <kind>archive</kind>
         <file>rtsv7M4_T_le_eabi.lib</file>
         <name>fs_div_t2.obj</name>
      </input_file>
      <input_file id="fl-ce">
         <path>C:\ti\ccsv7\tools\compiler\ti-cgt-arm_16.9.4.LTS\lib\</path>
         <kind>archive</kind>
         <file>rtsv7M4_T_le_eabi.lib</file>
         <name>fs_mul_t2.obj</name>
      </input_file>
      <input_file id="fl-cf">
         <path>C:\ti\ccsv7\tools\compiler\ti-cgt-arm_16.9.4.LTS\lib\</path>
         <kind>archive</kind>
         <file>rtsv7M4_T_le_eabi.lib</file>
         <name>fs_tod_t2.obj</name>
      </input_file>
      <input_file id="fl-d0">
         <path>C:\ti\ccsv7\tools\compiler\ti-cgt-arm_16.9.4.LTS\lib\</path>
         <kind>archive</kind>
         <file>rtsv7M4_T_le_eabi.lib</file>
         <name>fs_toull_t2.obj</name>
      </input_file>
      <input_file id="fl-d1">
         <path>C:\ti\ccsv7\tools\compiler\ti-cgt-arm_16.9.4.LTS\lib\</path>
         <kind>archive</kind>
         <file>rtsv7M4_T_le_eabi.lib</file>
         <name>memcpy_t2.obj</name>
      </input_file>
      <input_file id="fl-d2">
         <path>C:\ti\ccsv7\tools\compiler\ti-cgt-arm_16.9.4.LTS\lib\</path>
         <kind>archive</kind>
         <file>rtsv7M4_T_le_eabi.lib</file>
         <name>memmov.obj</name>
      </input_file>
      <input_file id="fl-d3">
         <path>C:\ti\ccsv7\tools\compiler\ti-cgt-arm_16.9.4.LTS\lib\</path>
         <kind>archive</kind>
         <file>rtsv7M4_T_le_eabi.lib</file>
         <name>memory.obj</name>
      </input_file>
      <input_file id="fl-d4">
         <path>C:\ti\ccsv7\tools\compiler\ti-cgt-arm_16.9.4.LTS\lib\</path>
         <kind>archive</kind>
         <file>rtsv7M4_T_le_eabi.lib</file>
         <name>memset_t2.obj</name>
      </input_file>
      <input_file id="fl-d5">
         <path>C:\ti\ccsv7\tools\compiler\ti-cgt-arm_16.9.4.LTS\lib\</path>
         <kind>archive</kind>
         <file>rtsv7M4_T_le_eabi.lib</file>
         <name>mpu_init.obj</name>
      </input_file>
      <input_file id="fl-d6">
         <path>C:\ti\ccsv7\tools\compiler\ti-cgt-arm_16.9.4.LTS\lib\</path>
         <kind>archive</kind>
         <file>rtsv7M4_T_le_eabi.lib</file>
         <name>pre_init.obj</name>
      </input_file>
      <input_file id="fl-d7">
         <path>C:\ti\ccsv7\tools\compiler\ti-cgt-arm_16.9.4.LTS\lib\</path>
         <kind>archive</kind>
         <file>rtsv7M4_T_le_eabi.lib</file>
         <name>stkdepth_vars.obj</name>
      </input_file>
      <input_file id="fl-d8">
         <path>C:\ti\ccsv7\tools\compiler\ti-cgt-arm_16.9.4.LTS\lib\</path>
         <kind>archive</kind>
         <file>rtsv7M4_T_le_eabi.lib</file>
         <name>strlen.obj</name>
      </input_file>
      <input_file id="fl-d9">
         <path>C:\ti\ccsv7\tools\compiler\ti-cgt-arm_16.9.4.LTS\lib\</path>
         <kind>archive</kind>
         <file>rtsv7M4_T_le_eabi.lib</file>
         <name>u_tofd_t2.obj</name>
      </input_file>
      <input_file id="fl-da">
         <path>C:\ti\ccsv7\tools\compiler\ti-cgt-arm_16.9.4.LTS\lib\</path>
         <kind>archive</kind>
         <file>rtsv7M4_T_le_eabi.lib</file>
         <name>vsnprintf.obj</name>
      </input_file>
      <input_file id="fl-db">
         <path>C:\ti\ccsv7\tools\compiler\ti-cgt-arm_16.9.4.LTS\lib\</path>
         <kind>archive</kind>
         <file>rtsv7M4_T_le_eabi.lib</file>
         <name>_lock.obj</name>
      </input_file>
      <input_file id="fl-dc">
         <path>C:\ti\ccsv7\tools\compiler\ti-cgt-arm_16.9.4.LTS\lib\</path>
         <kind>archive</kind>
         <file>rtsv7M4_T_le_eabi.lib</file>
         <name>_printfi.obj</name>
      </input_file>
      <input_file id="fl-dd">
         <path>C:\ti\ccsv7\tools\compiler\ti-cgt-arm_16.9.4.LTS\lib\</path>
         <kind>archive</kind>
         <file>rtsv7M4_T_le_eabi.lib</file>
         <name>args_main.obj</name>
      </input_file>
      <input_file id="fl-de">
         <path>C:\ti\ccsv7\tools\compiler\ti-cgt-arm_16.9.4.LTS\lib\</path>
         <kind>archive</kind>
         <file>rtsv7M4_T_le_eabi.lib</file>
         <name>atoi.obj</name>
      </input_file>
      <input_file id="fl-df">
         <path>C:\ti\ccsv7\tools\compiler\ti-cgt-arm_16.9.4.LTS\lib\</path>
         <kind>archive</kind>
         <file>rtsv7M4_T_le_eabi.lib</file>
         <name>autoinit.obj</name>
      </input_file>
      <input_file id="fl-e0">
         <path>C:\ti\ccsv7\tools\compiler\ti-cgt-arm_16.9.4.LTS\lib\</path>
         <kind>archive</kind>
         <file>rtsv7M4_T_le_eabi.lib</file>
         <name>cpy_tbl.obj</name>
      </input_file>
      <input_file id="fl-e1">
         <path>C:\ti\ccsv7\tools\compiler\ti-cgt-arm_16.9.4.LTS\lib\</path>
         <kind>archive</kind>
         <file>rtsv7M4_T_le_eabi.lib</file>
         <name>ctype.obj</name>
      </input_file>
      <input_file id="fl-e2">
         <path>C:\ti\ccsv7\tools\compiler\ti-cgt-arm_16.9.4.LTS\lib\</path>
         <kind>archive</kind>
         <file>rtsv7M4_T_le_eabi.lib</file>
         <name>fd_add_t2.obj</name>
      </input_file>
      <input_file id="fl-e3">
         <path>C:\ti\ccsv7\tools\compiler\ti-cgt-arm_16.9.4.LTS\lib\</path>
         <kind>archive</kind>
         <file>rtsv7M4_T_le_eabi.lib</file>
         <name>fd_cmp_t2.obj</name>
      </input_file>
      <input_file id="fl-e4">
         <path>C:\ti\ccsv7\tools\compiler\ti-cgt-arm_16.9.4.LTS\lib\</path>
         <kind>archive</kind>
         <file>rtsv7M4_T_le_eabi.lib</file>
         <name>fd_toi_t2.obj</name>
      </input_file>
      <input_file id="fl-e5">
         <path>C:\ti\ccsv7\tools\compiler\ti-cgt-arm_16.9.4.LTS\lib\</path>
         <kind>archive</kind>
         <file>rtsv7M4_T_le_eabi.lib</file>
         <name>i_tofd_t2.obj</name>
      </input_file>
      <input_file id="fl-e6">
         <path>C:\ti\ccsv7\tools\compiler\ti-cgt-arm_16.9.4.LTS\lib\</path>
         <kind>archive</kind>
         <file>rtsv7M4_T_le_eabi.lib</file>
         <name>ltoa.obj</name>
      </input_file>
      <input_file id="fl-e7">
         <path>C:\ti\ccsv7\tools\compiler\ti-cgt-arm_16.9.4.LTS\lib\</path>
         <kind>archive</kind>
         <file>rtsv7M4_T_le_eabi.lib</file>
         <name>memccpy.obj</name>
      </input_file>
      <input_file id="fl-e8">
         <path>C:\ti\ccsv7\tools\compiler\ti-cgt-arm_16.9.4.LTS\lib\</path>
         <kind>archive</kind>
         <file>rtsv7M4_T_le_eabi.lib</file>
         <name>s_frexp.obj</name>
      </input_file>
      <input_file id="fl-e9">
         <path>C:\ti\ccsv7\tools\compiler\ti-cgt-arm_16.9.4.LTS\lib\</path>
         <kind>archive</kind>
         <file>rtsv7M4_T_le_eabi.lib</file>
         <name>s_scalbn.obj</name>
      </input_file>
      <input_file id="fl-ea">
         <path>C:\ti\ccsv7\tools\compiler\ti-cgt-arm_16.9.4.LTS\lib\</path>
         <kind>archive</kind>
         <file>rtsv7M4_T_le_eabi.lib</file>
         <name>startup.obj</name>
      </input_file>
      <input_file id="fl-eb">
         <path>C:\ti\ccsv7\tools\compiler\ti-cgt-arm_16.9.4.LTS\lib\</path>
         <kind>archive</kind>
         <file>rtsv7M4_T_le_eabi.lib</file>
         <name>strchr.obj</name>
      </input_file>
      <input_file id="fl-ec">
         <path>C:\ti\ccsv7\tools\compiler\ti-cgt-arm_16.9.4.LTS\lib\</path>
         <kind>archive</kind>
         <file>rtsv7M4_T_le_eabi.lib</file>
         <name>ull_div_t2.obj</name>
      </input_file>
      <input_file id="fl-ed">
         <path>C:\ti\ccsv7\tools\compiler\ti-cgt-arm_16.9.4.LTS\lib\</path>
         <kind>archive</kind>
         <file>rtsv7M4_T_le_eabi.lib</file>
         <name>errno.obj</name>
      </input_file>
      <input_file id="fl-ee">
         <path>C:\ti\ccsv7\tools\compiler\ti-cgt-arm_16.9.4.LTS\lib\</path>
         <kind>archive</kind>
         <file>rtsv7M4_T_le_eabi.lib</file>
         <name>s_copysign.obj</name>
      </input_file>
      <input_file id="fl-ef">
         <path>C:\ti\CC3200SDK_1.3.0\cc3200-sdk\simplelink\ccs\NON_OS\</path>
         <kind>archive</kind>
         <file>simplelink.a</file>
         <name>device.obj</name>
      </input_file>
      <input_file id="fl-f0">
         <path>C:\ti\CC3200SDK_1.3.0\cc3200-sdk\simplelink\ccs\NON_OS\</path>
         <kind>archive</kind>
         <file>simplelink.a</file>
         <name>driver.obj</name>
      </input_file>
      <input_file id="fl-f1">
         <path>C:\ti\CC3200SDK_1.3.0\cc3200-sdk\simplelink\ccs\NON_OS\</path>
         <kind>archive</kind>
         <file>simplelink.a</file>
         <name>netapp.obj</name>
      </input_file>
      <input_file id="fl-f2">
         <path>C:\ti\CC3200SDK_1.3.0\cc3200-sdk\simplelink\ccs\NON_OS\</path>
         <kind>archive</kind>
         <file>simplelink.a</file>
         <name>netcfg.obj</name>
      </input_file>
      <input_file id="fl-f3">
         <path>C:\ti\CC3200SDK_1.3.0\cc3200-sdk\simplelink\ccs\NON_OS\</path>
         <kind>archive</kind>
         <file>simplelink.a</file>
         <name>nonos.obj</name>
      </input_file>
      <input_file id="fl-f4">
         <path>C:\ti\CC3200SDK_1.3.0\cc3200-sdk\simplelink\ccs\NON_OS\</path>
         <kind>archive</kind>
         <file>simplelink.a</file>
         <name>socket.obj</name>
      </input_file>
      <input_file id="fl-f5">
         <path>C:\ti\CC3200SDK_1.3.0\cc3200-sdk\simplelink\ccs\NON_OS\</path>
         <kind>archive</kind>
         <file>simplelink.a</file>
         <name>wlan.obj</name>
      </input_file>
      <input_file id="fl-f6">
         <path>C:\ti\CC3200SDK_1.3.0\cc3200-sdk\simplelink\ccs\NON_OS\</path>
         <kind>archive</kind>
         <file>simplelink.a</file>
         <name>cc_pal.obj</name>
      </input_file>
      <input_file id="fl-f7">
         <path>C:\ti\CC3200SDK_1.3.0\cc3200-sdk\driverlib\ccs\Release\</path>
         <kind>archive</kind>
         <file>driverlib.a</file>
         <name>gpio.obj</name>
      </input_file>
      <input_file id="fl-f8">
         <path>C:\ti\CC3200SDK_1.3.0\cc3200-sdk\driverlib\ccs\Release\</path>
         <kind>archive</kind>
         <file>driverlib.a</file>
         <name>hwspinlock.obj</name>
      </input_file>
      <input_file id="fl-f9">
         <path>C:\ti\CC3200SDK_1.3.0\cc3200-sdk\driverlib\ccs\Release\</path>
         <kind>archive</kind>
         <file>driverlib.a</file>
         <name>interrupt.obj</name>
      </input_file>
      <input_file id="fl-fa">
         <path>C:\ti\CC3200SDK_1.3.0\cc3200-sdk\driverlib\ccs\Release\</path>
         <kind>archive</kind>
         <file>driverlib.a</file>
         <name>pin.obj</name>
      </input_file>
      <input_file id="fl-fb">
         <path>C:\ti\CC3200SDK_1.3.0\cc3200-sdk\driverlib\ccs\Release\</path>
         <kind>archive</kind>
         <file>driverlib.a</file>
         <name>prcm.obj</name>
      </input_file>
      <input_file id="fl-fc">
         <path>C:\ti\CC3200SDK_1.3.0\cc3200-sdk\driverlib\ccs\Release\</path>
         <kind>archive</kind>
         <file>driverlib.a</file>
         <name>spi.obj</name>
      </input_file>
      <input_file id="fl-fd">
         <path>C:\ti\CC3200SDK_1.3.0\cc3200-sdk\driverlib\ccs\Release\</path>
         <kind>archive</kind>
         <file>driverlib.a</file>
         <name>timer.obj</name>
      </input_file>
      <input_file id="fl-fe">
         <path>C:\ti\CC3200SDK_1.3.0\cc3200-sdk\driverlib\ccs\Release\</path>
         <kind>archive</kind>
         <file>driverlib.a</file>
         <name>uart.obj</name>
      </input_file>
      <input_file id="fl-ff">
         <path>C:\ti\CC3200SDK_1.3.0\cc3200-sdk\driverlib\ccs\Release\</path>
         <kind>archive</kind>
         <file>driverlib.a</file>
         <name>udma.obj</name>
      </input_file>
      <input_file id="fl-100">
         <path>C:\ti\CC3200SDK_1.3.0\cc3200-sdk\driverlib\ccs\Release\</path>
         <kind>archive</kind>
         <file>driverlib.a</file>
         <name>utils.obj</name>
      </input_file>
      <input_file id="fl-101">
         <path>C:\ti\CC3200SDK_1.3.0\cc3200-sdk\driverlib\ccs\Release\</path>
         <kind>archive</kind>
         <file>driverlib.a</file>
         <name>cpu.obj</name>
      </input_file>
      <input_file id="fl-102">
         <path>C:\ti\CC3200SDK_1.3.0\cc3200-sdk\driverlib\ccs\Release\</path>
         <kind>archive</kind>
         <file>driverlib.a</file>
         <name>flash.obj</name>
      </input_file>
   </input_file_list>
   <object_component_list>
      <object_component id="oc-f">
         <name>.intvecs</name>
         <load_address>0x20004000</load_address>
         <run_address>0x20004000</run_address>
         <size>0x400</size>
         <input_file_ref idref="fl-5"/>
      </object_component>
      <object_component id="oc-41d">
         <name>.text</name>
         <load_address>0x20004400</load_address>
         <run_address>0x20004400</run_address>
         <size>0x1122</size>
         <input_file_ref idref="fl-dc"/>
      </object_component>
      <object_component id="oc-625">
         <name>.text:IntDefaultHandler</name>
         <load_address>0x20005522</load_address>
         <run_address>0x20005522</run_address>
         <size>0x2</size>
         <input_file_ref idref="fl-f9"/>
      </object_component>
      <object_component id="oc-a8">
         <name>.text</name>
         <load_address>0x20005524</load_address>
         <run_address>0x20005524</run_address>
         <size>0xc8c</size>
         <input_file_ref idref="fl-2"/>
      </object_component>
      <object_component id="oc-634">
         <name>.text:_SlDrvMsgRead</name>
         <load_address>0x200061b0</load_address>
         <run_address>0x200061b0</run_address>
         <size>0x590</size>
         <input_file_ref idref="fl-f0"/>
      </object_component>
      <object_component id="oc-264">
         <name>.text</name>
         <load_address>0x20006740</load_address>
         <run_address>0x20006740</run_address>
         <size>0x3d0</size>
         <input_file_ref idref="fl-d3"/>
      </object_component>
      <object_component id="oc-f0">
         <name>.text</name>
         <load_address>0x20006b10</load_address>
         <run_address>0x20006b10</run_address>
         <size>0x280</size>
         <input_file_ref idref="fl-7"/>
      </object_component>
      <object_component id="oc-6a3">
         <name>.text:_SlDrvRxHdrRead</name>
         <load_address>0x20006d90</load_address>
         <run_address>0x20006d90</run_address>
         <size>0x24c</size>
         <input_file_ref idref="fl-f0"/>
      </object_component>
      <object_component id="oc-589">
         <name>.text</name>
         <load_address>0x20006fdc</load_address>
         <run_address>0x20006fdc</run_address>
         <size>0x1f4</size>
         <input_file_ref idref="fl-ec"/>
      </object_component>
      <object_component id="oc-2a5">
         <name>.text:_SlDrvReleasePoolObj</name>
         <load_address>0x200071d0</load_address>
         <run_address>0x200071d0</run_address>
         <size>0x1d0</size>
         <input_file_ref idref="fl-f0"/>
      </object_component>
      <object_component id="oc-5a8">
         <name>.text</name>
         <load_address>0x200073a0</load_address>
         <run_address>0x200073a0</run_address>
         <size>0x1b6</size>
         <input_file_ref idref="fl-e2"/>
      </object_component>
      <object_component id="oc-59">
         <name>.text</name>
         <load_address>0x20007556</load_address>
         <run_address>0x20007556</run_address>
         <size>0x2</size>
         <input_file_ref idref="fl-d5"/>
      </object_component>
      <object_component id="oc-27b">
         <name>.text:_SlDrvDriverCBInit</name>
         <load_address>0x20007558</load_address>
         <run_address>0x20007558</run_address>
         <size>0x1b4</size>
         <input_file_ref idref="fl-f0"/>
      </object_component>
      <object_component id="oc-503">
         <name>.text:_SlDrvMsgWrite</name>
         <load_address>0x2000770c</load_address>
         <run_address>0x2000770c</run_address>
         <size>0x19c</size>
         <input_file_ref idref="fl-f0"/>
      </object_component>
      <object_component id="oc-1a7">
         <name>.text</name>
         <load_address>0x200078a8</load_address>
         <run_address>0x200078a8</run_address>
         <size>0x198</size>
         <input_file_ref idref="fl-6"/>
      </object_component>
      <object_component id="oc-48f">
         <name>.text:_SlDrvWaitForPoolObj</name>
         <load_address>0x20007a40</load_address>
         <run_address>0x20007a40</run_address>
         <size>0x190</size>
         <input_file_ref idref="fl-f0"/>
      </object_component>
      <object_component id="oc-ea">
         <name>.text:PRCMCC3200MCUInit</name>
         <load_address>0x20007bd0</load_address>
         <run_address>0x20007bd0</run_address>
         <size>0x178</size>
         <input_file_ref idref="fl-fb"/>
      </object_component>
      <object_component id="oc-6b5">
         <name>.text:_SlFindAndSetActiveObj</name>
         <load_address>0x20007d48</load_address>
         <run_address>0x20007d48</run_address>
         <size>0x170</size>
         <input_file_ref idref="fl-f0"/>
      </object_component>
      <object_component id="oc-281">
         <name>.text:spi_Open</name>
         <load_address>0x20007eb8</load_address>
         <run_address>0x20007eb8</run_address>
         <size>0x148</size>
         <input_file_ref idref="fl-f6"/>
      </object_component>
      <object_component id="oc-509">
         <name>.text:_SlDrvMsgReadCmdCtx</name>
         <load_address>0x20008000</load_address>
         <run_address>0x20008000</run_address>
         <size>0x144</size>
         <input_file_ref idref="fl-f0"/>
      </object_component>
      <object_component id="oc-171">
         <name>.text</name>
         <load_address>0x20008144</load_address>
         <run_address>0x20008144</run_address>
         <size>0x136</size>
         <input_file_ref idref="fl-ca"/>
      </object_component>
      <object_component id="oc-a0">
         <name>.text</name>
         <load_address>0x2000827a</load_address>
         <run_address>0x2000827a</run_address>
         <size>0x2</size>
         <input_file_ref idref="fl-ea"/>
      </object_component>
      <object_component id="oc-2ef">
         <name>.text:_SlDrvDriverCBDeinit</name>
         <load_address>0x2000827c</load_address>
         <run_address>0x2000827c</run_address>
         <size>0x130</size>
         <input_file_ref idref="fl-f0"/>
      </object_component>
      <object_component id="oc-707">
         <name>.text:_SlDrvNetAppEventHandler</name>
         <load_address>0x200083ac</load_address>
         <run_address>0x200083ac</run_address>
         <size>0x104</size>
         <input_file_ref idref="fl-f1"/>
      </object_component>
      <object_component id="oc-16c">
         <name>.text</name>
         <load_address>0x200084b0</load_address>
         <run_address>0x200084b0</run_address>
         <size>0xfc</size>
         <input_file_ref idref="fl-cb"/>
      </object_component>
      <object_component id="oc-10b">
         <name>.text:sl_Stop</name>
         <load_address>0x200085ac</load_address>
         <run_address>0x200085ac</run_address>
         <size>0xf0</size>
         <input_file_ref idref="fl-ef"/>
      </object_component>
      <object_component id="oc-6af">
         <name>.text:spi_Read</name>
         <load_address>0x2000869c</load_address>
         <run_address>0x2000869c</run_address>
         <size>0xf0</size>
         <input_file_ref idref="fl-f6"/>
      </object_component>
      <object_component id="oc-789">
         <name>.text:uDMAChannelTransferSet</name>
         <load_address>0x2000878c</load_address>
         <run_address>0x2000878c</run_address>
         <size>0xf0</size>
         <input_file_ref idref="fl-ff"/>
      </object_component>
      <object_component id="oc-f9">
         <name>.text:sl_Start</name>
         <load_address>0x2000887c</load_address>
         <run_address>0x2000887c</run_address>
         <size>0xec</size>
         <input_file_ref idref="fl-ef"/>
      </object_component>
      <object_component id="oc-63a">
         <name>.text:_SlAsyncEventGenericHandler</name>
         <load_address>0x20008968</load_address>
         <run_address>0x20008968</run_address>
         <size>0xe8</size>
         <input_file_ref idref="fl-f0"/>
      </object_component>
      <object_component id="oc-4ea">
         <name>.text:_SlDrvMsgReadSpawnCtx</name>
         <load_address>0x20008a50</load_address>
         <run_address>0x20008a50</run_address>
         <size>0xe8</size>
         <input_file_ref idref="fl-f0"/>
      </object_component>
      <object_component id="oc-1a1">
         <name>.text</name>
         <load_address>0x20008b38</load_address>
         <run_address>0x20008b38</run_address>
         <size>0xe4</size>
         <input_file_ref idref="fl-4"/>
      </object_component>
      <object_component id="oc-32a">
         <name>.text:sl_NetAppMDNSRegisterUnregisterService</name>
         <load_address>0x20008c1c</load_address>
         <run_address>0x20008c1c</run_address>
         <size>0xe4</size>
         <input_file_ref idref="fl-f1"/>
      </object_component>
      <object_component id="oc-6a9">
         <name>.text:_SlDrvClassifyRxMsg</name>
         <load_address>0x20008d00</load_address>
         <run_address>0x20008d00</run_address>
         <size>0xdc</size>
         <input_file_ref idref="fl-f0"/>
      </object_component>
      <object_component id="oc-154">
         <name>.text:sl_NetCfgGet</name>
         <load_address>0x20008ddc</load_address>
         <run_address>0x20008ddc</run_address>
         <size>0xd8</size>
         <input_file_ref idref="fl-f2"/>
      </object_component>
      <object_component id="oc-194">
         <name>.text</name>
         <load_address>0x20008eb4</load_address>
         <run_address>0x20008eb4</run_address>
         <size>0xd4</size>
         <input_file_ref idref="fl-9"/>
      </object_component>
      <object_component id="oc-5b3">
         <name>.text</name>
         <load_address>0x20008f88</load_address>
         <run_address>0x20008f88</run_address>
         <size>0xd0</size>
         <input_file_ref idref="fl-e9"/>
      </object_component>
      <object_component id="oc-747">
         <name>.text:_sl_HandleAsync_DnsGetHostByService</name>
         <load_address>0x20009058</load_address>
         <run_address>0x20009058</run_address>
         <size>0xcc</size>
         <input_file_ref idref="fl-f1"/>
      </object_component>
      <object_component id="oc-111">
         <name>.text:sl_DevGet</name>
         <load_address>0x20009124</load_address>
         <run_address>0x20009124</run_address>
         <size>0xcc</size>
         <input_file_ref idref="fl-ef"/>
      </object_component>
      <object_component id="oc-15a">
         <name>.text:sl_WlanGet</name>
         <load_address>0x200091f0</load_address>
         <run_address>0x200091f0</run_address>
         <size>0xcc</size>
         <input_file_ref idref="fl-f5"/>
      </object_component>
      <object_component id="oc-4ca">
         <name>.text:_SlRemoveFromList</name>
         <load_address>0x200092bc</load_address>
         <run_address>0x200092bc</run_address>
         <size>0xc4</size>
         <input_file_ref idref="fl-f0"/>
      </object_component>
      <object_component id="oc-2d3">
         <name>.text:_SlDrvCmdOp</name>
         <load_address>0x20009380</load_address>
         <run_address>0x20009380</run_address>
         <size>0xc0</size>
         <input_file_ref idref="fl-f0"/>
      </object_component>
      <object_component id="oc-447">
         <name>.text:_SlNonOsSemGet</name>
         <load_address>0x20009440</load_address>
         <run_address>0x20009440</run_address>
         <size>0xb0</size>
         <input_file_ref idref="fl-f3"/>
      </object_component>
      <object_component id="oc-4a9">
         <name>.text:IntDisable</name>
         <load_address>0x200094f0</load_address>
         <run_address>0x200094f0</run_address>
         <size>0xa8</size>
         <input_file_ref idref="fl-f9"/>
      </object_component>
      <object_component id="oc-e4">
         <name>.text:IntEnable</name>
         <load_address>0x20009598</load_address>
         <run_address>0x20009598</run_address>
         <size>0xa8</size>
         <input_file_ref idref="fl-f9"/>
      </object_component>
      <object_component id="oc-4c3">
         <name>.text:_SlDriverHandleError</name>
         <load_address>0x20009640</load_address>
         <run_address>0x20009640</run_address>
         <size>0xa4</size>
         <input_file_ref idref="fl-f0"/>
      </object_component>
      <object_component id="oc-362">
         <name>.text:SPIConfigSetExpClk</name>
         <load_address>0x200096e4</load_address>
         <run_address>0x200096e4</run_address>
         <size>0xa0</size>
         <input_file_ref idref="fl-fc"/>
      </object_component>
      <object_component id="oc-41">
         <name>.text</name>
         <load_address>0x20009784</load_address>
         <run_address>0x20009784</run_address>
         <size>0x9c</size>
         <input_file_ref idref="fl-d1"/>
      </object_component>
      <object_component id="oc-739">
         <name>.text:_SlDrvDeviceEventHandler</name>
         <load_address>0x20009820</load_address>
         <run_address>0x20009820</run_address>
         <size>0x9a</size>
         <input_file_ref idref="fl-ef"/>
      </object_component>
      <object_component id="oc-129">
         <name>.text:sl_NetCfgSet</name>
         <load_address>0x200098bc</load_address>
         <run_address>0x200098bc</run_address>
         <size>0x98</size>
         <input_file_ref idref="fl-f2"/>
      </object_component>
      <object_component id="oc-12f">
         <name>.text:sl_WlanSet</name>
         <load_address>0x20009954</load_address>
         <run_address>0x20009954</run_address>
         <size>0x98</size>
         <input_file_ref idref="fl-f5"/>
      </object_component>
      <object_component id="oc-643">
         <name>.text:spi_Write</name>
         <load_address>0x200099ec</load_address>
         <run_address>0x200099ec</run_address>
         <size>0x98</size>
         <input_file_ref idref="fl-f6"/>
      </object_component>
      <object_component id="oc-23a">
         <name>.text:PRCMPeripheralClockGet</name>
         <load_address>0x20009a84</load_address>
         <run_address>0x20009a84</run_address>
         <size>0x94</size>
         <input_file_ref idref="fl-fb"/>
      </object_component>
      <object_component id="oc-1c5">
         <name>.text</name>
         <load_address>0x20009b18</load_address>
         <run_address>0x20009b18</run_address>
         <size>0x92</size>
         <input_file_ref idref="fl-cd"/>
      </object_component>
      <object_component id="oc-741">
         <name>.text:_sl_HandleAsync_DnsGetHostByName</name>
         <load_address>0x20009bac</load_address>
         <run_address>0x20009bac</run_address>
         <size>0x90</size>
         <input_file_ref idref="fl-f1"/>
      </object_component>
      <object_component id="oc-70d">
         <name>.text:_sl_HandleAsync_PingResponse</name>
         <load_address>0x20009c3c</load_address>
         <run_address>0x20009c3c</run_address>
         <size>0x90</size>
         <input_file_ref idref="fl-f1"/>
      </object_component>
      <object_component id="oc-117">
         <name>.text:sl_WlanPolicySet</name>
         <load_address>0x20009ccc</load_address>
         <run_address>0x20009ccc</run_address>
         <size>0x90</size>
         <input_file_ref idref="fl-f5"/>
      </object_component>
      <object_component id="oc-714">
         <name>.text:SetupDMAReceive</name>
         <load_address>0x20009d5c</load_address>
         <run_address>0x20009d5c</run_address>
         <size>0x8c</size>
         <input_file_ref idref="fl-f6"/>
      </object_component>
      <object_component id="oc-6c0">
         <name>.text:SetupDMASend</name>
         <load_address>0x20009de8</load_address>
         <run_address>0x20009de8</run_address>
         <size>0x8c</size>
         <input_file_ref idref="fl-f6"/>
      </object_component>
      <object_component id="oc-5e5">
         <name>.text:_SlDrvIsTimeoutExpired</name>
         <load_address>0x20009e74</load_address>
         <run_address>0x20009e74</run_address>
         <size>0x8c</size>
         <input_file_ref idref="fl-f0"/>
      </object_component>
      <object_component id="oc-796">
         <name>.text:_sl_HandleAsync_InitComplete</name>
         <load_address>0x20009f00</load_address>
         <run_address>0x20009f00</run_address>
         <size>0x8c</size>
         <input_file_ref idref="fl-ef"/>
      </object_component>
      <object_component id="oc-188">
         <name>.text:PRCMHibernateIntervalSet</name>
         <load_address>0x20009f8c</load_address>
         <run_address>0x20009f8c</run_address>
         <size>0x88</size>
         <input_file_ref idref="fl-fb"/>
      </object_component>
      <object_component id="oc-563">
         <name>.text:PinConfigSet</name>
         <load_address>0x2000a014</load_address>
         <run_address>0x2000a014</run_address>
         <size>0x88</size>
         <input_file_ref idref="fl-fa"/>
      </object_component>
      <object_component id="oc-24c">
         <name>.text</name>
         <load_address>0x2000a09c</load_address>
         <run_address>0x2000a09c</run_address>
         <size>0x88</size>
         <input_file_ref idref="fl-da"/>
      </object_component>
      <object_component id="oc-58e">
         <name>.text:__aeabi_cdcmple</name>
         <load_address>0x2000a124</load_address>
         <run_address>0x2000a124</run_address>
         <size>0x86</size>
         <input_file_ref idref="fl-e3"/>
      </object_component>
      <object_component id="oc-593">
         <name>.text:__aeabi_cdrcmple</name>
         <load_address>0x2000a1aa</load_address>
         <run_address>0x2000a1aa</run_address>
         <size>0x86</size>
         <input_file_ref idref="fl-e3"/>
      </object_component>
      <object_component id="oc-141">
         <name>.text:sl_WlanRxFilterSet</name>
         <load_address>0x2000a230</load_address>
         <run_address>0x2000a230</run_address>
         <size>0x84</size>
         <input_file_ref idref="fl-f5"/>
      </object_component>
      <object_component id="oc-769">
         <name>.text:_sl_HandleAsync_Connect</name>
         <load_address>0x2000a2b4</load_address>
         <run_address>0x2000a2b4</run_address>
         <size>0x80</size>
         <input_file_ref idref="fl-f4"/>
      </object_component>
      <object_component id="oc-71a">
         <name>.text:spi_Read_CPU</name>
         <load_address>0x2000a334</load_address>
         <run_address>0x2000a334</run_address>
         <size>0x80</size>
         <input_file_ref idref="fl-f6"/>
      </object_component>
      <object_component id="oc-6cc">
         <name>.text:spi_Write_CPU</name>
         <load_address>0x2000a3b4</load_address>
         <run_address>0x2000a3b4</run_address>
         <size>0x80</size>
         <input_file_ref idref="fl-f6"/>
      </object_component>
      <object_component id="oc-17e">
         <name>.text</name>
         <load_address>0x2000a434</load_address>
         <run_address>0x2000a434</run_address>
         <size>0x7a</size>
         <input_file_ref idref="fl-ce"/>
      </object_component>
      <object_component id="oc-4d">
         <name>.text</name>
         <load_address>0x2000a4ae</load_address>
         <run_address>0x2000a4ae</run_address>
         <size>0x7a</size>
         <input_file_ref idref="fl-d4"/>
      </object_component>
      <object_component id="oc-2e9">
         <name>.text:spi_Close</name>
         <load_address>0x2000a528</load_address>
         <run_address>0x2000a528</run_address>
         <size>0x78</size>
         <input_file_ref idref="fl-f6"/>
      </object_component>
      <object_component id="oc-240">
         <name>.text:UARTConfigSetExpClk</name>
         <load_address>0x2000a5a0</load_address>
         <run_address>0x2000a5a0</run_address>
         <size>0x76</size>
         <input_file_ref idref="fl-fe"/>
      </object_component>
      <object_component id="oc-ff">
         <name>.text:_SlNonOsMainLoopTask</name>
         <load_address>0x2000a618</load_address>
         <run_address>0x2000a618</run_address>
         <size>0x74</size>
         <input_file_ref idref="fl-f3"/>
      </object_component>
      <object_component id="oc-350">
         <name>.text:HwSpinLockTryAcquire</name>
         <load_address>0x2000a68c</load_address>
         <run_address>0x2000a68c</run_address>
         <size>0x70</size>
         <input_file_ref idref="fl-f8"/>
      </object_component>
      <object_component id="oc-3b9">
         <name>.text:TimerIntRegister</name>
         <load_address>0x2000a6fc</load_address>
         <run_address>0x2000a6fc</run_address>
         <size>0x70</size>
         <input_file_ref idref="fl-fd"/>
      </object_component>
      <object_component id="oc-65">
         <name>.text</name>
         <load_address>0x2000a76c</load_address>
         <run_address>0x2000a76c</run_address>
         <size>0x70</size>
         <input_file_ref idref="fl-df"/>
      </object_component>
      <object_component id="oc-176">
         <name>.text</name>
         <load_address>0x2000a7dc</load_address>
         <run_address>0x2000a7dc</run_address>
         <size>0x6e</size>
         <input_file_ref idref="fl-cc"/>
      </object_component>
      <object_component id="oc-7a0">
         <name>.text:_SlDrvCmdSend</name>
         <load_address>0x2000a84c</load_address>
         <run_address>0x2000a84c</run_address>
         <size>0x6c</size>
         <input_file_ref idref="fl-f0"/>
      </object_component>
      <object_component id="oc-753">
         <name>.text:_sl_NetAppSendTokenValue</name>
         <load_address>0x2000a8b8</load_address>
         <run_address>0x2000a8b8</run_address>
         <size>0x6c</size>
         <input_file_ref idref="fl-f1"/>
      </object_component>
      <object_component id="oc-3dd">
         <name>.text:TimerIntUnregister</name>
         <load_address>0x2000a924</load_address>
         <run_address>0x2000a924</run_address>
         <size>0x68</size>
         <input_file_ref idref="fl-fd"/>
      </object_component>
      <object_component id="oc-12">
         <name>.text:decompress:lzss</name>
         <load_address>0x2000a98c</load_address>
         <run_address>0x2000a98c</run_address>
         <size>0x68</size>
         <input_file_ref idref="fl-c6"/>
      </object_component>
      <object_component id="oc-4e4">
         <name>.text:_SlNonOsSpawn</name>
         <load_address>0x2000a9f4</load_address>
         <run_address>0x2000a9f4</run_address>
         <size>0x64</size>
         <input_file_ref idref="fl-f3"/>
      </object_component>
      <object_component id="oc-763">
         <name>.text:_sl_HandleAsync_Accept</name>
         <load_address>0x2000aa58</load_address>
         <run_address>0x2000aa58</run_address>
         <size>0x64</size>
         <input_file_ref idref="fl-f4"/>
      </object_component>
      <object_component id="oc-135">
         <name>.text:sl_NetAppMDNSUnRegisterService</name>
         <load_address>0x2000aabc</load_address>
         <run_address>0x2000aabc</run_address>
         <size>0x64</size>
         <input_file_ref idref="fl-f1"/>
      </object_component>
      <object_component id="oc-5f8">
         <name>.text:uDMAChannelAttributeDisable</name>
         <load_address>0x2000ab20</load_address>
         <run_address>0x2000ab20</run_address>
         <size>0x64</size>
         <input_file_ref idref="fl-ff"/>
      </object_component>
      <object_component id="oc-783">
         <name>.text:uDMAChannelAttributeEnable</name>
         <load_address>0x2000ab84</load_address>
         <run_address>0x2000ab84</run_address>
         <size>0x64</size>
         <input_file_ref idref="fl-ff"/>
      </object_component>
      <object_component id="oc-11d">
         <name>.text:sl_WlanProfileDel</name>
         <load_address>0x2000abe8</load_address>
         <run_address>0x2000abe8</run_address>
         <size>0x60</size>
         <input_file_ref idref="fl-f5"/>
      </object_component>
      <object_component id="oc-105">
         <name>.text:sl_WlanSetMode</name>
         <load_address>0x2000ac48</load_address>
         <run_address>0x2000ac48</run_address>
         <size>0x60</size>
         <input_file_ref idref="fl-f5"/>
      </object_component>
      <object_component id="oc-5ad">
         <name>.text</name>
         <load_address>0x2000aca8</load_address>
         <run_address>0x2000aca8</run_address>
         <size>0x5c</size>
         <input_file_ref idref="fl-e8"/>
      </object_component>
      <object_component id="oc-4b5">
         <name>.text:IntPendClear</name>
         <load_address>0x2000ad04</load_address>
         <run_address>0x2000ad04</run_address>
         <size>0x58</size>
         <input_file_ref idref="fl-f9"/>
      </object_component>
      <object_component id="oc-22d">
         <name>.text:PRCMPeripheralReset</name>
         <load_address>0x2000ad5c</load_address>
         <run_address>0x2000ad5c</run_address>
         <size>0x58</size>
         <input_file_ref idref="fl-fb"/>
      </object_component>
      <object_component id="oc-3b3">
         <name>.text:IntPrioritySet</name>
         <load_address>0x2000adb4</load_address>
         <run_address>0x2000adb4</run_address>
         <size>0x54</size>
         <input_file_ref idref="fl-f9"/>
      </object_component>
      <object_component id="oc-2b7">
         <name>.text:_SlDrvRxIrqHandler</name>
         <load_address>0x2000ae08</load_address>
         <run_address>0x2000ae08</run_address>
         <size>0x54</size>
         <input_file_ref idref="fl-f0"/>
      </object_component>
      <object_component id="oc-76f">
         <name>.text:_sl_HandleAsync_Select</name>
         <load_address>0x2000ae5c</load_address>
         <run_address>0x2000ae5c</run_address>
         <size>0x54</size>
         <input_file_ref idref="fl-f4"/>
      </object_component>
      <object_component id="oc-71">
         <name>.text</name>
         <load_address>0x2000aeb0</load_address>
         <run_address>0x2000aeb0</run_address>
         <size>0x54</size>
         <input_file_ref idref="fl-c9"/>
      </object_component>
      <object_component id="oc-59d">
         <name>.text</name>
         <load_address>0x2000af04</load_address>
         <run_address>0x2000af04</run_address>
         <size>0x54</size>
         <input_file_ref idref="fl-e6"/>
      </object_component>
      <object_component id="oc-775">
         <name>.text:_sl_HandleAsync_Stop</name>
         <load_address>0x2000af58</load_address>
         <run_address>0x2000af58</run_address>
         <size>0x50</size>
         <input_file_ref idref="fl-ef"/>
      </object_component>
      <object_component id="oc-183">
         <name>.text</name>
         <load_address>0x2000afa8</load_address>
         <run_address>0x2000afa8</run_address>
         <size>0x50</size>
         <input_file_ref idref="fl-d0"/>
      </object_component>
      <object_component id="oc-386">
         <name>.text:HwSpinLockRelease</name>
         <load_address>0x2000aff8</load_address>
         <run_address>0x2000aff8</run_address>
         <size>0x4c</size>
         <input_file_ref idref="fl-f8"/>
      </object_component>
      <object_component id="oc-476">
         <name>.text:SPIIntEnable</name>
         <load_address>0x2000b044</load_address>
         <run_address>0x2000b044</run_address>
         <size>0x4c</size>
         <input_file_ref idref="fl-fc"/>
      </object_component>
      <object_component id="oc-64e">
         <name>.text:SPIIntNumberGet</name>
         <load_address>0x2000b090</load_address>
         <run_address>0x2000b090</run_address>
         <size>0x4c</size>
         <input_file_ref idref="fl-fc"/>
      </object_component>
      <object_component id="oc-287">
         <name>.text:_SlDrvProtectAsyncRespSetting</name>
         <load_address>0x2000b0dc</load_address>
         <run_address>0x2000b0dc</run_address>
         <size>0x4c</size>
         <input_file_ref idref="fl-f0"/>
      </object_component>
      <object_component id="oc-5bf">
         <name>.text</name>
         <load_address>0x2000b128</load_address>
         <run_address>0x2000b128</run_address>
         <size>0x4c</size>
         <input_file_ref idref="fl-de"/>
      </object_component>
      <object_component id="oc-9a">
         <name>.text</name>
         <load_address>0x2000b174</load_address>
         <run_address>0x2000b174</run_address>
         <size>0x4c</size>
         <input_file_ref idref="fl-e0"/>
      </object_component>
      <object_component id="oc-5f2">
         <name>.text:uDMAChannelAssign</name>
         <load_address>0x2000b1c0</load_address>
         <run_address>0x2000b1c0</run_address>
         <size>0x4c</size>
         <input_file_ref idref="fl-ff"/>
      </object_component>
      <object_component id="oc-18e">
         <name>.text:PRCMHibernateWakeupSourceEnable</name>
         <load_address>0x2000b20c</load_address>
         <run_address>0x2000b20c</run_address>
         <size>0x48</size>
         <input_file_ref idref="fl-fb"/>
      </object_component>
      <object_component id="oc-613">
         <name>.text:SPIIntClear</name>
         <load_address>0x2000b254</load_address>
         <run_address>0x2000b254</run_address>
         <size>0x48</size>
         <input_file_ref idref="fl-fc"/>
      </object_component>
      <object_component id="oc-315">
         <name>.text:_SlDrvBasicCmd</name>
         <load_address>0x2000b29c</load_address>
         <run_address>0x2000b29c</run_address>
         <size>0x48</size>
         <input_file_ref idref="fl-f0"/>
      </object_component>
      <object_component id="oc-598">
         <name>.text</name>
         <load_address>0x2000b2e4</load_address>
         <run_address>0x2000b2e4</run_address>
         <size>0x48</size>
         <input_file_ref idref="fl-e4"/>
      </object_component>
      <object_component id="oc-603">
         <name>.text:SPIDmaMaskGet</name>
         <load_address>0x2000b32c</load_address>
         <run_address>0x2000b32c</run_address>
         <size>0x44</size>
         <input_file_ref idref="fl-fc"/>
      </object_component>
      <object_component id="oc-3a7">
         <name>.text:TimerConfigure</name>
         <load_address>0x2000b370</load_address>
         <run_address>0x2000b370</run_address>
         <size>0x44</size>
         <input_file_ref idref="fl-fd"/>
      </object_component>
      <object_component id="oc-29f">
         <name>.text:_SlDrvSyncObjWaitTimeout</name>
         <load_address>0x2000b3b4</load_address>
         <run_address>0x2000b3b4</run_address>
         <size>0x44</size>
         <input_file_ref idref="fl-f0"/>
      </object_component>
      <object_component id="oc-727">
         <name>.text:cc_SetupTransfer</name>
         <load_address>0x2000b3f8</load_address>
         <run_address>0x2000b3f8</run_address>
         <size>0x44</size>
         <input_file_ref idref="fl-f6"/>
      </object_component>
      <object_component id="oc-38e">
         <name>.text:PinModeSet</name>
         <load_address>0x2000b43c</load_address>
         <run_address>0x2000b43c</run_address>
         <size>0x40</size>
         <input_file_ref idref="fl-fa"/>
      </object_component>
      <object_component id="oc-24">
         <name>.text</name>
         <load_address>0x2000b47c</load_address>
         <run_address>0x2000b47c</run_address>
         <size>0x40</size>
         <input_file_ref idref="fl-c5"/>
      </object_component>
      <object_component id="oc-293">
         <name>.text:NwpRegisterInterruptHandler</name>
         <load_address>0x2000b4bc</load_address>
         <run_address>0x2000b4bc</run_address>
         <size>0x3e</size>
         <input_file_ref idref="fl-f6"/>
      </object_component>
      <object_component id="oc-75a">
         <name>.text:CopyPingResultsToReport</name>
         <load_address>0x2000b4fa</load_address>
         <run_address>0x2000b4fa</run_address>
         <size>0x3c</size>
         <input_file_ref idref="fl-f1"/>
      </object_component>
      <object_component id="oc-227">
         <name>.text:PRCMPeripheralClkEnable</name>
         <load_address>0x2000b538</load_address>
         <run_address>0x2000b538</run_address>
         <size>0x3c</size>
         <input_file_ref idref="fl-fb"/>
      </object_component>
      <object_component id="oc-6f4">
         <name>.text:simplelink_timerA2_start</name>
         <load_address>0x2000b574</load_address>
         <run_address>0x2000b574</run_address>
         <size>0x3c</size>
         <input_file_ref idref="fl-f6"/>
      </object_component>
      <object_component id="oc-77d">
         <name>.text:uDMAChannelControlSet</name>
         <load_address>0x2000b5b0</load_address>
         <run_address>0x2000b5b0</run_address>
         <size>0x3c</size>
         <input_file_ref idref="fl-ff"/>
      </object_component>
      <object_component id="oc-28d">
         <name>.text:NwpPowerOff</name>
         <load_address>0x2000b5ec</load_address>
         <run_address>0x2000b5ec</run_address>
         <size>0x38</size>
         <input_file_ref idref="fl-f6"/>
      </object_component>
      <object_component id="oc-1ca">
         <name>.text</name>
         <load_address>0x2000b624</load_address>
         <run_address>0x2000b624</run_address>
         <size>0x38</size>
         <input_file_ref idref="fl-cf"/>
      </object_component>
      <object_component id="oc-123">
         <name>.text:sl_WlanDisconnect</name>
         <load_address>0x2000b65c</load_address>
         <run_address>0x2000b65c</run_address>
         <size>0x38</size>
         <input_file_ref idref="fl-f5"/>
      </object_component>
      <object_component id="oc-39a">
         <name>.text:GPIODirModeSet</name>
         <load_address>0x2000b694</load_address>
         <run_address>0x2000b694</run_address>
         <size>0x36</size>
         <input_file_ref idref="fl-f7"/>
      </object_component>
      <object_component id="oc-1ad">
         <name>.text:TimerControlStall</name>
         <load_address>0x2000b6ca</load_address>
         <run_address>0x2000b6ca</run_address>
         <size>0x36</size>
         <input_file_ref idref="fl-fd"/>
      </object_component>
      <object_component id="oc-356">
         <name>.text:PRCMPeripheralStatusGet</name>
         <load_address>0x2000b700</load_address>
         <run_address>0x2000b700</run_address>
         <size>0x34</size>
         <input_file_ref idref="fl-fb"/>
      </object_component>
      <object_component id="oc-46a">
         <name>.text:SPIFIFOLevelSet</name>
         <load_address>0x2000b734</load_address>
         <run_address>0x2000b734</run_address>
         <size>0x34</size>
         <input_file_ref idref="fl-fc"/>
      </object_component>
      <object_component id="oc-394">
         <name>.text:PinTypeGPIO</name>
         <load_address>0x2000b768</load_address>
         <run_address>0x2000b768</run_address>
         <size>0x30</size>
         <input_file_ref idref="fl-fa"/>
      </object_component>
      <object_component id="oc-40f">
         <name>.text:UARTDisable</name>
         <load_address>0x2000b798</load_address>
         <run_address>0x2000b798</run_address>
         <size>0x30</size>
         <input_file_ref idref="fl-fe"/>
      </object_component>
      <object_component id="oc-5a3">
         <name>.text</name>
         <load_address>0x2000b7c8</load_address>
         <run_address>0x2000b7c8</run_address>
         <size>0x2e</size>
         <input_file_ref idref="fl-e5"/>
      </object_component>
      <object_component id="oc-299">
         <name>.text:NwpPowerOn</name>
         <load_address>0x2000b7f8</load_address>
         <run_address>0x2000b7f8</run_address>
         <size>0x2c</size>
         <input_file_ref idref="fl-f6"/>
      </object_component>
      <object_component id="oc-14e">
         <name>.text:PRCMSysResetCauseGet</name>
         <load_address>0x2000b824</load_address>
         <run_address>0x2000b824</run_address>
         <size>0x2c</size>
         <input_file_ref idref="fl-fb"/>
      </object_component>
      <object_component id="oc-4f7">
         <name>.text:_SlDrvObjGlobalLockWaitForever</name>
         <load_address>0x2000b850</load_address>
         <run_address>0x2000b850</run_address>
         <size>0x2c</size>
         <input_file_ref idref="fl-f0"/>
      </object_component>
      <object_component id="oc-495">
         <name>.text:_SlDrvProtectionObjLockWaitForever</name>
         <load_address>0x2000b87c</load_address>
         <run_address>0x2000b87c</run_address>
         <size>0x2c</size>
         <input_file_ref idref="fl-f0"/>
      </object_component>
      <object_component id="oc-1b3">
         <name>.text:TimerLoadSet</name>
         <load_address>0x2000b8a8</load_address>
         <run_address>0x2000b8a8</run_address>
         <size>0x2a</size>
         <input_file_ref idref="fl-fd"/>
      </object_component>
      <object_component id="oc-3ad">
         <name>.text:TimerPrescaleSet</name>
         <load_address>0x2000b8d2</load_address>
         <run_address>0x2000b8d2</run_address>
         <size>0x2a</size>
         <input_file_ref idref="fl-fd"/>
      </object_component>
      <object_component id="oc-233">
         <name>.text:PRCMPeripheralClkDisable</name>
         <load_address>0x2000b8fc</load_address>
         <run_address>0x2000b8fc</run_address>
         <size>0x28</size>
         <input_file_ref idref="fl-fb"/>
      </object_component>
      <object_component id="oc-4fd">
         <name>.text:_SlDrvGlobalObjUnLock</name>
         <load_address>0x2000b924</load_address>
         <run_address>0x2000b924</run_address>
         <size>0x28</size>
         <input_file_ref idref="fl-f0"/>
      </object_component>
      <object_component id="oc-49b">
         <name>.text:_SlDrvProtectionObjUnLock</name>
         <load_address>0x2000b94c</load_address>
         <run_address>0x2000b94c</run_address>
         <size>0x28</size>
         <input_file_ref idref="fl-f0"/>
      </object_component>
      <object_component id="oc-61a">
         <name>.text:_SlDrvSyncObjWaitForever</name>
         <load_address>0x2000b974</load_address>
         <run_address>0x2000b974</run_address>
         <size>0x28</size>
         <input_file_ref idref="fl-f0"/>
      </object_component>
      <object_component id="oc-482">
         <name>.text:DmaSpiSwIntHandler</name>
         <load_address>0x2000b99c</load_address>
         <run_address>0x2000b99c</run_address>
         <size>0x24</size>
         <input_file_ref idref="fl-f6"/>
      </object_component>
      <object_component id="oc-4af">
         <name>.text:IntUnregister</name>
         <load_address>0x2000b9c0</load_address>
         <run_address>0x2000b9c0</run_address>
         <size>0x24</size>
         <input_file_ref idref="fl-f9"/>
      </object_component>
      <object_component id="oc-415">
         <name>.text:UARTEnable</name>
         <load_address>0x2000b9e4</load_address>
         <run_address>0x2000b9e4</run_address>
         <size>0x24</size>
         <input_file_ref idref="fl-fe"/>
      </object_component>
      <object_component id="oc-25e">
         <name>.text</name>
         <load_address>0x2000ba08</load_address>
         <run_address>0x2000ba08</run_address>
         <size>0x24</size>
         <input_file_ref idref="fl-d2"/>
      </object_component>
      <object_component id="oc-35c">
         <name>.text:SPIReset</name>
         <load_address>0x2000ba2c</load_address>
         <run_address>0x2000ba2c</run_address>
         <size>0x22</size>
         <input_file_ref idref="fl-fc"/>
      </object_component>
      <object_component id="oc-6c6">
         <name>.text:SPIWordCountSet</name>
         <load_address>0x2000ba4e</load_address>
         <run_address>0x2000ba4e</run_address>
         <size>0x22</size>
         <input_file_ref idref="fl-fc"/>
      </object_component>
      <object_component id="oc-470">
         <name>.text:IntRegister</name>
         <load_address>0x2000ba70</load_address>
         <run_address>0x2000ba70</run_address>
         <size>0x20</size>
         <input_file_ref idref="fl-f9"/>
      </object_component>
      <object_component id="oc-2e3">
         <name>.text:NwpPrePowerOffTimout0</name>
         <load_address>0x2000ba90</load_address>
         <run_address>0x2000ba90</run_address>
         <size>0x20</size>
         <input_file_ref idref="fl-f6"/>
      </object_component>
      <object_component id="oc-37a">
         <name>.text:SPIDataGet</name>
         <load_address>0x2000bab0</load_address>
         <run_address>0x2000bab0</run_address>
         <size>0x20</size>
         <input_file_ref idref="fl-fc"/>
      </object_component>
      <object_component id="oc-690">
         <name>.text:TimerGetCurrentTimestamp</name>
         <load_address>0x2000bad0</load_address>
         <run_address>0x2000bad0</run_address>
         <size>0x20</size>
         <input_file_ref idref="fl-f6"/>
      </object_component>
      <object_component id="oc-4d0">
         <name>.text:_SlDrvSyncObjSignal</name>
         <load_address>0x2000baf0</load_address>
         <run_address>0x2000baf0</run_address>
         <size>0x20</size>
         <input_file_ref idref="fl-f0"/>
      </object_component>
      <object_component id="oc-167">
         <name>.text</name>
         <load_address>0x2000bb10</load_address>
         <run_address>0x2000bb10</run_address>
         <size>0x20</size>
         <input_file_ref idref="fl-d9"/>
      </object_component>
      <object_component id="oc-374">
         <name>.text:SPIDataPut</name>
         <load_address>0x2000bb30</load_address>
         <run_address>0x2000bb30</run_address>
         <size>0x1e</size>
         <input_file_ref idref="fl-fc"/>
      </object_component>
      <object_component id="oc-3d1">
         <name>.text:TimerDisable</name>
         <load_address>0x2000bb4e</load_address>
         <run_address>0x2000bb4e</run_address>
         <size>0x1e</size>
         <input_file_ref idref="fl-fd"/>
      </object_component>
      <object_component id="oc-1b9">
         <name>.text:TimerEnable</name>
         <load_address>0x2000bb6c</load_address>
         <run_address>0x2000bb6c</run_address>
         <size>0x1e</size>
         <input_file_ref idref="fl-fd"/>
      </object_component>
      <object_component id="oc-3c5">
         <name>.text:TimerIntStatus</name>
         <load_address>0x2000bb8a</load_address>
         <run_address>0x2000bb8a</run_address>
         <size>0x1e</size>
         <input_file_ref idref="fl-fd"/>
      </object_component>
      <object_component id="oc-246">
         <name>.text:UARTCharPut</name>
         <load_address>0x2000bba8</load_address>
         <run_address>0x2000bba8</run_address>
         <size>0x1e</size>
         <input_file_ref idref="fl-fe"/>
      </object_component>
      <object_component id="oc-458">
         <name>.text:cc_UDMAChannelSelect</name>
         <load_address>0x2000bbc6</load_address>
         <run_address>0x2000bbc6</run_address>
         <size>0x1e</size>
         <input_file_ref idref="fl-f6"/>
      </object_component>
      <object_component id="oc-161">
         <name>.text:TimerValueGet</name>
         <load_address>0x2000bbe4</load_address>
         <run_address>0x2000bbe4</run_address>
         <size>0x1c</size>
         <input_file_ref idref="fl-fd"/>
      </object_component>
      <object_component id="oc-258">
         <name>.text:UARTCharGetNonBlocking</name>
         <load_address>0x2000bc00</load_address>
         <run_address>0x2000bc00</run_address>
         <size>0x1c</size>
         <input_file_ref idref="fl-fe"/>
      </object_component>
      <object_component id="oc-5df">
         <name>.text:_SlDrvStartMeasureTimeout</name>
         <load_address>0x2000bc1c</load_address>
         <run_address>0x2000bc1c</run_address>
         <size>0x1c</size>
         <input_file_ref idref="fl-f0"/>
      </object_component>
      <object_component id="oc-5c5">
         <name>.text</name>
         <load_address>0x2000bc38</load_address>
         <run_address>0x2000bc38</run_address>
         <size>0x1c</size>
         <input_file_ref idref="fl-e7"/>
      </object_component>
      <object_component id="oc-78f">
         <name>.text:uDMAChannelEnable</name>
         <load_address>0x2000bc54</load_address>
         <run_address>0x2000bc54</run_address>
         <size>0x1c</size>
         <input_file_ref idref="fl-ff"/>
      </object_component>
      <object_component id="oc-3a0">
         <name>.text:PinTypeUART</name>
         <load_address>0x2000bc70</load_address>
         <run_address>0x2000bc70</run_address>
         <size>0x1a</size>
         <input_file_ref idref="fl-fa"/>
      </object_component>
      <object_component id="oc-521">
         <name>.text:SPIDmaDisable</name>
         <load_address>0x2000bc8a</load_address>
         <run_address>0x2000bc8a</run_address>
         <size>0x1a</size>
         <input_file_ref idref="fl-fc"/>
      </object_component>
      <object_component id="oc-464">
         <name>.text:SPIDmaEnable</name>
         <load_address>0x2000bca4</load_address>
         <run_address>0x2000bca4</run_address>
         <size>0x1a</size>
         <input_file_ref idref="fl-fc"/>
      </object_component>
      <object_component id="oc-51b">
         <name>.text:SPIFIFODisable</name>
         <load_address>0x2000bcbe</load_address>
         <run_address>0x2000bcbe</run_address>
         <size>0x1a</size>
         <input_file_ref idref="fl-fc"/>
      </object_component>
      <object_component id="oc-45e">
         <name>.text:SPIFIFOEnable</name>
         <load_address>0x2000bcd8</load_address>
         <run_address>0x2000bcd8</run_address>
         <size>0x1a</size>
         <input_file_ref idref="fl-fc"/>
      </object_component>
      <object_component id="oc-515">
         <name>.text:SPIIntUnregister</name>
         <load_address>0x2000bcf2</load_address>
         <run_address>0x2000bcf2</run_address>
         <size>0x1a</size>
         <input_file_ref idref="fl-fc"/>
      </object_component>
      <object_component id="oc-1bf">
         <name>.text:GPIOPinRead</name>
         <load_address>0x2000bd0c</load_address>
         <run_address>0x2000bd0c</run_address>
         <size>0x18</size>
         <input_file_ref idref="fl-f7"/>
      </object_component>
      <object_component id="oc-380">
         <name>.text:SPICSDisable</name>
         <load_address>0x2000bd24</load_address>
         <run_address>0x2000bd24</run_address>
         <size>0x18</size>
         <input_file_ref idref="fl-fc"/>
      </object_component>
      <object_component id="oc-36e">
         <name>.text:SPICSEnable</name>
         <load_address>0x2000bd3c</load_address>
         <run_address>0x2000bd3c</run_address>
         <size>0x18</size>
         <input_file_ref idref="fl-fc"/>
      </object_component>
      <object_component id="oc-452">
         <name>.text:SPIDisable</name>
         <load_address>0x2000bd54</load_address>
         <run_address>0x2000bd54</run_address>
         <size>0x18</size>
         <input_file_ref idref="fl-fc"/>
      </object_component>
      <object_component id="oc-368">
         <name>.text:SPIEnable</name>
         <load_address>0x2000bd6c</load_address>
         <run_address>0x2000bd6c</run_address>
         <size>0x18</size>
         <input_file_ref idref="fl-fc"/>
      </object_component>
      <object_component id="oc-3d7">
         <name>.text:TimerIntDisable</name>
         <load_address>0x2000bd84</load_address>
         <run_address>0x2000bd84</run_address>
         <size>0x18</size>
         <input_file_ref idref="fl-fd"/>
      </object_component>
      <object_component id="oc-3bf">
         <name>.text:TimerIntEnable</name>
         <load_address>0x2000bd9c</load_address>
         <run_address>0x2000bd9c</run_address>
         <size>0x18</size>
         <input_file_ref idref="fl-fd"/>
      </object_component>
      <object_component id="oc-252">
         <name>.text:UARTCharsAvail</name>
         <load_address>0x2000bdb4</load_address>
         <run_address>0x2000bdb4</run_address>
         <size>0x18</size>
         <input_file_ref idref="fl-fe"/>
      </object_component>
      <object_component id="oc-441">
         <name>.text:_SlNonOsSemSet</name>
         <load_address>0x2000bdcc</load_address>
         <run_address>0x2000bdcc</run_address>
         <size>0x18</size>
         <input_file_ref idref="fl-f3"/>
      </object_component>
      <object_component id="oc-2ab">
         <name>.text:_sl_GetStartResponseConvert</name>
         <load_address>0x2000bde4</load_address>
         <run_address>0x2000bde4</run_address>
         <size>0x18</size>
         <input_file_ref idref="fl-ef"/>
      </object_component>
      <object_component id="oc-6b">
         <name>.text</name>
         <load_address>0x2000bdfc</load_address>
         <run_address>0x2000bdfc</run_address>
         <size>0x18</size>
         <input_file_ref idref="fl-dd"/>
      </object_component>
      <object_component id="oc-21b">
         <name>.text:PRCMHIBRegRead</name>
         <load_address>0x2000be14</load_address>
         <run_address>0x2000be14</run_address>
         <size>0x16</size>
         <input_file_ref idref="fl-fb"/>
      </object_component>
      <object_component id="oc-221">
         <name>.text:PRCMHIBRegWrite</name>
         <load_address>0x2000be2a</load_address>
         <run_address>0x2000be2a</run_address>
         <size>0x16</size>
         <input_file_ref idref="fl-fb"/>
      </object_component>
      <object_component id="oc-43b">
         <name>.text:_SlDrvMemZero</name>
         <load_address>0x2000be40</load_address>
         <run_address>0x2000be40</run_address>
         <size>0x16</size>
         <input_file_ref idref="fl-f0"/>
      </object_component>
      <object_component id="oc-5b9">
         <name>.text</name>
         <load_address>0x2000be56</load_address>
         <run_address>0x2000be56</run_address>
         <size>0x16</size>
         <input_file_ref idref="fl-eb"/>
      </object_component>
      <object_component id="oc-20b">
         <name>.text:CPUcpsie</name>
         <load_address>0x2000be6c</load_address>
         <run_address>0x2000be6c</run_address>
         <size>0x14</size>
         <input_file_ref idref="fl-101"/>
      </object_component>
      <object_component id="oc-d8">
         <name>.text:IntVTableBaseSet</name>
         <load_address>0x2000be80</load_address>
         <run_address>0x2000be80</run_address>
         <size>0x14</size>
         <input_file_ref idref="fl-f9"/>
      </object_component>
      <object_component id="oc-19a">
         <name>.text:PRCMHibernateEnter</name>
         <load_address>0x2000be94</load_address>
         <run_address>0x2000be94</run_address>
         <size>0x14</size>
         <input_file_ref idref="fl-fb"/>
      </object_component>
      <object_component id="oc-1f2">
         <name>.text</name>
         <load_address>0x2000bea8</load_address>
         <run_address>0x2000bea8</run_address>
         <size>0x14</size>
         <input_file_ref idref="fl-db"/>
      </object_component>
      <object_component id="oc-148">
         <name>.text</name>
         <load_address>0x2000bebc</load_address>
         <run_address>0x2000bebc</run_address>
         <size>0x14</size>
         <input_file_ref idref="fl-d8"/>
      </object_component>
      <object_component id="oc-3cb">
         <name>.text:TimerIntClear</name>
         <load_address>0x2000bed0</load_address>
         <run_address>0x2000bed0</run_address>
         <size>0x12</size>
         <input_file_ref idref="fl-fd"/>
      </object_component>
      <object_component id="oc-74d">
         <name>.text:_SlDrvDispatchHttpServerEvents</name>
         <load_address>0x2000bee2</load_address>
         <run_address>0x2000bee2</run_address>
         <size>0x10</size>
         <input_file_ref idref="fl-f0"/>
      </object_component>
      <object_component id="oc-2fe">
         <name>.text:_SlDrvResetCmdExt</name>
         <load_address>0x2000bef2</load_address>
         <run_address>0x2000bef2</run_address>
         <size>0xe</size>
         <input_file_ref idref="fl-f0"/>
      </object_component>
      <object_component id="oc-18">
         <name>.text:decompress:none</name>
         <load_address>0x2000bf00</load_address>
         <run_address>0x2000bf00</run_address>
         <size>0xe</size>
         <input_file_ref idref="fl-c7"/>
      </object_component>
      <object_component id="oc-2d">
         <name>.text</name>
         <load_address>0x2000bf0e</load_address>
         <run_address>0x2000bf0e</run_address>
         <size>0xe</size>
         <input_file_ref idref="fl-5"/>
      </object_component>
      <object_component id="oc-4a2">
         <name>.text:NwpMaskInterrupt</name>
         <load_address>0x2000bf1c</load_address>
         <run_address>0x2000bf1c</run_address>
         <size>0xc</size>
         <input_file_ref idref="fl-f6"/>
      </object_component>
      <object_component id="oc-4bc">
         <name>.text:NwpUnMaskInterrupt</name>
         <load_address>0x2000bf28</load_address>
         <run_address>0x2000bf28</run_address>
         <size>0xc</size>
         <input_file_ref idref="fl-f6"/>
      </object_component>
      <object_component id="oc-1e">
         <name>.text:decompress:ZI</name>
         <load_address>0x2000bf34</load_address>
         <run_address>0x2000bf34</run_address>
         <size>0xc</size>
         <input_file_ref idref="fl-c8"/>
      </object_component>
      <object_component id="oc-de">
         <name>.text:IntMasterEnable</name>
         <load_address>0x2000bf40</load_address>
         <run_address>0x2000bf40</run_address>
         <size>0xa</size>
         <input_file_ref idref="fl-f9"/>
      </object_component>
      <object_component id="oc-675">
         <name>.text</name>
         <load_address>0x2000bf4a</load_address>
         <run_address>0x2000bf4a</run_address>
         <size>0x8</size>
         <input_file_ref idref="fl-ee"/>
      </object_component>
      <object_component id="oc-160">
         <name>.text:UtilsDelay</name>
         <load_address>0x2000bf52</load_address>
         <run_address>0x2000bf52</run_address>
         <size>0x6</size>
         <input_file_ref idref="fl-100"/>
      </object_component>
      <object_component id="oc-5f">
         <name>.text</name>
         <load_address>0x2000bf58</load_address>
         <run_address>0x2000bf58</run_address>
         <size>0x4</size>
         <input_file_ref idref="fl-d6"/>
      </object_component>
      <object_component id="oc-682">
         <name>.const:.string:_ctypes_</name>
         <load_address>0x2000bf5c</load_address>
         <run_address>0x2000bf5c</run_address>
         <size>0x101</size>
         <input_file_ref idref="fl-e1"/>
      </object_component>
      <object_component id="oc-55f">
         <name>.const:g_ulPinToPadMap</name>
         <load_address>0x2000c060</load_address>
         <run_address>0x2000c060</run_address>
         <size>0x100</size>
         <input_file_ref idref="fl-fa"/>
      </object_component>
      <object_component id="oc-56e">
         <name>.const:g_pulRegs</name>
         <load_address>0x2000c160</load_address>
         <run_address>0x2000c160</run_address>
         <size>0xd4</size>
         <input_file_ref idref="fl-f9"/>
      </object_component>
      <object_component id="oc-407">
         <name>.const:PRCM_PeriphRegsList</name>
         <load_address>0x2000c234</load_address>
         <run_address>0x2000c234</run_address>
         <size>0xa8</size>
         <input_file_ref idref="fl-fb"/>
      </object_component>
      <object_component id="oc-217">
         <name>.const</name>
         <load_address>0x2000c2dc</load_address>
         <run_address>0x2000c2dc</run_address>
         <size>0x80</size>
         <input_file_ref idref="fl-f9"/>
      </object_component>
      <object_component id="oc-6bc">
         <name>.const:OpcodeTranslateTable</name>
         <load_address>0x2000c35c</load_address>
         <run_address>0x2000c35c</run_address>
         <size>0x3c</size>
         <input_file_ref idref="fl-f0"/>
      </object_component>
      <object_component id="oc-721">
         <name>.const:_SlActionLookupTable</name>
         <load_address>0x2000c398</load_address>
         <run_address>0x2000c398</run_address>
         <size>0x38</size>
         <input_file_ref idref="fl-f0"/>
      </object_component>
      <object_component id="oc-13b">
         <name>.const:$P$T1$2</name>
         <load_address>0x2000c3d0</load_address>
         <run_address>0x2000c3d0</run_address>
         <size>0x2c</size>
         <input_file_ref idref="fl-2"/>
      </object_component>
      <object_component id="oc-6d5">
         <name>.const:g_ppulSPIIntMap</name>
         <load_address>0x2000c3fc</load_address>
         <run_address>0x2000c3fc</run_address>
         <size>0x24</size>
         <input_file_ref idref="fl-fc"/>
      </object_component>
      <object_component id="oc-147">
         <name>.const:.string:$P$T0$1</name>
         <load_address>0x2000c420</load_address>
         <run_address>0x2000c420</run_address>
         <size>0x22</size>
         <input_file_ref idref="fl-2"/>
      </object_component>
      <object_component id="oc-17b">
         <name>.const:.string:$P$T4$5</name>
         <load_address>0x2000c442</load_address>
         <run_address>0x2000c442</run_address>
         <size>0x21</size>
         <input_file_ref idref="fl-2"/>
      </object_component>
      <object_component id="oc-704">
         <name>.const:RxMsgClassLUT</name>
         <load_address>0x2000c464</load_address>
         <run_address>0x2000c464</run_address>
         <size>0x20</size>
         <input_file_ref idref="fl-f0"/>
      </object_component>
      <object_component id="oc-69c">
         <name>.const</name>
         <load_address>0x2000c484</load_address>
         <run_address>0x2000c484</run_address>
         <size>0x18</size>
         <input_file_ref idref="fl-fc"/>
      </object_component>
      <object_component id="oc-6fd">
         <name>.const:$P$T0$1</name>
         <load_address>0x2000c49c</load_address>
         <run_address>0x2000c49c</run_address>
         <size>0x14</size>
         <input_file_ref idref="fl-f0"/>
      </object_component>
      <object_component id="oc-5eb">
         <name>.const:$P$T0$1</name>
         <load_address>0x2000c4b0</load_address>
         <run_address>0x2000c4b0</run_address>
         <size>0x14</size>
         <input_file_ref idref="fl-f3"/>
      </object_component>
      <object_component id="oc-13e">
         <name>.const:$P$T2$3</name>
         <load_address>0x2000c4c4</load_address>
         <run_address>0x2000c4c4</run_address>
         <size>0x14</size>
         <input_file_ref idref="fl-2"/>
      </object_component>
      <object_component id="oc-1cf">
         <name>.const:$P$T5$6</name>
         <load_address>0x2000c4d8</load_address>
         <run_address>0x2000c4d8</run_address>
         <size>0x10</size>
         <input_file_ref idref="fl-2"/>
      </object_component>
      <object_component id="oc-1a0">
         <name>.const:.string:$P$T3$4</name>
         <load_address>0x2000c4e8</load_address>
         <run_address>0x2000c4e8</run_address>
         <size>0xe</size>
         <input_file_ref idref="fl-2"/>
      </object_component>
      <object_component id="oc-4d7">
         <name>.const:StartResponseLUT</name>
         <load_address>0x2000c4f6</load_address>
         <run_address>0x2000c4f6</run_address>
         <size>0x8</size>
         <input_file_ref idref="fl-ef"/>
      </object_component>
      <object_component id="oc-700">
         <name>.const:g_H2NCnysPattern</name>
         <load_address>0x2000c500</load_address>
         <run_address>0x2000c500</run_address>
         <size>0x8</size>
         <input_file_ref idref="fl-f0"/>
      </object_component>
      <object_component id="oc-649">
         <name>.const:g_H2NSyncPattern</name>
         <load_address>0x2000c508</load_address>
         <run_address>0x2000c508</run_address>
         <size>0x8</size>
         <input_file_ref idref="fl-f0"/>
      </object_component>
      <object_component id="oc-304">
         <name>.const:_SlDeviceGetCmdCtrl</name>
         <load_address>0x2000c510</load_address>
         <run_address>0x2000c510</run_address>
         <size>0x4</size>
         <input_file_ref idref="fl-ef"/>
      </object_component>
      <object_component id="oc-7a6">
         <name>.const:_SlNetAppSendTokenValueCmdCtrl</name>
         <load_address>0x2000c514</load_address>
         <run_address>0x2000c514</run_address>
         <size>0x4</size>
         <input_file_ref idref="fl-f1"/>
      </object_component>
      <object_component id="oc-33d">
         <name>.const:_SlNetCfgGetCmdCtrl</name>
         <load_address>0x2000c518</load_address>
         <run_address>0x2000c518</run_address>
         <size>0x4</size>
         <input_file_ref idref="fl-f2"/>
      </object_component>
      <object_component id="oc-31c">
         <name>.const:_SlNetCfgSetCmdCtrl</name>
         <load_address>0x2000c51c</load_address>
         <run_address>0x2000c51c</run_address>
         <size>0x4</size>
         <input_file_ref idref="fl-f2"/>
      </object_component>
      <object_component id="oc-30d">
         <name>.const:_SlPolicySetCmdCtrl</name>
         <load_address>0x2000c520</load_address>
[...]
         <object_component_ref idref="oc-721"/>
      </symbol>
      <symbol id="sm-a4e">
         <name>sl_NetAppMDNSUnRegisterService</name>
         <value>0x2000aabd</value>
         <object_component_ref idref="oc-135"/>
      </symbol>
      <symbol id="sm-a4f">
         <name>_SlNetAppSendTokenValueCmdCtrl</name>
         <value>0x2000c514</value>
         <object_component_ref idref="oc-7a6"/>
      </symbol>
      <symbol id="sm-a50">
         <name>_sl_HandleAsync_DnsGetHostByName</name>
         <value>0x20009bad</value>
         <object_component_ref idref="oc-741"/>
      </symbol>
      <symbol id="sm-a51">
         <name>_sl_HandleAsync_PingResponse</name>
         <value>0x20009c3d</value>
         <object_component_ref idref="oc-70d"/>
      </symbol>
      <symbol id="sm-a52">
         <name>_SlDrvNetAppEventHandler</name>
         <value>0x200083ad</value>
         <object_component_ref idref="oc-707"/>
      </symbol>
      <symbol id="sm-a53">
         <name>_sl_HandleAsync_DnsGetHostByService</name>
         <value>0x20009059</value>
         <object_component_ref idref="oc-747"/>
      </symbol>
      <symbol id="sm-a54">
         <name>_sl_NetAppSendTokenValue</name>
         <value>0x2000a8b9</value>
         <object_component_ref idref="oc-753"/>
      </symbol>
      <symbol id="sm-a55">
         <name>sl_NetAppMDNSRegisterUnregisterService</name>
         <value>0x20008c1d</value>
         <object_component_ref idref="oc-32a"/>
      </symbol>
      <symbol id="sm-a95">
         <name>sl_NetCfgGet</name>
         <value>0x20008ddd</value>
         <object_component_ref idref="oc-154"/>
      </symbol>
      <symbol id="sm-a96">
         <name>sl_NetCfgSet</name>
         <value>0x200098bd</value>
         <object_component_ref idref="oc-129"/>
      </symbol>
      <symbol id="sm-ade">
         <name>_SlNonOsSemSet</name>
         <value>0x2000bdcd</value>
         <object_component_ref idref="oc-441"/>
      </symbol>
      <symbol id="sm-adf">
         <name>_SlNonOsSpawn</name>
         <value>0x2000a9f5</value>
         <object_component_ref idref="oc-4e4"/>
      </symbol>
      <symbol id="sm-ae0">
         <name>_SlNonOsSemGet</name>
         <value>0x20009441</value>
         <object_component_ref idref="oc-447"/>
      </symbol>
      <symbol id="sm-ae1">
         <name>_SlNonOsMainLoopTask</name>
         <value>0x2000a619</value>
         <object_component_ref idref="oc-ff"/>
      </symbol>
      <symbol id="sm-ae2">
         <name>g__SlNonOsCB</name>
         <value>0x200179d4</value>
         <object_component_ref idref="oc-2c9"/>
      </symbol>
      <symbol id="sm-b09">
         <name>_sl_HandleAsync_Connect</name>
         <value>0x2000a2b5</value>
         <object_component_ref idref="oc-769"/>
      </symbol>
      <symbol id="sm-b0a">
         <name>_sl_HandleAsync_Select</name>
         <value>0x2000ae5d</value>
         <object_component_ref idref="oc-76f"/>
      </symbol>
      <symbol id="sm-b0b">
         <name>_sl_HandleAsync_Accept</name>
         <value>0x2000aa59</value>
         <object_component_ref idref="oc-763"/>
      </symbol>
      <symbol id="sm-bb9">
         <name>sl_WlanDisconnect</name>
         <value>0x2000b65d</value>
         <object_component_ref idref="oc-123"/>
      </symbol>
      <symbol id="sm-bba">
         <name>sl_WlanPolicySet</name>
         <value>0x20009ccd</value>
         <object_component_ref idref="oc-117"/>
      </symbol>
      <symbol id="sm-bbb">
         <name>sl_WlanGet</name>
         <value>0x200091f1</value>
         <object_component_ref idref="oc-15a"/>
      </symbol>
      <symbol id="sm-bbc">
         <name>sl_WlanProfileDel</name>
         <value>0x2000abe9</value>
         <object_component_ref idref="oc-11d"/>
      </symbol>
      <symbol id="sm-bbd">
         <name>sl_WlanRxFilterSet</name>
         <value>0x2000a231</value>
         <object_component_ref idref="oc-141"/>
      </symbol>
      <symbol id="sm-bbe">
         <name>sl_WlanSet</name>
         <value>0x20009955</value>
         <object_component_ref idref="oc-12f"/>
      </symbol>
      <symbol id="sm-bbf">
         <name>sl_WlanSetMode</name>
         <value>0x2000ac49</value>
         <object_component_ref idref="oc-105"/>
      </symbol>
      <symbol id="sm-cda">
         <name>g_ucDinDout</name>
         <value>0x20017968</value>
      </symbol>
      <symbol id="sm-cdb">
         <name>g_cDummy</name>
         <value>0x200179d2</value>
      </symbol>
      <symbol id="sm-cdc">
         <name>NwpMaskInterrupt</name>
         <value>0x2000bf1d</value>
         <object_component_ref idref="oc-4a2"/>
      </symbol>
      <symbol id="sm-cdd">
         <name>NwpPrePowerOffTimout0</name>
         <value>0x2000ba91</value>
         <object_component_ref idref="oc-2e3"/>
      </symbol>
      <symbol id="sm-cde">
         <name>NwpRegisterInterruptHandler</name>
         <value>0x2000b4bd</value>
         <object_component_ref idref="oc-293"/>
      </symbol>
      <symbol id="sm-cdf">
         <name>g_pHostIntHdl</name>
         <value>0x20017a54</value>
         <object_component_ref idref="oc-47c"/>
      </symbol>
      <symbol id="sm-ce0">
         <name>simplelink_timerA2_start</name>
         <value>0x2000b575</value>
         <object_component_ref idref="oc-6f4"/>
      </symbol>
      <symbol id="sm-ce1">
         <name>NwpUnMaskInterrupt</name>
         <value>0x2000bf29</value>
         <object_component_ref idref="oc-4bc"/>
      </symbol>
      <symbol id="sm-ce2">
         <name>NwpPowerOff</name>
         <value>0x2000b5ed</value>
         <object_component_ref idref="oc-28d"/>
      </symbol>
      <symbol id="sm-ce3">
         <name>TimerGetCurrentTimestamp</name>
         <value>0x2000bad1</value>
         <object_component_ref idref="oc-690"/>
      </symbol>
      <symbol id="sm-ce4">
         <name>spi_Read</name>
         <value>0x2000869d</value>
         <object_component_ref idref="oc-6af"/>
      </symbol>
      <symbol id="sm-ce5">
         <name>DmaSpiSwIntHandler</name>
         <value>0x2000b99d</value>
         <object_component_ref idref="oc-482"/>
      </symbol>
      <symbol id="sm-ce6">
         <name>NwpPowerOn</name>
         <value>0x2000b7f9</value>
         <object_component_ref idref="oc-299"/>
      </symbol>
      <symbol id="sm-ce7">
         <name>spi_Close</name>
         <value>0x2000a529</value>
         <object_component_ref idref="oc-2e9"/>
      </symbol>
      <symbol id="sm-ce8">
         <name>spi_Write</name>
         <value>0x200099ed</value>
         <object_component_ref idref="oc-643"/>
      </symbol>
      <symbol id="sm-ce9">
         <name>spi_Open</name>
         <value>0x20007eb9</value>
         <object_component_ref idref="oc-281"/>
      </symbol>
      <symbol id="sm-cea">
         <name>g_ucDMAEnabled</name>
         <value>0x20017a58</value>
         <object_component_ref idref="oc-47c"/>
      </symbol>
      <symbol id="sm-ceb">
         <name>g_SpiFd</name>
         <value>0x20017a50</value>
         <object_component_ref idref="oc-47c"/>
      </symbol>
      <symbol id="sm-cff">
         <name>GPIOPinRead</name>
         <value>0x2000bd0d</value>
         <object_component_ref idref="oc-1bf"/>
      </symbol>
      <symbol id="sm-d00">
         <name>GPIODirModeSet</name>
         <value>0x2000b695</value>
         <object_component_ref idref="oc-39a"/>
      </symbol>
      <symbol id="sm-d2a">
         <name>HwSpinLockTryAcquire</name>
         <value>0x2000a68d</value>
         <object_component_ref idref="oc-350"/>
      </symbol>
      <symbol id="sm-d2b">
         <name>HwSpinLockRelease</name>
         <value>0x2000aff9</value>
         <object_component_ref idref="oc-386"/>
      </symbol>
      <symbol id="sm-db1">
         <name>IntPendClear</name>
         <value>0x2000ad05</value>
         <object_component_ref idref="oc-4b5"/>
      </symbol>
      <symbol id="sm-db2">
         <name>IntPrioritySet</name>
         <value>0x2000adb5</value>
         <object_component_ref idref="oc-3b3"/>
      </symbol>
      <symbol id="sm-db3">
         <name>IntVTableBaseSet</name>
         <value>0x2000be81</value>
         <object_component_ref idref="oc-d8"/>
      </symbol>
      <symbol id="sm-db4">
         <name>IntEnable</name>
         <value>0x20009599</value>
         <object_component_ref idref="oc-e4"/>
      </symbol>
      <symbol id="sm-db5">
         <name>IntDisable</name>
         <value>0x200094f1</value>
         <object_component_ref idref="oc-4a9"/>
      </symbol>
      <symbol id="sm-db6">
         <name>IntRegister</name>
         <value>0x2000ba71</value>
         <object_component_ref idref="oc-470"/>
      </symbol>
      <symbol id="sm-db7">
         <name>IntUnregister</name>
         <value>0x2000b9c1</value>
         <object_component_ref idref="oc-4af"/>
      </symbol>
      <symbol id="sm-db8">
         <name>IntMasterEnable</name>
         <value>0x2000bf41</value>
         <object_component_ref idref="oc-de"/>
      </symbol>
      <symbol id="sm-def">
         <name>PinTypeUART</name>
         <value>0x2000bc71</value>
         <object_component_ref idref="oc-3a0"/>
      </symbol>
      <symbol id="sm-df0">
         <name>PinTypeGPIO</name>
         <value>0x2000b769</value>
         <object_component_ref idref="oc-394"/>
      </symbol>
      <symbol id="sm-df1">
         <name>PinConfigSet</name>
         <value>0x2000a015</value>
         <object_component_ref idref="oc-563"/>
      </symbol>
      <symbol id="sm-df2">
         <name>PinModeSet</name>
         <value>0x2000b43d</value>
         <object_component_ref idref="oc-38e"/>
      </symbol>
      <symbol id="sm-ea9">
         <name>PRCMPeripheralReset</name>
         <value>0x2000ad5d</value>
         <object_component_ref idref="oc-22d"/>
      </symbol>
      <symbol id="sm-eaa">
         <name>PRCMPeripheralClkEnable</name>
         <value>0x2000b539</value>
         <object_component_ref idref="oc-227"/>
      </symbol>
      <symbol id="sm-eab">
         <name>PRCMPeripheralClockGet</name>
         <value>0x20009a85</value>
         <object_component_ref idref="oc-23a"/>
      </symbol>
      <symbol id="sm-eac">
         <name>PRCMHibernateEnter</name>
         <value>0x2000be95</value>
         <object_component_ref idref="oc-19a"/>
      </symbol>
      <symbol id="sm-ead">
         <name>PRCMHibernateIntervalSet</name>
         <value>0x20009f8d</value>
         <object_component_ref idref="oc-188"/>
      </symbol>
      <symbol id="sm-eae">
         <name>PRCMCC3200MCUInit</name>
         <value>0x20007bd1</value>
         <object_component_ref idref="oc-ea"/>
      </symbol>
      <symbol id="sm-eaf">
         <name>PRCMHIBRegWrite</name>
         <value>0x2000be2b</value>
         <object_component_ref idref="oc-221"/>
      </symbol>
      <symbol id="sm-eb0">
         <name>PRCMSysResetCauseGet</name>
         <value>0x2000b825</value>
         <object_component_ref idref="oc-14e"/>
      </symbol>
      <symbol id="sm-eb1">
         <name>PRCMPeripheralStatusGet</name>
         <value>0x2000b701</value>
         <object_component_ref idref="oc-356"/>
      </symbol>
      <symbol id="sm-eb2">
         <name>PRCMHibernateWakeupSourceEnable</name>
         <value>0x2000b20d</value>
         <object_component_ref idref="oc-18e"/>
      </symbol>
      <symbol id="sm-eb3">
         <name>PRCMPeripheralClkDisable</name>
         <value>0x2000b8fd</value>
         <object_component_ref idref="oc-233"/>
      </symbol>
      <symbol id="sm-eb4">
         <name>PRCMHIBRegRead</name>
         <value>0x2000be15</value>
         <object_component_ref idref="oc-21b"/>
      </symbol>
      <symbol id="sm-f81">
         <name>SPIFIFODisable</name>
         <value>0x2000bcbf</value>
         <object_component_ref idref="oc-51b"/>
      </symbol>
      <symbol id="sm-f82">
         <name>SPICSEnable</name>
         <value>0x2000bd3d</value>
         <object_component_ref idref="oc-36e"/>
      </symbol>
      <symbol id="sm-f83">
         <name>SPIDisable</name>
         <value>0x2000bd55</value>
         <object_component_ref idref="oc-452"/>
      </symbol>
      <symbol id="sm-f84">
         <name>SPIFIFOEnable</name>
         <value>0x2000bcd9</value>
         <object_component_ref idref="oc-45e"/>
      </symbol>
      <symbol id="sm-f85">
         <name>SPIWordCountSet</name>
         <value>0x2000ba4f</value>
         <object_component_ref idref="oc-6c6"/>
      </symbol>
      <symbol id="sm-f86">
         <name>SPIDataPut</name>
         <value>0x2000bb31</value>
         <object_component_ref idref="oc-374"/>
      </symbol>
      <symbol id="sm-f87">
         <name>SPIEnable</name>
         <value>0x2000bd6d</value>
         <object_component_ref idref="oc-368"/>
      </symbol>
      <symbol id="sm-f88">
         <name>SPIDataGet</name>
         <value>0x2000bab1</value>
         <object_component_ref idref="oc-37a"/>
      </symbol>
      <symbol id="sm-f89">
         <name>SPIDmaEnable</name>
         <value>0x2000bca5</value>
         <object_component_ref idref="oc-464"/>
      </symbol>
      <symbol id="sm-f8a">
         <name>SPIConfigSetExpClk</name>
         <value>0x200096e5</value>
         <object_component_ref idref="oc-362"/>
      </symbol>
      <symbol id="sm-f8b">
         <name>SPIIntUnregister</name>
         <value>0x2000bcf3</value>
         <object_component_ref idref="oc-515"/>
      </symbol>
      <symbol id="sm-f8c">
         <name>SPIFIFOLevelSet</name>
         <value>0x2000b735</value>
         <object_component_ref idref="oc-46a"/>
      </symbol>
      <symbol id="sm-f8d">
         <name>SPIDmaDisable</name>
         <value>0x2000bc8b</value>
         <object_component_ref idref="oc-521"/>
      </symbol>
      <symbol id="sm-f8e">
         <name>SPIReset</name>
         <value>0x2000ba2d</value>
         <object_component_ref idref="oc-35c"/>
      </symbol>
      <symbol id="sm-f8f">
         <name>SPIIntEnable</name>
         <value>0x2000b045</value>
         <object_component_ref idref="oc-476"/>
      </symbol>
      <symbol id="sm-f90">
         <name>SPIIntClear</name>
         <value>0x2000b255</value>
         <object_component_ref idref="oc-613"/>
      </symbol>
      <symbol id="sm-f91">
         <name>SPICSDisable</name>
         <value>0x2000bd25</value>
         <object_component_ref idref="oc-380"/>
      </symbol>
      <symbol id="sm-101f">
         <name>TimerLoadSet</name>
         <value>0x2000b8a9</value>
         <object_component_ref idref="oc-1b3"/>
      </symbol>
      <symbol id="sm-1020">
         <name>TimerDisable</name>
         <value>0x2000bb4f</value>
         <object_component_ref idref="oc-3d1"/>
      </symbol>
      <symbol id="sm-1021">
         <name>TimerIntRegister</name>
         <value>0x2000a6fd</value>
         <object_component_ref idref="oc-3b9"/>
      </symbol>
      <symbol id="sm-1022">
         <name>TimerEnable</name>
         <value>0x2000bb6d</value>
         <object_component_ref idref="oc-1b9"/>
      </symbol>
      <symbol id="sm-1023">
         <name>TimerIntUnregister</name>
         <value>0x2000a925</value>
         <object_component_ref idref="oc-3dd"/>
      </symbol>
      <symbol id="sm-1024">
         <name>TimerIntStatus</name>
         <value>0x2000bb8b</value>
         <object_component_ref idref="oc-3c5"/>
      </symbol>
      <symbol id="sm-1025">
         <name>TimerIntDisable</name>
         <value>0x2000bd85</value>
         <object_component_ref idref="oc-3d7"/>
      </symbol>
      <symbol id="sm-1026">
         <name>TimerValueGet</name>
         <value>0x2000bbe5</value>
         <object_component_ref idref="oc-161"/>
      </symbol>
      <symbol id="sm-1027">
         <name>TimerPrescaleSet</name>
         <value>0x2000b8d3</value>
         <object_component_ref idref="oc-3ad"/>
      </symbol>
      <symbol id="sm-1028">
         <name>TimerControlStall</name>
         <value>0x2000b6cb</value>
         <object_component_ref idref="oc-1ad"/>
      </symbol>
      <symbol id="sm-1029">
         <name>TimerIntEnable</name>
         <value>0x2000bd9d</value>
         <object_component_ref idref="oc-3bf"/>
      </symbol>
      <symbol id="sm-102a">
         <name>TimerConfigure</name>
         <value>0x2000b371</value>
         <object_component_ref idref="oc-3a7"/>
      </symbol>
      <symbol id="sm-102b">
         <name>TimerIntClear</name>
         <value>0x2000bed1</value>
         <object_component_ref idref="oc-3cb"/>
      </symbol>
      <symbol id="sm-1067">
         <name>UARTConfigSetExpClk</name>
         <value>0x2000a5a1</value>
         <object_component_ref idref="oc-240"/>
      </symbol>
      <symbol id="sm-1068">
         <name>UARTDisable</name>
         <value>0x2000b799</value>
         <object_component_ref idref="oc-40f"/>
      </symbol>
      <symbol id="sm-1069">
         <name>UARTCharsAvail</name>
         <value>0x2000bdb5</value>
         <object_component_ref idref="oc-252"/>
      </symbol>
      <symbol id="sm-106a">
         <name>UARTCharGetNonBlocking</name>
         <value>0x2000bc01</value>
         <object_component_ref idref="oc-258"/>
      </symbol>
      <symbol id="sm-106b">
         <name>UARTCharPut</name>
         <value>0x2000bba9</value>
         <object_component_ref idref="oc-246"/>
      </symbol>
      <symbol id="sm-106c">
         <name>UARTEnable</name>
         <value>0x2000b9e5</value>
         <object_component_ref idref="oc-415"/>
      </symbol>
      <symbol id="sm-10c3">
         <name>uDMAChannelControlSet</name>
         <value>0x2000b5b1</value>
         <object_component_ref idref="oc-77d"/>
      </symbol>
      <symbol id="sm-10c4">
         <name>uDMAChannelAttributeEnable</name>
         <value>0x2000ab85</value>
         <object_component_ref idref="oc-783"/>
      </symbol>
      <symbol id="sm-10c5">
         <name>uDMAChannelTransferSet</name>
         <value>0x2000878d</value>
         <object_component_ref idref="oc-789"/>
      </symbol>
      <symbol id="sm-10c6">
         <name>uDMAChannelAssign</name>
         <value>0x2000b1c1</value>
         <object_component_ref idref="oc-5f2"/>
      </symbol>
      <symbol id="sm-10c7">
         <name>uDMAChannelAttributeDisable</name>
         <value>0x2000ab21</value>
         <object_component_ref idref="oc-5f8"/>
      </symbol>
      <symbol id="sm-10c8">
         <name>uDMAChannelEnable</name>
         <value>0x2000bc55</value>
         <object_component_ref idref="oc-78f"/>
      </symbol>
      <symbol id="sm-10cc">
         <name>UtilsDelay</name>
         <value>0x2000bf53</value>
         <object_component_ref idref="oc-160"/>
      </symbol>
      <symbol id="sm-10d6">
         <name>CPUcpsie</name>
         <value>0x2000be6d</value>
         <object_component_ref idref="oc-20b"/>
      </symbol>
      <symbol id="sm-10d8">
         <name>__TI_static_base__</name>
         <value>0x2000c548</value>
      </symbol>
      <symbol id="sm-10db">
         <name>SHT$$INIT_ARRAY$$Limit</name>
         <value>0x0</value>
      </symbol>
      <symbol id="sm-10dc">
         <name>SHT$$INIT_ARRAY$$Base</name>
         <value>0x0</value>
      </symbol>
   </symbol_table>
   <title>Link successful</title>
</link_info>
