******************************************************************************
                  TI ARM Linker PC v16.9.4                     
******************************************************************************
>> Linked Fri Feb 16 20:29:41 2018

OUTPUT FILE NAME:   <wlan ap test 3.11.out>
ENTRY POINT SYMBOL: "_c_int00"  address: 2000b399


MEMORY CONFIGURATION

         name            origin    length      used     unused   attr    fill
----------------------  --------  ---------  --------  --------  ----  --------
  SRAM_CODE             20004000   00013000  00008458  0000aba8  RW X
  SRAM_DATA             20017000   00019000  00001264  00017d9c  RW X


SEGMENT ALLOCATION MAP

run origin  load origin   length   init length attrs members
----------  ----------- ---------- ----------- ----- -------
20004000    20004000    00008458   00008458    r-x
  20004000    20004000    00000400   00000400    r-- .intvecs
  20004400    20004400    00007a18   00007a18    r-x .text
  2000be18    2000be18    000005e8   000005e8    r-- .const
  2000c400    2000c400    00000058   00000058    r-- .cinit
20017000    20017000    00000a64   00000000    rw-
  20017000    20017000    00000800   00000000    rw- .sysmem
  20017800    20017800    000001cc   00000000    rw- .bss
  200179cc    200179cc    00000098   00000000    rw- .data
2002f800    2002f800    00000800   00000000    rw-
  2002f800    2002f800    00000800   00000000    rw- .stack


SECTION ALLOCATION MAP

 output                                  attributes/
section   page    origin      length       input sections
--------  ----  ----------  ----------   ----------------
.intvecs   0    20004000    00000400     
                  20004000    00000400     startup_ccs.obj (.intvecs)

.init_array 
*          0    20004000    00000000     UNINITIALIZED

.text      0    20004400    00007a18     
                  20004400    00001122     rtsv7M4_T_le_eabi.lib : _printfi.obj (.text)
                  20005522    00000002     driverlib.a : interrupt.obj (.text:IntDefaultHandler)
                  20005524    00000c8c     main.obj (.text)
                  200061b0    00000590     simplelink.a : driver.obj (.text:_SlDrvMsgRead)
                  20006740    000003d0     rtsv7M4_T_le_eabi.lib : memory.obj (.text)
                  20006b10    00000280     uart_if.obj (.text)
                  20006d90    0000024c     simplelink.a : driver.obj (.text:_SlDrvRxHdrRead)
                  20006fdc    000001f4     rtsv7M4_T_le_eabi.lib : ull_div_t2.obj (.text)
                  200071d0    000001d0     simplelink.a : driver.obj (.text:_SlDrvReleasePoolObj)
                  200073a0    000001b6     rtsv7M4_T_le_eabi.lib : fd_add_t2.obj (.text)
                  20007556    00000002                           : mpu_init.obj (.text)
                  20007558    000001b4     simplelink.a : driver.obj (.text:_SlDrvDriverCBInit)
                  2000770c    0000019c                  : driver.obj (.text:_SlDrvMsgWrite)
                  200078a8    00000198     timer_if.obj (.text)
                  20007a40    00000190     simplelink.a : driver.obj (.text:_SlDrvWaitForPoolObj)
                  20007bd0    00000178     driverlib.a : prcm.obj (.text:PRCMCC3200MCUInit)
                  20007d48    00000170     simplelink.a : driver.obj (.text:_SlFindAndSetActiveObj)
                  20007eb8    00000148                  : cc_pal.obj (.text:spi_Open)
                  20008000    00000144                  : driver.obj (.text:_SlDrvMsgReadCmdCtx)
                  20008144    00000136     rtsv7M4_T_le_eabi.lib : fd_div_t2.obj (.text)
                  2000827a    00000002                           : startup.obj (.text)
                  2000827c    00000130     simplelink.a : driver.obj (.text:_SlDrvDriverCBDeinit)
                  200083ac    00000104                  : netapp.obj (.text:_SlDrvNetAppEventHandler)
                  200084b0    000000fc     rtsv7M4_T_le_eabi.lib : fd_mul_t2.obj (.text)
                  200085ac    000000f0     simplelink.a : device.obj (.text:sl_Stop)
                  2000869c    000000f0                  : cc_pal.obj (.text:spi_Read)
                  2000878c    000000f0     driverlib.a : udma.obj (.text:uDMAChannelTransferSet)
                  2000887c    000000ec     simplelink.a : device.obj (.text:sl_Start)
                  20008968    000000e8                  : driver.obj (.text:_SlAsyncEventGenericHandler)
                  20008a50    000000e8                  : driver.obj (.text:_SlDrvMsgReadSpawnCtx)
                  20008b38    000000e4                  : netapp.obj (.text:sl_NetAppMDNSRegisterUnregisterService)
                  20008c1c    000000dc                  : driver.obj (.text:_SlDrvClassifyRxMsg)
                  20008cf8    000000d8                  : netcfg.obj (.text:sl_NetCfgGet)
                  20008dd0    000000d4     utils_if.obj (.text)
                  20008ea4    000000d0     rtsv7M4_T_le_eabi.lib : s_scalbn.obj (.text)
                  20008f74    000000cc     simplelink.a : netapp.obj (.text:_sl_HandleAsync_DnsGetHostByService)
                  20009040    000000cc                  : device.obj (.text:sl_DevGet)
                  2000910c    000000cc                  : wlan.obj (.text:sl_WlanGet)
                  200091d8    000000c4                  : driver.obj (.text:_SlRemoveFromList)
                  2000929c    000000c0                  : driver.obj (.text:_SlDrvCmdOp)
                  2000935c    000000b0                  : nonos.obj (.text:_SlNonOsSemGet)
                  2000940c    000000a8     driverlib.a : interrupt.obj (.text:IntDisable)
                  200094b4    000000a8                 : interrupt.obj (.text:IntEnable)
                  2000955c    000000a4     simplelink.a : driver.obj (.text:_SlDriverHandleError)
                  20009600    000000a0     driverlib.a : spi.obj (.text:SPIConfigSetExpClk)
                  200096a0    0000009c     rtsv7M4_T_le_eabi.lib : memcpy_t2.obj (.text)
                  2000973c    0000009a     simplelink.a : device.obj (.text:_SlDrvDeviceEventHandler)
                  200097d6    00000002     --HOLE-- [fill = 0]
                  200097d8    00000098                  : netcfg.obj (.text:sl_NetCfgSet)
                  20009870    00000098                  : wlan.obj (.text:sl_WlanSet)
                  20009908    00000098                  : cc_pal.obj (.text:spi_Write)
                  200099a0    00000094     driverlib.a : prcm.obj (.text:PRCMPeripheralClockGet)
                  20009a34    00000092     rtsv7M4_T_le_eabi.lib : fs_div_t2.obj (.text)
                  20009ac6    00000002     --HOLE-- [fill = 0]
                  20009ac8    00000090     simplelink.a : netapp.obj (.text:_sl_HandleAsync_DnsGetHostByName)
                  20009b58    00000090                  : netapp.obj (.text:_sl_HandleAsync_PingResponse)
                  20009be8    00000090                  : wlan.obj (.text:sl_WlanPolicySet)
                  20009c78    0000008c                  : cc_pal.obj (.text:SetupDMAReceive)
                  20009d04    0000008c                  : cc_pal.obj (.text:SetupDMASend)
                  20009d90    0000008c                  : driver.obj (.text:_SlDrvIsTimeoutExpired)
                  20009e1c    0000008c                  : device.obj (.text:_sl_HandleAsync_InitComplete)
                  20009ea8    00000088     driverlib.a : prcm.obj (.text:PRCMHibernateIntervalSet)
                  20009f30    00000088                 : pin.obj (.text:PinConfigSet)
                  20009fb8    00000088     rtsv7M4_T_le_eabi.lib : vsnprintf.obj (.text)
                  2000a040    00000086                           : fd_cmp_t2.obj (.text:__aeabi_cdcmple)
                  2000a0c6    00000086                           : fd_cmp_t2.obj (.text:__aeabi_cdrcmple)
                  2000a14c    00000084     simplelink.a : wlan.obj (.text:sl_WlanRxFilterSet)
                  2000a1d0    00000080                  : socket.obj (.text:_sl_HandleAsync_Connect)
                  2000a250    00000080                  : cc_pal.obj (.text:spi_Read_CPU)
                  2000a2d0    00000080                  : cc_pal.obj (.text:spi_Write_CPU)
                  2000a350    0000007a     rtsv7M4_T_le_eabi.lib : fs_mul_t2.obj (.text)
                  2000a3ca    0000007a                           : memset_t2.obj (.text)
                  2000a444    00000078     simplelink.a : cc_pal.obj (.text:spi_Close)
                  2000a4bc    00000076     driverlib.a : uart.obj (.text:UARTConfigSetExpClk)
                  2000a532    00000002     --HOLE-- [fill = 0]
                  2000a534    00000074     simplelink.a : nonos.obj (.text:_SlNonOsMainLoopTask)
                  2000a5a8    00000070     driverlib.a : hwspinlock.obj (.text:HwSpinLockTryAcquire)
                  2000a618    00000070                 : timer.obj (.text:TimerIntRegister)
                  2000a688    00000070     rtsv7M4_T_le_eabi.lib : autoinit.obj (.text)
                  2000a6f8    0000006e                           : fd_tos_t2.obj (.text)
                  2000a766    00000002     --HOLE-- [fill = 0]
                  2000a768    0000006c     simplelink.a : driver.obj (.text:_SlDrvCmdSend)
                  2000a7d4    0000006c                  : netapp.obj (.text:_sl_NetAppSendTokenValue)
                  2000a840    00000068     driverlib.a : timer.obj (.text:TimerIntUnregister)
                  2000a8a8    00000068     rtsv7M4_T_le_eabi.lib : copy_decompress_lzss.obj (.text:decompress:lzss)
                  2000a910    00000064     simplelink.a : nonos.obj (.text:_SlNonOsSpawn)
                  2000a974    00000064                  : socket.obj (.text:_sl_HandleAsync_Accept)
                  2000a9d8    00000064                  : netapp.obj (.text:sl_NetAppMDNSUnRegisterService)
                  2000aa3c    00000064     driverlib.a : udma.obj (.text:uDMAChannelAttributeDisable)
                  2000aaa0    00000064                 : udma.obj (.text:uDMAChannelAttributeEnable)
                  2000ab04    00000060     simplelink.a : wlan.obj (.text:sl_WlanProfileDel)
                  2000ab64    00000060                  : wlan.obj (.text:sl_WlanSetMode)
                  2000abc4    0000005c     rtsv7M4_T_le_eabi.lib : s_frexp.obj (.text)
                  2000ac20    00000058     driverlib.a : interrupt.obj (.text:IntPendClear)
                  2000ac78    00000058                 : prcm.obj (.text:PRCMPeripheralReset)
                  2000acd0    00000054                 : interrupt.obj (.text:IntPrioritySet)
                  2000ad24    00000054     simplelink.a : driver.obj (.text:_SlDrvRxIrqHandler)
                  2000ad78    00000054                  : socket.obj (.text:_sl_HandleAsync_Select)
                  2000adcc    00000054     rtsv7M4_T_le_eabi.lib : exit.obj (.text)
                  2000ae20    00000054                           : ltoa.obj (.text)
                  2000ae74    00000050     simplelink.a : device.obj (.text:_sl_HandleAsync_Stop)
                  2000aec4    00000050     rtsv7M4_T_le_eabi.lib : fs_toull_t2.obj (.text)
                  2000af14    0000004c     driverlib.a : hwspinlock.obj (.text:HwSpinLockRelease)
                  2000af60    0000004c                 : spi.obj (.text:SPIIntEnable)
                  2000afac    0000004c                 : spi.obj (.text:SPIIntNumberGet)
                  2000aff8    0000004c     simplelink.a : driver.obj (.text:_SlDrvProtectAsyncRespSetting)
                  2000b044    0000004c     rtsv7M4_T_le_eabi.lib : atoi.obj (.text)
                  2000b090    0000004c                           : cpy_tbl.obj (.text)
                  2000b0dc    0000004c     driverlib.a : udma.obj (.text:uDMAChannelAssign)
                  2000b128    00000048                 : prcm.obj (.text:PRCMHibernateWakeupSourceEnable)
                  2000b170    00000048                 : spi.obj (.text:SPIIntClear)
                  2000b1b8    00000048     simplelink.a : driver.obj (.text:_SlDrvBasicCmd)
                  2000b200    00000048     rtsv7M4_T_le_eabi.lib : fd_toi_t2.obj (.text)
                  2000b248    00000044     driverlib.a : spi.obj (.text:SPIDmaMaskGet)
                  2000b28c    00000044                 : timer.obj (.text:TimerConfigure)
                  2000b2d0    00000044     simplelink.a : driver.obj (.text:_SlDrvSyncObjWaitTimeout)
                  2000b314    00000044                  : cc_pal.obj (.text:cc_SetupTransfer)
                  2000b358    00000040     driverlib.a : pin.obj (.text:PinModeSet)
                  2000b398    00000040     rtsv7M4_T_le_eabi.lib : boot.obj (.text)
                  2000b3d8    0000003e     simplelink.a : cc_pal.obj (.text:NwpRegisterInterruptHandler)
                  2000b416    0000003c                  : netapp.obj (.text:CopyPingResultsToReport)
                  2000b452    00000002     --HOLE-- [fill = 0]
                  2000b454    0000003c     driverlib.a : prcm.obj (.text:PRCMPeripheralClkEnable)
                  2000b490    0000003c     simplelink.a : cc_pal.obj (.text:simplelink_timerA2_start)
                  2000b4cc    0000003c     driverlib.a : udma.obj (.text:uDMAChannelControlSet)
                  2000b508    00000038     simplelink.a : cc_pal.obj (.text:NwpPowerOff)
                  2000b540    00000038     rtsv7M4_T_le_eabi.lib : fs_tod_t2.obj (.text)
                  2000b578    00000038     simplelink.a : wlan.obj (.text:sl_WlanDisconnect)
                  2000b5b0    00000036     driverlib.a : timer.obj (.text:TimerControlStall)
                  2000b5e6    00000002     --HOLE-- [fill = 0]
                  2000b5e8    00000034                 : prcm.obj (.text:PRCMPeripheralStatusGet)
                  2000b61c    00000034                 : spi.obj (.text:SPIFIFOLevelSet)
                  2000b650    00000030                 : uart.obj (.text:UARTDisable)
                  2000b680    0000002e     rtsv7M4_T_le_eabi.lib : i_tofd_t2.obj (.text)
                  2000b6ae    00000002     --HOLE-- [fill = 0]
                  2000b6b0    0000002c     simplelink.a : cc_pal.obj (.text:NwpPowerOn)
                  2000b6dc    0000002c     driverlib.a : prcm.obj (.text:PRCMSysResetCauseGet)
                  2000b708    0000002c     simplelink.a : driver.obj (.text:_SlDrvObjGlobalLockWaitForever)
                  2000b734    0000002c                  : driver.obj (.text:_SlDrvProtectionObjLockWaitForever)
                  2000b760    0000002a     driverlib.a : timer.obj (.text:TimerLoadSet)
                  2000b78a    0000002a                 : timer.obj (.text:TimerPrescaleSet)
                  2000b7b4    00000028                 : prcm.obj (.text:PRCMPeripheralClkDisable)
                  2000b7dc    00000028     simplelink.a : driver.obj (.text:_SlDrvGlobalObjUnLock)
                  2000b804    00000028                  : driver.obj (.text:_SlDrvProtectionObjUnLock)
                  2000b82c    00000028                  : driver.obj (.text:_SlDrvSyncObjWaitForever)
                  2000b854    00000024                  : cc_pal.obj (.text:DmaSpiSwIntHandler)
                  2000b878    00000024     driverlib.a : interrupt.obj (.text:IntUnregister)
                  2000b89c    00000024                 : uart.obj (.text:UARTEnable)
                  2000b8c0    00000024     rtsv7M4_T_le_eabi.lib : memmov.obj (.text)
                  2000b8e4    00000022     driverlib.a : spi.obj (.text:SPIReset)
                  2000b906    00000022                 : spi.obj (.text:SPIWordCountSet)
                  2000b928    00000020                 : interrupt.obj (.text:IntRegister)
                  2000b948    00000020     simplelink.a : cc_pal.obj (.text:NwpPrePowerOffTimout0)
                  2000b968    00000020     driverlib.a : spi.obj (.text:SPIDataGet)
                  2000b988    00000020     simplelink.a : cc_pal.obj (.text:TimerGetCurrentTimestamp)
                  2000b9a8    00000020                  : driver.obj (.text:_SlDrvSyncObjSignal)
                  2000b9c8    00000020     rtsv7M4_T_le_eabi.lib : u_tofd_t2.obj (.text)
                  2000b9e8    0000001e     driverlib.a : spi.obj (.text:SPIDataPut)
                  2000ba06    0000001e                 : timer.obj (.text:TimerDisable)
                  2000ba24    0000001e                 : timer.obj (.text:TimerEnable)
                  2000ba42    0000001e                 : timer.obj (.text:TimerIntStatus)
                  2000ba60    0000001e                 : uart.obj (.text:UARTCharPut)
                  2000ba7e    0000001e     simplelink.a : cc_pal.obj (.text:cc_UDMAChannelSelect)
                  2000ba9c    0000001c     driverlib.a : timer.obj (.text:TimerValueGet)
                  2000bab8    0000001c                 : uart.obj (.text:UARTCharGetNonBlocking)
                  2000bad4    0000001c     simplelink.a : driver.obj (.text:_SlDrvStartMeasureTimeout)
                  2000baf0    0000001c     pinmux.obj (.text)
                  2000bb0c    0000001c     rtsv7M4_T_le_eabi.lib : memccpy.obj (.text)
                  2000bb28    0000001c     driverlib.a : udma.obj (.text:uDMAChannelEnable)
                  2000bb44    0000001a                 : pin.obj (.text:PinTypeUART)
                  2000bb5e    0000001a                 : spi.obj (.text:SPIDmaDisable)
                  2000bb78    0000001a                 : spi.obj (.text:SPIDmaEnable)
                  2000bb92    0000001a                 : spi.obj (.text:SPIFIFODisable)
                  2000bbac    0000001a                 : spi.obj (.text:SPIFIFOEnable)
                  2000bbc6    0000001a                 : spi.obj (.text:SPIIntUnregister)
                  2000bbe0    00000018                 : spi.obj (.text:SPICSDisable)
                  2000bbf8    00000018                 : spi.obj (.text:SPICSEnable)
                  2000bc10    00000018                 : spi.obj (.text:SPIDisable)
                  2000bc28    00000018                 : spi.obj (.text:SPIEnable)
                  2000bc40    00000018                 : timer.obj (.text:TimerIntDisable)
                  2000bc58    00000018                 : timer.obj (.text:TimerIntEnable)
                  2000bc70    00000018                 : uart.obj (.text:UARTCharsAvail)
                  2000bc88    00000018     simplelink.a : nonos.obj (.text:_SlNonOsSemSet)
                  2000bca0    00000018                  : device.obj (.text:_sl_GetStartResponseConvert)
                  2000bcb8    00000018     rtsv7M4_T_le_eabi.lib : args_main.obj (.text)
                  2000bcd0    00000016     driverlib.a : prcm.obj (.text:PRCMHIBRegRead)
                  2000bce6    00000016                 : prcm.obj (.text:PRCMHIBRegWrite)
                  2000bcfc    00000016     simplelink.a : driver.obj (.text:_SlDrvMemZero)
                  2000bd12    00000016     rtsv7M4_T_le_eabi.lib : strchr.obj (.text)
                  2000bd28    00000014     driverlib.a : cpu.obj (.text:CPUcpsie)
                  2000bd3c    00000014                 : interrupt.obj (.text:IntVTableBaseSet)
                  2000bd50    00000014                 : prcm.obj (.text:PRCMHibernateEnter)
                  2000bd64    00000014     rtsv7M4_T_le_eabi.lib : _lock.obj (.text)
                  2000bd78    00000014                           : strlen.obj (.text)
                  2000bd8c    00000012     driverlib.a : timer.obj (.text:TimerIntClear)
                  2000bd9e    00000010     simplelink.a : driver.obj (.text:_SlDrvDispatchHttpServerEvents)
                  2000bdae    0000000e                  : driver.obj (.text:_SlDrvResetCmdExt)
                  2000bdbc    0000000e     rtsv7M4_T_le_eabi.lib : copy_decompress_none.obj (.text:decompress:none)
                  2000bdca    0000000e     startup_ccs.obj (.text)
                  2000bdd8    0000000c     simplelink.a : cc_pal.obj (.text:NwpMaskInterrupt)
                  2000bde4    0000000c                  : cc_pal.obj (.text:NwpUnMaskInterrupt)
                  2000bdf0    0000000c     rtsv7M4_T_le_eabi.lib : copy_zero_init.obj (.text:decompress:ZI)
                  2000bdfc    0000000a     driverlib.a : interrupt.obj (.text:IntMasterEnable)
                  2000be06    00000008     rtsv7M4_T_le_eabi.lib : s_copysign.obj (.text)
                  2000be0e    00000006     driverlib.a : utils.obj (.text:UtilsDelay)
                  2000be14    00000004     rtsv7M4_T_le_eabi.lib : pre_init.obj (.text)

.const     0    2000be18    000005e8     
                  2000be18    00000101     rtsv7M4_T_le_eabi.lib : ctype.obj (.const:.string:_ctypes_)
                  2000bf19    00000003     --HOLE-- [fill = 0]
                  2000bf1c    00000100     driverlib.a : pin.obj (.const:g_ulPinToPadMap)
                  2000c01c    000000d4                 : interrupt.obj (.const:g_pulRegs)
                  2000c0f0    000000a8                 : prcm.obj (.const:PRCM_PeriphRegsList)
                  2000c198    00000080                 : interrupt.obj (.const)
                  2000c218    0000003c     simplelink.a : driver.obj (.const:OpcodeTranslateTable)
                  2000c254    00000038                  : driver.obj (.const:_SlActionLookupTable)
                  2000c28c    0000002c     main.obj (.const:$P$T1$2)
                  2000c2b8    00000024     driverlib.a : spi.obj (.const:g_ppulSPIIntMap)
                  2000c2dc    00000022     main.obj (.const:.string:$P$T0$1)
                  2000c2fe    00000021     main.obj (.const:.string:$P$T4$5)
                  2000c31f    00000001     --HOLE-- [fill = 0]
                  2000c320    00000020     simplelink.a : driver.obj (.const:RxMsgClassLUT)
                  2000c340    00000018     driverlib.a : spi.obj (.const)
                  2000c358    00000014     simplelink.a : driver.obj (.const:$P$T0$1)
                  2000c36c    00000014                  : nonos.obj (.const:$P$T0$1)
                  2000c380    00000014     main.obj (.const:$P$T2$3)
                  2000c394    00000010     main.obj (.const:$P$T5$6)
                  2000c3a4    0000000e     main.obj (.const:.string:$P$T3$4)
                  2000c3b2    00000008     simplelink.a : device.obj (.const:StartResponseLUT)
                  2000c3ba    00000002     --HOLE-- [fill = 0]
                  2000c3bc    00000008                  : driver.obj (.const:g_H2NCnysPattern)
                  2000c3c4    00000008                  : driver.obj (.const:g_H2NSyncPattern)
                  2000c3cc    00000004                  : device.obj (.const:_SlDeviceGetCmdCtrl)
                  2000c3d0    00000004                  : netapp.obj (.const:_SlNetAppSendTokenValueCmdCtrl)
                  2000c3d4    00000004                  : netcfg.obj (.const:_SlNetCfgGetCmdCtrl)
                  2000c3d8    00000004                  : netcfg.obj (.const:_SlNetCfgSetCmdCtrl)
                  2000c3dc    00000004                  : wlan.obj (.const:_SlPolicySetCmdCtrl)
                  2000c3e0    00000004                  : wlan.obj (.const:_SlProfileDelCmdCtrl)
                  2000c3e4    00000004                  : netapp.obj (.const:_SlRegisterServiceCtrl)
                  2000c3e8    00000004                  : wlan.obj (.const:_SlRxFilterSetCmdCtrl)
                  2000c3ec    00000004                  : device.obj (.const:_SlStopCmdCtrl)
                  2000c3f0    00000004                  : wlan.obj (.const:_SlWlanCfgGetCmdCtrl)
                  2000c3f4    00000004                  : wlan.obj (.const:_SlWlanCfgSetCmdCtrl)
                  2000c3f8    00000004                  : wlan.obj (.const:_SlWlanSetModeCmdCtrl)
                  2000c3fc    00000004     driverlib.a : hwspinlock.obj (.const)

.cinit     0    2000c400    00000058     
                  2000c400    0000002d     (.cinit..data.load) [load image, compression = lzss]
                  2000c42d    00000003     --HOLE-- [fill = 0]
                  2000c430    0000000c     (__TI_handler_table)
                  2000c43c    00000004     --HOLE-- [fill = 0]
                  2000c440    00000008     (.cinit..bss.load) [load image, compression = zero_init]
                  2000c448    00000010     (__TI_cinit_table)

.sysmem    0    20017000    00000800     UNINITIALIZED
                  20017000    00000008     rtsv7M4_T_le_eabi.lib : memory.obj (.sysmem)
                  20017008    000007f8     --HOLE--

.bss       0    20017800    000001cc     UNINITIALIZED
                  20017800    00000168     simplelink.a : driver.obj (.bss:g_StatMem)
                  20017968    00000050     (.common:g_ucDinDout)
                  200179b8    00000004     uart_if.obj (.bss)
                  200179bc    00000004     (.common:ms)
                  200179c0    00000004     (.common:x)
                  200179c4    00000004     (.common:y)
                  200179c8    00000001     (.common:RxIrqCnt)
                  200179c9    00000001     (.common:TXP)
                  200179ca    00000001     (.common:g_bDeviceRestartIsRequired)
                  200179cb    00000001     (.common:g_cDummy)

.data      0    200179cc    00000098     UNINITIALIZED
                  200179cc    0000003c     simplelink.a : nonos.obj (.data:g__SlNonOsCB)
                  20017a08    00000018     main.obj (.data)
                  20017a20    0000000d     simplelink.a : driver.obj (.data)
                  20017a2d    00000003     --HOLE--
                  20017a30    0000000c     rtsv7M4_T_le_eabi.lib : exit.obj (.data:$O1$$)
                  20017a3c    0000000c                           : memory.obj (.data:$O1$$)
                  20017a48    00000009     simplelink.a : cc_pal.obj (.data)
                  20017a51    00000003     --HOLE--
                  20017a54    00000008     rtsv7M4_T_le_eabi.lib : _lock.obj (.data:$O1$$)
                  20017a5c    00000004                           : errno.obj (.data)
                  20017a60    00000004                           : stkdepth_vars.obj (.data)

.stack     0    2002f800    00000800     UNINITIALIZED
                  2002f800    00000800     --HOLE--

MODULE SUMMARY

       Module                     code    ro data   rw data
       ------                     ----    -------   -------
    .\
       main.obj                   3212    161       37     
       startup_ccs.obj            14      1024      0      
       uart_if.obj                640     0         4      
       timer_if.obj               408     0         0      
       utils_if.obj               212     0         0      
       pinmux.obj                 28      0         0      
    +--+--------------------------+-------+---------+---------+
       Total:                     4514    1185      41     
                                                           
    C:/ti/CC3200SDK_1.3.0/cc3200-sdk/driverlib/ccs/Release/driverlib.a
       prcm.obj                   1080    168       0      
       interrupt.obj              608     340       0      
       spi.obj                    860     60        0      
       timer.obj                  606     0         0      
       udma.obj                   604     0         0      
       pin.obj                    226     256       0      
       uart.obj                   284     0         0      
       hwspinlock.obj             188     4         0      
       cpu.obj                    20      0         0      
       utils.obj                  6       0         0      
    +--+--------------------------+-------+---------+---------+
       Total:                     4482    828       0      
                                                           
    C:/ti/CC3200SDK_1.3.0/cc3200-sdk/simplelink/ccs/NON_OS/simplelink.a
       driver.obj                 6824    184       375    
       cc_pal.obj                 1820    0         90     
       netapp.obj                 1248    8         0      
       device.obj                 1078    16        0      
       wlan.obj                   880     24        0      
       nonos.obj                  416     20        60     
       netcfg.obj                 368     8         0      
       socket.obj                 312     0         0      
    +--+--------------------------+-------+---------+---------+
       Total:                     12946   260       525    
                                                           
    C:\ti\ccsv7\tools\compiler\ti-cgt-arm_16.9.4.LTS\lib\rtsv7M4_T_le_eabi.lib
       _printfi.obj               4386    0         0      
       memory.obj                 976     0         12     
       ull_div_t2.obj             500     0         0      
       fd_add_t2.obj              438     0         0      
       fd_div_t2.obj              310     0         0      
       fd_cmp_t2.obj              268     0         0      
       ctype.obj                  0       257       0      
       fd_mul_t2.obj              252     0         0      
       s_scalbn.obj               208     0         0      
       memcpy_t2.obj              156     0         0      
       fs_div_t2.obj              146     0         0      
       vsnprintf.obj              136     0         0      
       fs_mul_t2.obj              122     0         0      
       memset_t2.obj              122     0         0      
       autoinit.obj               112     0         0      
       fd_tos_t2.obj              110     0         0      
       copy_decompress_lzss.obj   104     0         0      
       exit.obj                   84      0         12     
       s_frexp.obj                92      0         0      
       ltoa.obj                   84      0         0      
       fs_toull_t2.obj            80      0         0      
       atoi.obj                   76      0         0      
       cpy_tbl.obj                76      0         0      
       fd_toi_t2.obj              72      0         0      
       boot.obj                   64      0         0      
       fs_tod_t2.obj              56      0         0      
       i_tofd_t2.obj              46      0         0      
       memmov.obj                 36      0         0      
       u_tofd_t2.obj              32      0         0      
       _lock.obj                  20      0         8      
       memccpy.obj                28      0         0      
       args_main.obj              24      0         0      
       strchr.obj                 22      0         0      
       strlen.obj                 20      0         0      
       copy_decompress_none.obj   14      0         0      
       copy_zero_init.obj         12      0         0      
       s_copysign.obj             8       0         0      
       errno.obj                  0       0         4      
       pre_init.obj               4       0         0      
       stkdepth_vars.obj          0       0         4      
       mpu_init.obj               2       0         0      
       startup.obj                2       0         0      
    +--+--------------------------+-------+---------+---------+
       Total:                     9300    257       40     
                                                           
       Heap:                      0       0         2048   
       Stack:                     0       0         2048   
       Linker Generated:          0       81        0      
    +--+--------------------------+-------+---------+---------+
       Grand Total:               31242   2611      4702   


LINKER GENERATED COPY TABLES

__TI_cinit_table @ 2000c448 records: 2, size/record: 8, table size: 16
	.data: load addr=2000c400, load size=0000002d bytes, run addr=200179cc, run size=00000098 bytes, compression=lzss
	.bss: load addr=2000c440, load size=00000008 bytes, run addr=20017800, run size=000001cc bytes, compression=zero_init


LINKER GENERATED HANDLER TABLE

__TI_handler_table @ 2000c430 records: 3, size/record: 4, table size: 12
	index: 0, handler: __TI_decompress_lzss
	index: 1, handler: __TI_decompress_none
	index: 2, handler: __TI_zero_init


GLOBAL SYMBOLS: SORTED ALPHABETICALLY BY Name 

address   name                                  
-------   ----                                  
2000adcd  C$$EXIT                               
2000bd29  CPUcpsie                              
20006b51  ClearTerm                             
2000b855  DmaSpiSwIntHandler                    
20005f71  EnterHIBernate                        
20006b5b  Error                                 
20006b93  GetCmd                                
2000af15  HwSpinLockRelease                     
2000a5a9  HwSpinLockTryAcquire                  
20006b11  InitTerm                              
2000940d  IntDisable                            
200094b5  IntEnable                             
2000bdfd  IntMasterEnable                       
2000ac21  IntPendClear                          
2000acd1  IntPrioritySet                        
2000b929  IntRegister                           
2000b879  IntUnregister                         
2000bd3d  IntVTableBaseSet                      
20006b2f  Message                               
2000bdd9  NwpMaskInterrupt                      
2000b509  NwpPowerOff                           
2000b6b1  NwpPowerOn                            
2000b949  NwpPrePowerOffTimout0                 
2000b3d9  NwpRegisterInterruptHandler           
2000bde5  NwpUnMaskInterrupt                    
2000c218  OpcodeTranslateTable                  
20007bd1  PRCMCC3200MCUInit                     
2000bcd1  PRCMHIBRegRead                        
2000bce7  PRCMHIBRegWrite                       
2000bd51  PRCMHibernateEnter                    
20009ea9  PRCMHibernateIntervalSet              
2000b129  PRCMHibernateWakeupSourceEnable       
2000b7b5  PRCMPeripheralClkDisable              
2000b455  PRCMPeripheralClkEnable               
200099a1  PRCMPeripheralClockGet                
2000ac79  PRCMPeripheralReset                   
2000b5e9  PRCMPeripheralStatusGet               
2000b6dd  PRCMSysResetCauseGet                  
20009f31  PinConfigSet                          
2000b359  PinModeSet                            
2000baf1  PinMuxConfig                          
2000bb45  PinTypeUART                           
20006cd1  Report                                
2000bdcb  ResetISR                              
200179c8  RxIrqCnt                              
UNDEFED   SHT$$INIT_ARRAY$$Base                 
UNDEFED   SHT$$INIT_ARRAY$$Limit                
2000bbe1  SPICSDisable                          
2000bbf9  SPICSEnable                           
20009601  SPIConfigSetExpClk                    
2000b969  SPIDataGet                            
2000b9e9  SPIDataPut                            
2000bc11  SPIDisable                            
2000bb5f  SPIDmaDisable                         
2000bb79  SPIDmaEnable                          
2000bc29  SPIEnable                             
2000bb93  SPIFIFODisable                        
2000bbad  SPIFIFOEnable                         
2000b61d  SPIFIFOLevelSet                       
2000b171  SPIIntClear                           
2000af61  SPIIntEnable                          
2000bbc7  SPIIntUnregister                      
2000b8e5  SPIReset                              
2000b907  SPIWordCountSet                       
20005709  SimpleLinkGeneralEventHandler         
200056f7  SimpleLinkHttpServerCallback          
200055cd  SimpleLinkNetAppEventHandler          
20005775  SimpleLinkPingReport                  
20005729  SimpleLinkSockEventHandler            
2000553d  SimpleLinkWlanEventHandler            
200179c9  TXP                                   
2000b28d  TimerConfigure                        
2000b5b1  TimerControlStall                     
2000ba07  TimerDisable                          
2000ba25  TimerEnable                           
2000b989  TimerGetCurrentTimestamp              
2000bd8d  TimerIntClear                         
2000bc41  TimerIntDisable                       
2000bc59  TimerIntEnable                        
2000a619  TimerIntRegister                      
2000ba43  TimerIntStatus                        
2000a841  TimerIntUnregister                    
2000b761  TimerLoadSet                          
2000b78b  TimerPrescaleSet                      
2000ba9d  TimerValueGet                         
200079ef  Timer_IF_DeInit                       
20007a21  Timer_IF_GetCount                     
20007929  Timer_IF_Init                         
2000795b  Timer_IF_IntSetup                     
200079a7  Timer_IF_InterruptClear               
20007a09  Timer_IF_ReLoad                       
200079bf  Timer_IF_Start                        
200079df  Timer_IF_Stop                         
20006c39  TrimSpace                             
2000bab9  UARTCharGetNonBlocking                
2000ba61  UARTCharPut                           
2000bc71  UARTCharsAvail                        
2000a4bd  UARTConfigSetExpClk                   
2000b651  UARTDisable                           
2000b89d  UARTEnable                            
2000be0f  UtilsDelay                            
20008dd1  Utils_SpiFlashDeepPowerDown           
20008e7d  Utils_TriggerHibCycle                 
20005e2d  WlanAPMode                            
2000c254  _SlActionLookupTable                  
2000955d  _SlDriverHandleError                  
2000b1b9  _SlDrvBasicCmd                        
2000929d  _SlDrvCmdOp                           
2000a769  _SlDrvCmdSend                         
2000973d  _SlDrvDeviceEventHandler              
2000bd9f  _SlDrvDispatchHttpServerEvents        
2000827d  _SlDrvDriverCBDeinit                  
20007559  _SlDrvDriverCBInit                    
2000b7dd  _SlDrvGlobalObjUnLock                 
20009d91  _SlDrvIsTimeoutExpired                
2000bcfd  _SlDrvMemZero                         
20008a51  _SlDrvMsgReadSpawnCtx                 
200083ad  _SlDrvNetAppEventHandler              
2000aff9  _SlDrvProtectAsyncRespSetting         
2000b735  _SlDrvProtectionObjLockWaitForever    
2000b805  _SlDrvProtectionObjUnLock             
200071d1  _SlDrvReleasePoolObj                  
2000bdaf  _SlDrvResetCmdExt                     
2000ad25  _SlDrvRxIrqHandler                    
2000bad5  _SlDrvStartMeasureTimeout             
2000b9a9  _SlDrvSyncObjSignal                   
2000b82d  _SlDrvSyncObjWaitForever              
2000b2d1  _SlDrvSyncObjWaitTimeout              
20007a41  _SlDrvWaitForPoolObj                  
2000c3d0  _SlNetAppSendTokenValueCmdCtrl        
2000a535  _SlNonOsMainLoopTask                  
2000935d  _SlNonOsSemGet                        
2000bc89  _SlNonOsSemSet                        
2000a911  _SlNonOsSpawn                         
20030000  __STACK_END                           
00000800  __STACK_SIZE                          
00000800  __SYSMEM_SIZE                         
2000c448  __TI_CINIT_Base                       
2000c458  __TI_CINIT_Limit                      
2000c430  __TI_Handler_Table_Base               
2000c43c  __TI_Handler_Table_Limit              
2000a689  __TI_auto_init                        
20017a30  __TI_cleanup_ptr                      
2000a8a9  __TI_decompress_lzss                  
2000bdbd  __TI_decompress_none                  
20017a34  __TI_dtors_ptr                        
20017a38  __TI_enable_exit_profile_output       
ffffffff  __TI_pprof_out_hndl                   
20004c39  __TI_printfi                          
ffffffff  __TI_prof_data_size                   
ffffffff  __TI_prof_data_start                  
2000c400  __TI_static_base__                    
2000bdf1  __TI_zero_init                        
2000a041  __aeabi_cdcmpeq                       
2000a041  __aeabi_cdcmple                       
2000a0c7  __aeabi_cdrcmple                      
2000a6f9  __aeabi_d2f                           
2000b201  __aeabi_d2iz                          
200073ab  __aeabi_dadd                          
20008145  __aeabi_ddiv                          
200084b1  __aeabi_dmul                          
200073a1  __aeabi_dsub                          
2000b541  __aeabi_f2d                           
2000aec5  __aeabi_f2ulz                         
20009a35  __aeabi_fdiv                          
2000a351  __aeabi_fmul                          
2000b681  __aeabi_i2d                           
2000a3cb  __aeabi_memclr                        
2000a3cb  __aeabi_memclr4                       
2000a3cb  __aeabi_memclr8                       
200096a1  __aeabi_memcpy                        
200096a1  __aeabi_memcpy4                       
200096a1  __aeabi_memcpy8                       
2000a3cd  __aeabi_memset                        
2000a3cd  __aeabi_memset4                       
2000a3cd  __aeabi_memset8                       
2000b9c9  __aeabi_ui2d                          
20006fdd  __aeabi_uldivmod                      
ffffffff  __binit__                             
ffffffff  __c_args__                            
20007557  __mpu_init                            
2002f800  __stack                               
2000bcb9  _args_main                            
2000b399  _c_int00                              
2000be18  _ctypes_                              
20017a54  _lock                                 
2000bd73  _nop                                  
2000bd6b  _register_lock                        
2000bd65  _register_unlock                      
2000a975  _sl_HandleAsync_Accept                
2000a1d1  _sl_HandleAsync_Connect               
20009ac9  _sl_HandleAsync_DnsGetHostByName      
20008f75  _sl_HandleAsync_DnsGetHostByService   
20009e1d  _sl_HandleAsync_InitComplete          
20009b59  _sl_HandleAsync_PingResponse          
2000ad79  _sl_HandleAsync_Select                
2000ae75  _sl_HandleAsync_Stop                  
2000a7d5  _sl_NetAppSendTokenValue              
20017000  _sys_memory                           
2000827b  _system_post_cinit                    
2000be15  _system_pre_init                      
20017a58  _unlock                               
2000add1  abort                                 
2000b045  atoi                                  
ffffffff  binit                                 
20006ae1  calloc                                
2000b091  copy_in                               
2000be07  copysign                              
2000be07  copysignl                             
20017a5c  errno                                 
2000add9  exit                                  
2000682b  free                                  
2000abc5  frexp                                 
2000abc5  frexpl                                
20017a20  g_SlDeviceStatus                      
20017a48  g_SpiFd                               
200179cc  g__SlNonOsCB                          
200179ca  g_bDeviceRestartIsRequired            
200179cb  g_cDummy                              
20017a24  g_pCB                                 
20017a4c  g_pHostIntHdl                         
20004000  g_pfnVectors                          
20017a50  g_ucDMAEnabled                        
20017968  g_ucDinDout                           
20017a14  g_uiGatewayIP                         
20017a18  g_ulIpAddr                            
20017a10  g_ulPingPacketsRecv                   
20017a0c  g_ulStaIp                             
20017a08  g_ulStatus                            
20008ea5  ldexp                                 
20008ea5  ldexpl                                
2000ae21  ltoa                                  
20005f9d  main                                  
20017a60  main_func_sp                          
200067c1  malloc                                
200069f5  memalign                              
2000bb0d  memccpy                               
200096a1  memcpy                                
2000b8c1  memmove                               
2000a3d3  memset                                
20006741  minit                                 
200179bc  ms                                    
20017a28  pPingCallBackFunc                     
200068ed  realloc                               
20008ea5  scalbn                                
20008ea5  scalbnl                               
2000b491  simplelink_timerA2_start              
20009041  sl_DevGet                             
20008b39  sl_NetAppMDNSRegisterUnregisterService
2000a9d9  sl_NetAppMDNSUnRegisterService        
20008cf9  sl_NetCfgGet                          
200097d9  sl_NetCfgSet                          
2000887d  sl_Start                              
200085ad  sl_Stop                               
2000b579  sl_WlanDisconnect                     
2000910d  sl_WlanGet                            
20009be9  sl_WlanPolicySet                      
2000ab05  sl_WlanProfileDel                     
2000a14d  sl_WlanRxFilterSet                    
20009871  sl_WlanSet                            
2000ab65  sl_WlanSetMode                        
2000a445  spi_Close                             
20007eb9  spi_Open                              
2000869d  spi_Read                              
20009909  spi_Write                             
2000bd13  strchr                                
2000bd79  strlen                                
20017a1c  taf                                   
20005f0b  tdif                                  
2000b0dd  uDMAChannelAssign                     
2000aa3d  uDMAChannelAttributeDisable           
2000aaa1  uDMAChannelAttributeEnable            
2000b4cd  uDMAChannelControlSet                 
2000bb29  uDMAChannelEnable                     
2000878d  uDMAChannelTransferSet                
20009fb9  vsnprintf                             
200179c0  x                                     
200179c4  y                                     


GLOBAL SYMBOLS: SORTED BY Symbol Address 

address   name                                  
-------   ----                                  
00000800  __STACK_SIZE                          
00000800  __SYSMEM_SIZE                         
20004000  g_pfnVectors                          
20004c39  __TI_printfi                          
2000553d  SimpleLinkWlanEventHandler            
200055cd  SimpleLinkNetAppEventHandler          
200056f7  SimpleLinkHttpServerCallback          
20005709  SimpleLinkGeneralEventHandler         
20005729  SimpleLinkSockEventHandler            
20005775  SimpleLinkPingReport                  
20005e2d  WlanAPMode                            
20005f0b  tdif                                  
20005f71  EnterHIBernate                        
20005f9d  main                                  
20006741  minit                                 
200067c1  malloc                                
2000682b  free                                  
200068ed  realloc                               
200069f5  memalign                              
20006ae1  calloc                                
20006b11  InitTerm                              
20006b2f  Message                               
20006b51  ClearTerm                             
20006b5b  Error                                 
20006b93  GetCmd                                
20006c39  TrimSpace                             
20006cd1  Report                                
20006fdd  __aeabi_uldivmod                      
200071d1  _SlDrvReleasePoolObj                  
200073a1  __aeabi_dsub                          
200073ab  __aeabi_dadd                          
20007557  __mpu_init                            
20007559  _SlDrvDriverCBInit                    
20007929  Timer_IF_Init                         
2000795b  Timer_IF_IntSetup                     
200079a7  Timer_IF_InterruptClear               
200079bf  Timer_IF_Start                        
200079df  Timer_IF_Stop                         
200079ef  Timer_IF_DeInit                       
20007a09  Timer_IF_ReLoad                       
20007a21  Timer_IF_GetCount                     
20007a41  _SlDrvWaitForPoolObj                  
20007bd1  PRCMCC3200MCUInit                     
20007eb9  spi_Open                              
20008145  __aeabi_ddiv                          
2000827b  _system_post_cinit                    
2000827d  _SlDrvDriverCBDeinit                  
200083ad  _SlDrvNetAppEventHandler              
200084b1  __aeabi_dmul                          
200085ad  sl_Stop                               
2000869d  spi_Read                              
2000878d  uDMAChannelTransferSet                
2000887d  sl_Start                              
20008a51  _SlDrvMsgReadSpawnCtx                 
20008b39  sl_NetAppMDNSRegisterUnregisterService
20008cf9  sl_NetCfgGet                          
20008dd1  Utils_SpiFlashDeepPowerDown           
20008e7d  Utils_TriggerHibCycle                 
20008ea5  ldexp                                 
20008ea5  ldexpl                                
20008ea5  scalbn                                
20008ea5  scalbnl                               
20008f75  _sl_HandleAsync_DnsGetHostByService   
20009041  sl_DevGet                             
2000910d  sl_WlanGet                            
2000929d  _SlDrvCmdOp                           
2000935d  _SlNonOsSemGet                        
2000940d  IntDisable                            
200094b5  IntEnable                             
2000955d  _SlDriverHandleError                  
20009601  SPIConfigSetExpClk                    
200096a1  __aeabi_memcpy                        
200096a1  __aeabi_memcpy4                       
200096a1  __aeabi_memcpy8                       
200096a1  memcpy                                
2000973d  _SlDrvDeviceEventHandler              
200097d9  sl_NetCfgSet                          
20009871  sl_WlanSet                            
20009909  spi_Write                             
200099a1  PRCMPeripheralClockGet                
20009a35  __aeabi_fdiv                          
20009ac9  _sl_HandleAsync_DnsGetHostByName      
20009b59  _sl_HandleAsync_PingResponse          
20009be9  sl_WlanPolicySet                      
20009d91  _SlDrvIsTimeoutExpired                
20009e1d  _sl_HandleAsync_InitComplete          
20009ea9  PRCMHibernateIntervalSet              
20009f31  PinConfigSet                          
20009fb9  vsnprintf                             
2000a041  __aeabi_cdcmpeq                       
2000a041  __aeabi_cdcmple                       
2000a0c7  __aeabi_cdrcmple                      
2000a14d  sl_WlanRxFilterSet                    
2000a1d1  _sl_HandleAsync_Connect               
2000a351  __aeabi_fmul                          
2000a3cb  __aeabi_memclr                        
2000a3cb  __aeabi_memclr4                       
2000a3cb  __aeabi_memclr8                       
2000a3cd  __aeabi_memset                        
2000a3cd  __aeabi_memset4                       
2000a3cd  __aeabi_memset8                       
2000a3d3  memset                                
2000a445  spi_Close                             
2000a4bd  UARTConfigSetExpClk                   
2000a535  _SlNonOsMainLoopTask                  
2000a5a9  HwSpinLockTryAcquire                  
2000a619  TimerIntRegister                      
2000a689  __TI_auto_init                        
2000a6f9  __aeabi_d2f                           
2000a769  _SlDrvCmdSend                         
2000a7d5  _sl_NetAppSendTokenValue              
2000a841  TimerIntUnregister                    
2000a8a9  __TI_decompress_lzss                  
2000a911  _SlNonOsSpawn                         
2000a975  _sl_HandleAsync_Accept                
2000a9d9  sl_NetAppMDNSUnRegisterService        
2000aa3d  uDMAChannelAttributeDisable           
2000aaa1  uDMAChannelAttributeEnable            
2000ab05  sl_WlanProfileDel                     
2000ab65  sl_WlanSetMode                        
2000abc5  frexp                                 
2000abc5  frexpl                                
2000ac21  IntPendClear                          
2000ac79  PRCMPeripheralReset                   
2000acd1  IntPrioritySet                        
2000ad25  _SlDrvRxIrqHandler                    
2000ad79  _sl_HandleAsync_Select                
2000adcd  C$$EXIT                               
2000add1  abort                                 
2000add9  exit                                  
2000ae21  ltoa                                  
2000ae75  _sl_HandleAsync_Stop                  
2000aec5  __aeabi_f2ulz                         
2000af15  HwSpinLockRelease                     
2000af61  SPIIntEnable                          
2000aff9  _SlDrvProtectAsyncRespSetting         
2000b045  atoi                                  
2000b091  copy_in                               
2000b0dd  uDMAChannelAssign                     
2000b129  PRCMHibernateWakeupSourceEnable       
2000b171  SPIIntClear                           
2000b1b9  _SlDrvBasicCmd                        
2000b201  __aeabi_d2iz                          
2000b28d  TimerConfigure                        
2000b2d1  _SlDrvSyncObjWaitTimeout              
2000b359  PinModeSet                            
2000b399  _c_int00                              
2000b3d9  NwpRegisterInterruptHandler           
2000b455  PRCMPeripheralClkEnable               
2000b491  simplelink_timerA2_start              
2000b4cd  uDMAChannelControlSet                 
2000b509  NwpPowerOff                           
2000b541  __aeabi_f2d                           
2000b579  sl_WlanDisconnect                     
2000b5b1  TimerControlStall                     
2000b5e9  PRCMPeripheralStatusGet               
2000b61d  SPIFIFOLevelSet                       
2000b651  UARTDisable                           
2000b681  __aeabi_i2d                           
2000b6b1  NwpPowerOn                            
2000b6dd  PRCMSysResetCauseGet                  
2000b735  _SlDrvProtectionObjLockWaitForever    
2000b761  TimerLoadSet                          
2000b78b  TimerPrescaleSet                      
2000b7b5  PRCMPeripheralClkDisable              
2000b7dd  _SlDrvGlobalObjUnLock                 
2000b805  _SlDrvProtectionObjUnLock             
2000b82d  _SlDrvSyncObjWaitForever              
2000b855  DmaSpiSwIntHandler                    
2000b879  IntUnregister                         
2000b89d  UARTEnable                            
2000b8c1  memmove                               
2000b8e5  SPIReset                              
2000b907  SPIWordCountSet                       
2000b929  IntRegister                           
2000b949  NwpPrePowerOffTimout0                 
2000b969  SPIDataGet                            
2000b989  TimerGetCurrentTimestamp              
2000b9a9  _SlDrvSyncObjSignal                   
2000b9c9  __aeabi_ui2d                          
2000b9e9  SPIDataPut                            
2000ba07  TimerDisable                          
2000ba25  TimerEnable                           
2000ba43  TimerIntStatus                        
2000ba61  UARTCharPut                           
2000ba9d  TimerValueGet                         
2000bab9  UARTCharGetNonBlocking                
2000bad5  _SlDrvStartMeasureTimeout             
2000baf1  PinMuxConfig                          
2000bb0d  memccpy                               
2000bb29  uDMAChannelEnable                     
2000bb45  PinTypeUART                           
2000bb5f  SPIDmaDisable                         
2000bb79  SPIDmaEnable                          
2000bb93  SPIFIFODisable                        
2000bbad  SPIFIFOEnable                         
2000bbc7  SPIIntUnregister                      
2000bbe1  SPICSDisable                          
2000bbf9  SPICSEnable                           
2000bc11  SPIDisable                            
2000bc29  SPIEnable                             
2000bc41  TimerIntDisable                       
2000bc59  TimerIntEnable                        
2000bc71  UARTCharsAvail                        
2000bc89  _SlNonOsSemSet                        
2000bcb9  _args_main                            
2000bcd1  PRCMHIBRegRead                        
2000bce7  PRCMHIBRegWrite                       
2000bcfd  _SlDrvMemZero                         
2000bd13  strchr                                
2000bd29  CPUcpsie                              
2000bd3d  IntVTableBaseSet                      
2000bd51  PRCMHibernateEnter                    
2000bd65  _register_unlock                      
2000bd6b  _register_lock                        
2000bd73  _nop                                  
2000bd79  strlen                                
2000bd8d  TimerIntClear                         
2000bd9f  _SlDrvDispatchHttpServerEvents        
2000bdaf  _SlDrvResetCmdExt                     
2000bdbd  __TI_decompress_none                  
2000bdcb  ResetISR                              
2000bdd9  NwpMaskInterrupt                      
2000bde5  NwpUnMaskInterrupt                    
2000bdf1  __TI_zero_init                        
2000bdfd  IntMasterEnable                       
2000be07  copysign                              
2000be07  copysignl                             
2000be0f  UtilsDelay                            
2000be15  _system_pre_init                      
2000be18  _ctypes_                              
2000c218  OpcodeTranslateTable                  
2000c254  _SlActionLookupTable                  
2000c3d0  _SlNetAppSendTokenValueCmdCtrl        
2000c400  __TI_static_base__                    
2000c430  __TI_Handler_Table_Base               
2000c43c  __TI_Handler_Table_Limit              
2000c448  __TI_CINIT_Base                       
2000c458  __TI_CINIT_Limit                      
20017000  _sys_memory                           
20017968  g_ucDinDout                           
200179bc  ms                                    
200179c0  x                                     
200179c4  y                                     
200179c8  RxIrqCnt                              
200179c9  TXP                                   
200179ca  g_bDeviceRestartIsRequired            
200179cb  g_cDummy                              
200179cc  g__SlNonOsCB                          
20017a08  g_ulStatus                            
20017a0c  g_ulStaIp                             
20017a10  g_ulPingPacketsRecv                   
20017a14  g_uiGatewayIP                         
20017a18  g_ulIpAddr                            
20017a1c  taf                                   
20017a20  g_SlDeviceStatus                      
20017a24  g_pCB                                 
20017a28  pPingCallBackFunc                     
20017a30  __TI_cleanup_ptr                      
20017a34  __TI_dtors_ptr                        
20017a38  __TI_enable_exit_profile_output       
20017a48  g_SpiFd                               
20017a4c  g_pHostIntHdl                         
20017a50  g_ucDMAEnabled                        
20017a54  _lock                                 
20017a58  _unlock                               
20017a5c  errno                                 
20017a60  main_func_sp                          
2002f800  __stack                               
20030000  __STACK_END                           
ffffffff  __TI_pprof_out_hndl                   
ffffffff  __TI_prof_data_size                   
ffffffff  __TI_prof_data_start                  
ffffffff  __binit__                             
ffffffff  __c_args__                            
ffffffff  binit                                 
UNDEFED   SHT$$INIT_ARRAY$$Base                 
UNDEFED   SHT$$INIT_ARRAY$$Limit                

[278 symbols]
